
[1m[46m RUN [49m[22m [36mv4.0.18 [39m[90mC:/Users/Shubham/OneDrive/Desktop/openclaw[39m

node.exe : [90mstderr[2m | 
src/agents/sandbox-agent-config.agent-specific-sandbox-config.should-use-agent-specific-workspaceroot.test.ts[2m > 
[22m[2mAgent-specific sandbox config[2m > [22m[2mshould prefer agent config over global for multiple agents
At C:\Users\Shubham\AppData\Roaming\npm\pnpm.ps1:24 char:5
+     & "node$exe"  "$basedir/node_modules/pnpm/bin/pnpm.cjs" $args
+     ~~~~~~~~~~~~~~~~~~~~~~~~~~~~~~~~~~~~~~~~~~~~~~~~~~~~~~~~~~~~~
    + CategoryInfo          : NotSpecified: ([90mstderr[2m...multiple agents:String) [], RemoteException
    + FullyQualifiedErrorId : NativeCommandError
 
[22m[39m[skills] Failed to copy skill-creator to sandbox: ENOENT: no such file or directory, copyfile 
'C:\Users\Shubham\OneDrive\Desktop\openclaw\skills\skill-creator\scripts\init_skill.py' -> 
'C:\Users\Shubham\.openclaw\sandboxes\agent-family-a1d3b129\skills\skill-creator\scripts\init_skill.py'

 [32m✓[39m src/agents/sandbox-agent-config.agent-specific-sandbox-config.should-use-global-sandbox-config-no-agent.test.ts [2m([22m[2m3 tests[22m[2m)[22m[33m 10935[2mms[22m[39m
     [33m[2m✓[22m[39m should use global sandbox config when no agent-specific config exists [33m 8130[2mms[22m[39m
     [33m[2m✓[22m[39m should allow agent-specific docker setupCommand overrides [33m 1467[2mms[22m[39m
     [33m[2m✓[22m[39m should ignore agent-specific docker overrides when scope is shared [33m 1318[2mms[22m[39m
 [32m✓[39m src/agents/sandbox-agent-config.agent-specific-sandbox-config.should-use-agent-specific-workspaceroot.test.ts [2m([22m[2m3 tests[22m[2m)[22m[33m 10925[2mms[22m[39m
     [33m[2m✓[22m[39m should use agent-specific workspaceRoot [33m 8134[2mms[22m[39m
     [33m[2m✓[22m[39m should prefer agent config over global for multiple agents [33m 1407[2mms[22m[39m
     [33m[2m✓[22m[39m should prefer agent-specific sandbox tool policy [33m 1376[2mms[22m[39m
 [32m✓[39m src/agents/sandbox-skills.test.ts [2m([22m[2m2 tests[22m[2m)[22m[33m 11246[2mms[22m[39m
     [33m[2m✓[22m[39m copies skills into the sandbox when workspaceAccess is ro [33m 9341[2mms[22m[39m
     [33m[2m✓[22m[39m copies skills into the sandbox when workspaceAccess is none [33m 1900[2mms[22m[39m
 [32m✓[39m src/agents/sandbox-agent-config.agent-specific-sandbox-config.should-allow-agent-specific-docker-settings-beyond.test.ts [2m([22m[2m4 tests[22m[2m)[22m[33m 11460[2mms[22m[39m
     [33m[2m✓[22m[39m should allow agent-specific docker settings beyond setupCommand [33m 8100[2mms[22m[39m
     [33m[2m✓[22m[39m should override with agent-specific sandbox mode 'off' [33m 684[2mms[22m[39m
     [33m[2m✓[22m[39m should use agent-specific sandbox mode 'all' [33m 1374[2mms[22m[39m
     [33m[2m✓[22m[39m should use agent-specific scope [33m 1294[2mms[22m[39m
(node:95276) [DEP0040] DeprecationWarning: The `punycode` module is deprecated. Please use a userland alternative 
instead.
(Use `node --trace-deprecation ...` to show where the warning was created)
(node:95276) [DEP0040] DeprecationWarning: The `punycode` module is deprecated. Please use a userland alternative 
instead.
(Use `node --trace-deprecation ...` to show where the warning was created)
(node:95276) [DEP0040] DeprecationWarning: The `punycode` module is deprecated. Please use a userland alternative 
instead.
(Use `node --trace-deprecation ...` to show where the warning was created)
(node:95276) [DEP0040] DeprecationWarning: The `punycode` module is deprecated. Please use a userland alternative 
instead.
(Use `node --trace-deprecation ...` to show where the warning was created)
(node:95276) [DEP0040] DeprecationWarning: The `punycode` module is deprecated. Please use a userland alternative 
instead.
(Use `node --trace-deprecation ...` to show where the warning was created)
(node:95276) [DEP0040] DeprecationWarning: The `punycode` module is deprecated. Please use a userland alternative 
instead.
(Use `node --trace-deprecation ...` to show where the warning was created)
[90mstderr[2m | src/agents/pi-embedded-runner.test.ts[2m > [22m[2mrunEmbeddedPiAgent[2m > [22m[2mpersists the 
user message when prompt fails before assistant output
[22m[39m[agent/embedded] low context window: openai/mock-error ctx=16000 (warn<32000) source=modelsConfig

[90mstderr[2m | src/agents/pi-embedded-runner.test.ts[2m > [22m[2mrunEmbeddedPiAgent[2m > [22m[2mappends new 
user + assistant after existing transcript entries
[22m[39m[agent/embedded] low context window: openai/mock-1 ctx=16000 (warn<32000) source=modelsConfig

[90mstderr[2m | src/agents/pi-embedded-runner.test.ts[2m > [22m[2mrunEmbeddedPiAgent[2m > [22m[2mpersists 
multi-turn user/assistant ordering across runs
[22m[39m[agent/embedded] low context window: openai/mock-1 ctx=16000 (warn<32000) source=modelsConfig

[90mstderr[2m | src/agents/pi-embedded-runner.test.ts[2m > [22m[2mrunEmbeddedPiAgent[2m > [22m[2mrepairs 
orphaned user messages and continues
[22m[39m[agent/embedded] low context window: openai/mock-1 ctx=16000 (warn<32000) source=modelsConfig

[90mstderr[2m | src/agents/pi-embedded-runner.test.ts[2m > [22m[2mrunEmbeddedPiAgent[2m > [22m[2mrepairs 
orphaned single-user sessions and continues
[22m[39m[agent/embedded] low context window: openai/mock-1 ctx=16000 (warn<32000) source=modelsConfig

 [31m❯[39m src/agents/pi-embedded-runner.test.ts [2m([22m[2m7 tests[22m[2m | [22m[31m5 failed[39m[2m | [22m[33m1 skipped[39m[2m)[22m[33m 16961[2mms[22m[39m
     [32m✓[39m writes models.json into the provided agentDir[32m 105[2mms[22m[39m
     [2m[90m↓[39m[22m persists the first user message before assistant output
[31m     [31m×[31m persists the user message when prompt fails before assistant output[39m[32m 170[2mms[22m[39m
[31m     [31m×[31m appends new user + assistant after existing transcript entries[39m[32m 76[2mms[22m[39m
[31m     [31m×[31m persists multi-turn user/assistant ordering across runs[39m[32m 62[2mms[22m[39m
[31m     [31m×[31m repairs orphaned user messages and continues[39m[32m 57[2mms[22m[39m
[31m     [31m×[31m repairs orphaned single-user sessions and continues[39m[32m 71[2mms[22m[39m
(node:95276) [DEP0040] DeprecationWarning: The `punycode` module is deprecated. Please use a userland alternative 
instead.
(Use `node --trace-deprecation ...` to show where the warning was created)
(node:95276) [DEP0040] DeprecationWarning: The `punycode` module is deprecated. Please use a userland alternative 
instead.
(Use `node --trace-deprecation ...` to show where the warning was created)
[90mstderr[2m | src/agents/pi-embedded-runner.run-embedded-pi-agent.auth-profile-rotation.test.ts[2m > 
[22m[2mrunEmbeddedPiAgent auth profile rotation[2m > [22m[2mrotates for auto-pinned profiles
[22m[39m[agent/embedded] low context window: openai/mock-1 ctx=16000 (warn<32000) source=modelsConfig

[90mstderr[2m | src/agents/pi-embedded-runner.run-embedded-pi-agent.auth-profile-rotation.test.ts[2m > 
[22m[2mrunEmbeddedPiAgent auth profile rotation[2m > [22m[2mrotates for auto-pinned profiles
[22m[39m[diagnostic] lane task error: lane=main durationMs=217 error="TypeError [ERR_WORKER_UNSUPPORTED_OPERATION]: 
process.chdir() is not supported in workers"

[90mstderr[2m | src/agents/pi-embedded-runner.run-embedded-pi-agent.auth-profile-rotation.test.ts[2m > 
[22m[2mrunEmbeddedPiAgent auth profile rotation[2m > [22m[2mrotates for auto-pinned profiles
[22m[39m[diagnostic] lane task error: lane=session:agent:test:auto durationMs=229 error="TypeError 
[ERR_WORKER_UNSUPPORTED_OPERATION]: process.chdir() is not supported in workers"

[90mstderr[2m | src/agents/pi-embedded-runner.run-embedded-pi-agent.auth-profile-rotation.test.ts[2m > 
[22m[2mrunEmbeddedPiAgent auth profile rotation[2m > [22m[2mdoes not rotate for user-pinned profiles
[22m[39m[agent/embedded] low context window: openai/mock-1 ctx=16000 (warn<32000) source=modelsConfig

[90mstderr[2m | src/agents/pi-embedded-runner.run-embedded-pi-agent.auth-profile-rotation.test.ts[2m > 
[22m[2mrunEmbeddedPiAgent auth profile rotation[2m > [22m[2mdoes not rotate for user-pinned profiles
[22m[39m[diagnostic] lane task error: lane=main durationMs=159 error="TypeError [ERR_WORKER_UNSUPPORTED_OPERATION]: 
process.chdir() is not supported in workers"

[90mstderr[2m | src/agents/pi-embedded-runner.run-embedded-pi-agent.auth-profile-rotation.test.ts[2m > 
[22m[2mrunEmbeddedPiAgent auth profile rotation[2m > [22m[2mdoes not rotate for user-pinned profiles
[22m[39m[diagnostic] lane task error: lane=session:agent:test:user durationMs=170 error="TypeError 
[ERR_WORKER_UNSUPPORTED_OPERATION]: process.chdir() is not supported in workers"

[90mstderr[2m | src/agents/pi-embedded-runner.run-embedded-pi-agent.auth-profile-rotation.test.ts[2m > 
[22m[2mrunEmbeddedPiAgent auth profile rotation[2m > [22m[2mhonors user-pinned profiles even when in cooldown
[22m[39m[agent/embedded] low context window: openai/mock-1 ctx=16000 (warn<32000) source=modelsConfig

[90mstderr[2m | src/agents/pi-embedded-runner.run-embedded-pi-agent.auth-profile-rotation.test.ts[2m > 
[22m[2mrunEmbeddedPiAgent auth profile rotation[2m > [22m[2mhonors user-pinned profiles even when in cooldown
[22m[39m[diagnostic] lane task error: lane=main durationMs=0 error="TypeError [ERR_WORKER_UNSUPPORTED_OPERATION]: 
process.chdir() is not supported in workers"

[90mstderr[2m | src/agents/pi-embedded-runner.run-embedded-pi-agent.auth-profile-rotation.test.ts[2m > 
[22m[2mrunEmbeddedPiAgent auth profile rotation[2m > [22m[2mhonors user-pinned profiles even when in cooldown
[22m[39m[diagnostic] lane task error: lane=session:agent:test:user-cooldown durationMs=0 error="TypeError 
[ERR_WORKER_UNSUPPORTED_OPERATION]: process.chdir() is not supported in workers"

[90mstderr[2m | src/agents/pi-embedded-runner.run-embedded-pi-agent.auth-profile-rotation.test.ts[2m > 
[22m[2mrunEmbeddedPiAgent auth profile rotation[2m > [22m[2mignores user-locked profile when provider mismatches
[22m[39m[agent/embedded] low context window: openai/mock-1 ctx=16000 (warn<32000) source=modelsConfig

[90mstderr[2m | src/agents/pi-embedded-runner.run-embedded-pi-agent.auth-profile-rotation.test.ts[2m > 
[22m[2mrunEmbeddedPiAgent auth profile rotation[2m > [22m[2mignores user-locked profile when provider mismatches
[22m[39m[diagnostic] lane task error: lane=main durationMs=68 error="TypeError [ERR_WORKER_UNSUPPORTED_OPERATION]: 
process.chdir() is not supported in workers"

[90mstderr[2m | src/agents/pi-embedded-runner.run-embedded-pi-agent.auth-profile-rotation.test.ts[2m > 
[22m[2mrunEmbeddedPiAgent auth profile rotation[2m > [22m[2mignores user-locked profile when provider mismatches
[22m[39m[diagnostic] lane task error: lane=session:agent:test:mismatch durationMs=79 error="TypeError 
[ERR_WORKER_UNSUPPORTED_OPERATION]: process.chdir() is not supported in workers"

[90mstderr[2m | src/agents/pi-embedded-runner.run-embedded-pi-agent.auth-profile-rotation.test.ts[2m > 
[22m[2mrunEmbeddedPiAgent auth profile rotation[2m > [22m[2mskips profiles in cooldown during initial selection
[22m[39m[agent/embedded] low context window: openai/mock-1 ctx=16000 (warn<32000) source=modelsConfig

[90mstderr[2m | src/agents/pi-embedded-runner.run-embedded-pi-agent.auth-profile-rotation.test.ts[2m > 
[22m[2mrunEmbeddedPiAgent auth profile rotation[2m > [22m[2mskips profiles in cooldown during initial selection
[22m[39m[diagnostic] lane task error: lane=main durationMs=0 error="TypeError [ERR_WORKER_UNSUPPORTED_OPERATION]: 
process.chdir() is not supported in workers"

[90mstderr[2m | src/agents/pi-embedded-runner.run-embedded-pi-agent.auth-profile-rotation.test.ts[2m > 
[22m[2mrunEmbeddedPiAgent auth profile rotation[2m > [22m[2mskips profiles in cooldown during initial selection
[22m[39m[diagnostic] lane task error: lane=session:agent:test:skip-cooldown durationMs=0 error="TypeError 
[ERR_WORKER_UNSUPPORTED_OPERATION]: process.chdir() is not supported in workers"

[90mstderr[2m | src/agents/pi-embedded-runner.run-embedded-pi-agent.auth-profile-rotation.test.ts[2m > 
[22m[2mrunEmbeddedPiAgent auth profile rotation[2m > [22m[2mfails over when all profiles are in cooldown and 
fallbacks are configured
[22m[39m[agent/embedded] low context window: openai/mock-1 ctx=16000 (warn<32000) source=modelsConfig

[90mstderr[2m | src/agents/pi-embedded-runner.run-embedded-pi-agent.auth-profile-rotation.test.ts[2m > 
[22m[2mrunEmbeddedPiAgent auth profile rotation[2m > [22m[2mfails over when all profiles are in cooldown and 
fallbacks are configured
[22m[39m[diagnostic] lane task error: lane=main durationMs=0 error="FailoverError: No available auth profile for 
openai (all in cooldown or unavailable)."

[90mstderr[2m | src/agents/pi-embedded-runner.run-embedded-pi-agent.auth-profile-rotation.test.ts[2m > 
[22m[2mrunEmbeddedPiAgent auth profile rotation[2m > [22m[2mfails over when all profiles are in cooldown and 
fallbacks are configured
[22m[39m[diagnostic] lane task error: lane=session:agent:test:cooldown-failover durationMs=0 error="FailoverError: 
No available auth profile for openai (all in cooldown or unavailable)."

[90mstderr[2m | src/agents/pi-embedded-runner.run-embedded-pi-agent.auth-profile-rotation.test.ts[2m > 
[22m[2mrunEmbeddedPiAgent auth profile rotation[2m > [22m[2mfails over when auth is unavailable and fallbacks are 
configured
[22m[39m[agent/embedded] low context window: openai/mock-1 ctx=16000 (warn<32000) source=modelsConfig

[90mstderr[2m | src/agents/pi-embedded-runner.run-embedded-pi-agent.auth-profile-rotation.test.ts[2m > 
[22m[2mrunEmbeddedPiAgent auth profile rotation[2m > [22m[2mfails over when auth is unavailable and fallbacks are 
configured
[22m[39m[diagnostic] lane task error: lane=main durationMs=62 error="FailoverError: No API key found for provider 
"openai". Auth store: C:\Users\Shubham\AppData\Local\Temp\gensparx-agent-X4FKku\auth-profiles.json (agentDir: 
C:\Users\Shubham\AppData\Local\Temp\gensparx-agent-X4FKku). Configure auth for this agent (gensparx agents add <id>) 
or copy auth-profiles.json from the main agentDir."

[90mstderr[2m | src/agents/pi-embedded-runner.run-embedded-pi-agent.auth-profile-rotation.test.ts[2m > 
[22m[2mrunEmbeddedPiAgent auth profile rotation[2m > [22m[2mfails over when auth is unavailable and fallbacks are 
configured
[22m[39m[diagnostic] lane task error: lane=session:agent:test:auth-unavailable durationMs=69 error="FailoverError: 
No API key found for provider "openai". Auth store: 
C:\Users\Shubham\AppData\Local\Temp\gensparx-agent-X4FKku\auth-profiles.json (agentDir: 
C:\Users\Shubham\AppData\Local\Temp\gensparx-agent-X4FKku). Configure auth for this agent (gensparx agents add <id>) 
or copy auth-profiles.json from the main agentDir."

[90mstderr[2m | src/agents/pi-embedded-runner.run-embedded-pi-agent.auth-profile-rotation.test.ts[2m > 
[22m[2mrunEmbeddedPiAgent auth profile rotation[2m > [22m[2mskips profiles in cooldown when rotating after failure
[22m[39m[agent/embedded] low context window: openai/mock-1 ctx=16000 (warn<32000) source=modelsConfig

[90mstderr[2m | src/agents/pi-embedded-runner.run-embedded-pi-agent.auth-profile-rotation.test.ts[2m > 
[22m[2mrunEmbeddedPiAgent auth profile rotation[2m > [22m[2mskips profiles in cooldown when rotating after failure
[22m[39m[diagnostic] lane task error: lane=main durationMs=0 error="TypeError [ERR_WORKER_UNSUPPORTED_OPERATION]: 
process.chdir() is not supported in workers"

[90mstderr[2m | src/agents/pi-embedded-runner.run-embedded-pi-agent.auth-profile-rotation.test.ts[2m > 
[22m[2mrunEmbeddedPiAgent auth profile rotation[2m > [22m[2mskips profiles in cooldown when rotating after failure
[22m[39m[diagnostic] lane task error: lane=session:agent:test:rotate-skip-cooldown durationMs=0 error="TypeError 
[ERR_WORKER_UNSUPPORTED_OPERATION]: process.chdir() is not supported in workers"

 [31m❯[39m src/agents/pi-embedded-runner.run-embedded-pi-agent.auth-profile-rotation.test.ts [2m([22m[2m8 tests[22m[2m | [22m[31m6 failed[39m[2m)[22m[33m 21600[2mms[22m[39m
[31m     [31m×[31m rotates for auto-pinned profiles[39m[33m 323[2mms[22m[39m
[31m     [31m×[31m does not rotate for user-pinned profiles[39m[32m 214[2mms[22m[39m
[31m     [31m×[31m honors user-pinned profiles even when in cooldown[39m[32m 150[2mms[22m[39m
[31m     [31m×[31m ignores user-locked profile when provider mismatches[39m[32m 113[2mms[22m[39m
[31m     [31m×[31m skips profiles in cooldown during initial selection[39m[32m 98[2mms[22m[39m
     [32m✓[39m fails over when all profiles are in cooldown and fallbacks are configured[32m 106[2mms[22m[39m
     [32m✓[39m fails over when auth is unavailable and fallbacks are configured[32m 104[2mms[22m[39m
[31m     [31m×[31m skips profiles in cooldown when rotating after failure[39m[32m 124[2mms[22m[39m
 [32m✓[39m src/plugins/install.test.ts [2m([22m[2m7 tests[22m[2m)[22m[33m 22079[2mms[22m[39m
     [33m[2m✓[22m[39m installs into ~/.gensparx/extensions and uses unscoped id [33m 3613[2mms[22m[39m
     [33m[2m✓[22m[39m rejects installing when plugin already exists [33m 3971[2mms[22m[39m
     [33m[2m✓[22m[39m allows updates when mode is update [33m 5879[2mms[22m[39m
     [33m[2m✓[22m[39m rejects traversal-like plugin names [33m 2287[2mms[22m[39m
     [33m[2m✓[22m[39m rejects reserved plugin ids [33m 2840[2mms[22m[39m
     [33m[2m✓[22m[39m rejects packages without gensparx.extensions [33m 3367[2mms[22m[39m
[90mstdout[2m | src/telegram/bot.media.downloads-media-file-path-no-file-download.test.ts[2m > [22m[2mtelegram inbound media[2m > [22m[2mdownloads media via file_path (no file.download)
[22m[39m[telegram] autoSelectFamily=false (default-node22)

(node:95276) [DEP0040] DeprecationWarning: The `punycode` module is deprecated. Please use a userland alternative 
instead.
(Use `node --trace-deprecation ...` to show where the warning was created)
Usage: program models auth [options] [command]

Manage model auth profiles

Options:
  --agent <id>                    Agent id for auth order get/set/clear
  -h, --help                      display help for command

Commands:
  add                             Interactive auth helper (setup-token or paste
                                  token)
  login [options]                 Run a provider plugin auth flow (OAuth/API
                                  key)
  setup-token [options]           Run a provider CLI to create/sync a token (TTY
                                  required)
  paste-token [options]           Paste a token into auth-profiles.json and
                                  update config
  login-github-copilot [options]  Login to GitHub Copilot via GitHub device flow
                                  (TTY required)
  order                           Manage per-agent auth profile order overrides
 [32m✓[39m src/cli/models-cli.test.ts [2m([22m[2m4 tests[22m[2m)[22m[33m 23443[2mms[22m[39m
     [33m[2m✓[22m[39m registers github-copilot login command [33m 23403[2mms[22m[39m
 [32m✓[39m src/commands/onboard-non-interactive.ai-gateway.test.ts [2m([22m[2m1 test[22m[2m)[22m[33m 23596[2mms[22m[39m
     [33m[2m✓[22m[39m stores the API key and configures the default model [33m 23591[2mms[22m[39m
 [32m✓[39m src/config/config.legacy-config-detection.accepts-imessage-dmpolicy.test.ts [2m([22m[2m23 tests[22m[2m)[22m[33m 7923[2mms[22m[39m
     [33m[2m✓[22m[39m accepts imessage.dmPolicy="open" with allowFrom "*" [33m 323[2mms[22m[39m
     [33m[2m✓[22m[39m defaults imessage.dmPolicy to pairing when imessage section exists [33m 348[2mms[22m[39m
     [33m[2m✓[22m[39m defaults imessage.groupPolicy to allowlist when imessage section exists [33m 334[2mms[22m[39m
     [33m[2m✓[22m[39m defaults discord.groupPolicy to allowlist when discord section exists [33m 331[2mms[22m[39m
     [33m[2m✓[22m[39m defaults slack.groupPolicy to allowlist when slack section exists [33m 323[2mms[22m[39m
     [33m[2m✓[22m[39m defaults msteams.groupPolicy to allowlist when msteams section exists [33m 348[2mms[22m[39m
     [33m[2m✓[22m[39m accepts tools audio transcription without cli [33m 301[2mms[22m[39m
     [33m[2m✓[22m[39m accepts path-like executable values with spaces [33m 346[2mms[22m[39m
     [33m[2m✓[22m[39m rejects discord.dm.policy="open" without allowFrom "*" [33m 355[2mms[22m[39m
     [33m[2m✓[22m[39m rejects slack.dm.policy="open" without allowFrom "*" [33m 351[2mms[22m[39m
     [33m[2m✓[22m[39m rejects legacy agent.model string [33m 319[2mms[22m[39m
     [33m[2m✓[22m[39m migrates telegram.requireMention to channels.telegram.groups.*.requireMention [33m 570[2mms[22m[39m
     [33m[2m✓[22m[39m migrates messages.tts.enabled to messages.tts.auto [33m 471[2mms[22m[39m
     [33m[2m✓[22m[39m migrates legacy model config to agent.models + model lists [33m 338[2mms[22m[39m
     [33m[2m✓[22m[39m flags legacy config in snapshot [33m 318[2mms[22m[39m
     [33m[2m✓[22m[39m does not auto-migrate claude-cli auth profile mode on load [33m 358[2mms[22m[39m
     [33m[2m✓[22m[39m flags legacy provider sections in snapshot [33m 318[2mms[22m[39m
     [33m[2m✓[22m[39m rejects session.sendPolicy.rules[].match.provider on load [33m 315[2mms[22m[39m
     [33m[2m✓[22m[39m rejects messages.queue.byProvider on load [33m 402[2mms[22m[39m
 [31m❯[39m src/commands/onboard-non-interactive.gateway.test.ts [2m([22m[2m3 tests[22m[2m | [22m[31m2 failed[39m[2m)[22m[33m 24229[2mms[22m[39m
[31m     [31m×[31m writes gateway token auth into config and gateway enforces it[39m[33m 24053[2mms[22m[39m
[31m     [31m×[31m writes gateway.remote url/token and callGateway uses them[39m[32m 138[2mms[22m[39m
     [32m✓[39m auto-generates token auth when binding LAN and persists the token[32m 2[2mms[22m[39m
 [32m✓[39m src/commands/onboard-non-interactive.cloudflare-ai-gateway.test.ts [2m([22m[2m2 tests[22m[2m)[22m[33m 24676[2mms[22m[39m
     [33m[2m✓[22m[39m stores the API key and configures the default model [33m 23577[2mms[22m[39m
     [33m[2m✓[22m[39m infers auth choice from API key flags [33m 1092[2mms[22m[39m
 [32m✓[39m src/telegram/bot.media.downloads-media-file-path-no-file-download.test.ts [2m([22m[2m10 tests[22m[2m)[22m[33m 25930[2mms[22m[39m
     [33m[2m✓[22m[39m downloads media via file_path (no file.download) [33m 22366[2mms[22m[39m
     [33m[2m✓[22m[39m prefers proxyFetch over global fetch [33m 374[2mms[22m[39m
     [33m[2m✓[22m[39m logs a handler error when getFile returns no file_path [33m 322[2mms[22m[39m
     [33m[2m✓[22m[39m buffers messages with same media_group_id and processes them together [33m 418[2mms[22m[39m
     [33m[2m✓[22m[39m processes separate media groups independently [33m 416[2mms[22m[39m
     [33m[2m✓[22m[39m downloads static sticker (WEBP) and includes sticker metadata [33m 464[2mms[22m[39m
     [33m[2m✓[22m[39m refreshes cached sticker metadata on cache hit [33m 402[2mms[22m[39m
     [33m[2m✓[22m[39m skips animated stickers (TGS format) [33m 386[2mms[22m[39m
     [33m[2m✓[22m[39m skips video stickers (WEBM format) [33m 369[2mms[22m[39m
     [33m[2m✓[22m[39m buffers near-limit text and processes sequential parts as one message [33m 393[2mms[22m[39m
[90mstdout[2m | src/telegram/bot.media.includes-location-text-ctx-fields-pins.test.ts[2m > [22m[2mtelegram inbound media[2m > [22m[2mincludes location text and ctx fields for pins
[22m[39m[telegram] autoSelectFamily=false (default-node22)

 [32m✓[39m src/telegram/bot.media.includes-location-text-ctx-fields-pins.test.ts [2m([22m[2m2 tests[22m[2m)[22m[33m 10987[2mms[22m[39m
     [33m[2m✓[22m[39m includes location text and ctx fields for pins [33m 10562[2mms[22m[39m
     [33m[2m✓[22m[39m captures venue fields for named places [33m 419[2mms[22m[39m
 [32m✓[39m src/commands/onboard-non-interactive.token.test.ts [2m([22m[2m1 test[22m[2m)[22m[33m 11119[2mms[22m[39m
     [33m[2m✓[22m[39m writes token profile config and stores the token [33m 11112[2mms[22m[39m
 [32m✓[39m src/cron/isolated-agent.uses-last-non-empty-agent-text-as.test.ts [2m([22m[2m12 tests[22m[2m)[22m[33m 17635[2mms[22m[39m
     [33m[2m✓[22m[39m uses last non-empty agent text as summary [33m 2791[2mms[22m[39m
     [33m[2m✓[22m[39m appends current time after the cron header line [33m 1063[2mms[22m[39m
     [33m[2m✓[22m[39m uses agentId for workspace, session key, and store paths [33m 1284[2mms[22m[39m
     [33m[2m✓[22m[39m uses model override when provided [33m 1302[2mms[22m[39m
     [33m[2m✓[22m[39m uses hooks.gmail.model for Gmail hook sessions [33m 1196[2mms[22m[39m
     [33m[2m✓[22m[39m wraps external hook content by default [33m 1434[2mms[22m[39m
     [33m[2m✓[22m[39m skips external content wrapping when hooks.gmail opts out [33m 1985[2mms[22m[39m
     [33m[2m✓[22m[39m ignores hooks.gmail.model when not in the allowlist [33m 897[2mms[22m[39m
     [33m[2m✓[22m[39m rejects invalid model override [33m 495[2mms[22m[39m
     [33m[2m✓[22m[39m defaults thinking to low for reasoning-capable models [33m 1033[2mms[22m[39m
     [33m[2m✓[22m[39m truncates long summaries [33m 1717[2mms[22m[39m
     [33m[2m✓[22m[39m starts a fresh session id for each cron run [33m 2426[2mms[22m[39m
 [32m✓[39m src/cli/gateway-cli.coverage.test.ts [2m([22m[2m9 tests[22m[2m)[22m[33m 29462[2mms[22m[39m
     [33m[2m✓[22m[39m registers call/health commands and routes to callGateway [33m 26160[2mms[22m[39m
     [33m[2m✓[22m[39m prints stop hints on GatewayLockError when service is loaded [33m 1669[2mms[22m[39m
     [33m[2m✓[22m[39m uses env/config port when --port is omitted [33m 1483[2mms[22m[39m
 [32m✓[39m src/infra/ports.test.ts [2m([22m[2m4 tests[22m[2m)[22m[33m 3650[2mms[22m[39m
     [33m[2m✓[22m[39m ensurePortAvailable rejects when port busy [33m 2130[2mms[22m[39m
     [33m[2m✓[22m[39m handlePortError exits nicely on EADDRINUSE [33m 1510[2mms[22m[39m
(node:95276) [DEP0040] DeprecationWarning: The `punycode` module is deprecated. Please use a userland alternative 
instead.
(Use `node --trace-deprecation ...` to show where the warning was created)
 [32m✓[39m src/cron/isolated-agent.skips-delivery-without-whatsapp-recipient-besteffortdeliver-true.test.ts [2m([22m[2m5 tests[22m[2m | [22m[33m1 skipped[39m[2m)[22m[33m 9077[2mms[22m[39m
     [33m[2m✓[22m[39m announces when delivery is requested [33m 2803[2mms[22m[39m
     [33m[2m✓[22m[39m skips announce when messaging tool already sent to target [33m 1778[2mms[22m[39m
     [33m[2m✓[22m[39m skips announce for heartbeat-only output [33m 2164[2mms[22m[39m
     [33m[2m✓[22m[39m ignores announce delivery failures when best-effort is enabled [33m 2326[2mms[22m[39m
(node:95276) [DEP0040] DeprecationWarning: The `punycode` module is deprecated. Please use a userland alternative 
instead.
(Use `node --trace-deprecation ...` to show where the warning was created)
[90mstdout[2m | src/telegram/bot.test.ts[2m > [22m[2mcreateTelegramBot[2m > [22m[2minstalls grammY throttler
[22m[39m[telegram] autoSelectFamily=false (default-node22)

 [32m✓[39m src/signal/monitor.event-handler.sender-prefix.test.ts [2m([22m[2m1 test[22m[2m)[22m[33m 11221[2mms[22m[39m
     [33m[2m✓[22m[39m prefixes group bodies with sender label [33m 11208[2mms[22m[39m
(node:95276) [DEP0040] DeprecationWarning: The `punycode` module is deprecated. Please use a userland alternative 
instead.
(Use `node --trace-deprecation ...` to show where the warning was created)
 [32m✓[39m src/discord/monitor.tool-result.accepts-guild-messages-mentionpatterns-match.test.ts [2m([22m[2m7 tests[22m[2m)[22m[33m 10767[2mms[22m[39m
     [33m[2m✓[22m[39m accepts guild messages when mentionPatterns match [33m 10665[2mms[22m[39m
[90mstderr[2m | src/config/config.nix-integration-u3-u5-u9.test.ts[2m > [22m[2mNix integration (U3, U5, U9)[2m > 
[22m[2mU5b: tilde expansion for config paths[2m > [22m[2mexpands ~ in common path-ish config fields
[22m[39mInvalid config at C:\Users\Shubham\AppData\Local\Temp\openclaw-config-YkJdCA\.gensparx\gensparx.json:\n- 
plugins.load.paths: plugin: plugin path not found: C:\Users\Shubham\plugins\demo-plugin

(node:95276) [DEP0040] DeprecationWarning: The `punycode` module is deprecated. Please use a userland alternative 
instead.
(Use `node --trace-deprecation ...` to show where the warning was created)
 [32m✓[39m src/commands/message.test.ts [2m([22m[2m4 tests[22m[2m)[22m[33m 5667[2mms[22m[39m
     [33m[2m✓[22m[39m defaults channel when only one configured [33m 5373[2mms[22m[39m
 [32m✓[39m src/telegram/bot.test.ts [2m([22m[2m81 tests[22m[2m)[22m[33m 2614[2mms[22m[39m
     [33m[2m✓[22m[39m dedupes duplicate message updates by update_id [33m 380[2mms[22m[39m
 [32m✓[39m src/commands/models.list.test.ts [2m([22m[2m8 tests[22m[2m)[22m[33m 10355[2mms[22m[39m
     [33m[2m✓[22m[39m models status resolves z.ai alias to canonical zai [33m 10330[2mms[22m[39m
 [31m❯[39m src/config/config.nix-integration-u3-u5-u9.test.ts [2m([22m[2m17 tests[22m[2m | [22m[31m3 failed[39m[2m)[22m[33m 10971[2mms[22m[39m
       [33m[2m✓[22m[39m isNixMode is false when GENSPARX_NIX_MODE is not set [33m 531[2mms[22m[39m
       [33m[2m✓[22m[39m isNixMode is false when GENSPARX_NIX_MODE is empty [33m 518[2mms[22m[39m
       [33m[2m✓[22m[39m isNixMode is false when GENSPARX_NIX_MODE is not '1' [33m 602[2mms[22m[39m
       [33m[2m✓[22m[39m isNixMode is true when GENSPARX_NIX_MODE=1 [33m 809[2mms[22m[39m
       [33m[2m✓[22m[39m STATE_DIR defaults to ~/.gensparx when env not set [33m 792[2mms[22m[39m
       [33m[2m✓[22m[39m STATE_DIR respects GENSPARX_STATE_DIR override [33m 564[2mms[22m[39m
       [33m[2m✓[22m[39m CONFIG_PATH defaults to ~/.gensparx/gensparx.json when env not set [33m 399[2mms[22m[39m
       [33m[2m✓[22m[39m CONFIG_PATH respects GENSPARX_CONFIG_PATH override [33m 633[2mms[22m[39m
[31m       [31m×[31m CONFIG_PATH expands ~ in GENSPARX_CONFIG_PATH override[39m[33m 832[2mms[22m[39m
[31m       [31m×[31m CONFIG_PATH uses STATE_DIR when only state dir is overridden[39m[33m 523[2mms[22m[39m
[31m       [31m×[31m expands ~ in common path-ish config fields[39m[33m 1282[2mms[22m[39m
       [33m[2m✓[22m[39m uses default when env and config are unset [33m 457[2mms[22m[39m
       [33m[2m✓[22m[39m prefers GENSPARX_GATEWAY_PORT over config [33m 594[2mms[22m[39m
       [33m[2m✓[22m[39m falls back to config when env is invalid [33m 462[2mms[22m[39m
       [33m[2m✓[22m[39m accepts config with only botToken [33m 905[2mms[22m[39m
       [33m[2m✓[22m[39m accepts config with only tokenFile [33m 570[2mms[22m[39m
       [33m[2m✓[22m[39m accepts config with both botToken and tokenFile [33m 490[2mms[22m[39m
(node:95276) [DEP0040] DeprecationWarning: The `punycode` module is deprecated. Please use a userland alternative 
instead.
(Use `node --trace-deprecation ...` to show where the warning was created)
 [32m✓[39m src/docker-setup.test.ts [2m([22m[2m3 tests[22m[2m)[22m[33m 45256[2mms[22m[39m
     [33m[2m✓[22m[39m handles unset optional env vars under strict mode [33m 43440[2mms[22m[39m
     [33m[2m✓[22m[39m plumbs GENSPARX_DOCKER_APT_PACKAGES into .env and docker build args [33m 1809[2mms[22m[39m
 [32m✓[39m src/commands/doctor.runs-legacy-state-migrations-yes-mode-without.test.ts [2m([22m[2m3 tests[22m[2m)[22m[33m 7960[2mms[22m[39m
     [33m[2m✓[22m[39m runs legacy state migrations in yes mode without prompting [33m 7860[2mms[22m[39m
 [32m✓[39m src/config/config.legacy-config-detection.rejects-routing-allowfrom.test.ts [2m([22m[2m30 tests[22m[2m)[22m[33m 14306[2mms[22m[39m
     [33m[2m✓[22m[39m rejects routing.allowFrom [33m 477[2mms[22m[39m
     [33m[2m✓[22m[39m rejects routing.groupChat.requireMention [33m 360[2mms[22m[39m
     [33m[2m✓[22m[39m migrates routing.allowFrom to channels.whatsapp.allowFrom when whatsapp configured [33m 652[2mms[22m[39m
     [33m[2m✓[22m[39m drops routing.allowFrom when whatsapp missing [33m 769[2mms[22m[39m
     [33m[2m✓[22m[39m migrates routing.groupChat.requireMention to channels whatsapp/telegram/imessage groups when whatsapp configured [33m 543[2mms[22m[39m
     [33m[2m✓[22m[39m migrates routing.groupChat.requireMention to telegram/imessage when whatsapp missing [33m 617[2mms[22m[39m
     [33m[2m✓[22m[39m migrates routing.groupChat.mentionPatterns to messages.groupChat.mentionPatterns [33m 1006[2mms[22m[39m
     [33m[2m✓[22m[39m migrates routing agentToAgent/queue/transcribeAudio to tools/messages/media [33m 548[2mms[22m[39m
     [33m[2m✓[22m[39m migrates agent config into agents.defaults and tools [33m 866[2mms[22m[39m
     [33m[2m✓[22m[39m migrates tools.bash to tools.exec [33m 857[2mms[22m[39m
     [33m[2m✓[22m[39m accepts per-agent tools.elevated overrides [33m 535[2mms[22m[39m
     [33m[2m✓[22m[39m rejects telegram.requireMention [33m 646[2mms[22m[39m
     [33m[2m✓[22m[39m rejects gateway.token [33m 343[2mms[22m[39m
     [33m[2m✓[22m[39m migrates gateway.token to gateway.auth.token [33m 762[2mms[22m[39m
     [33m[2m✓[22m[39m keeps gateway.bind tailnet [33m 504[2mms[22m[39m
     [33m[2m✓[22m[39m rejects telegram.dmPolicy="open" without allowFrom "*" [33m 369[2mms[22m[39m
     [33m[2m✓[22m[39m accepts telegram.dmPolicy="open" with allowFrom "*" [33m 395[2mms[22m[39m
     [33m[2m✓[22m[39m defaults telegram.dmPolicy to pairing when telegram section exists [33m 438[2mms[22m[39m
     [33m[2m✓[22m[39m defaults telegram.streamMode to partial when telegram section exists [33m 365[2mms[22m[39m
     [33m[2m✓[22m[39m accepts whatsapp.dmPolicy="open" with allowFrom "*" [33m 458[2mms[22m[39m
     [33m[2m✓[22m[39m defaults signal.groupPolicy to allowlist when signal section exists [33m 317[2mms[22m[39m
 [32m✓[39m src/signal/monitor.event-handler.typing-read-receipts.test.ts [2m([22m[2m1 test[22m[2m)[22m[33m 21819[2mms[22m[39m
     [33m[2m✓[22m[39m sends typing + read receipt for allowed DMs [33m 21788[2mms[22m[39m
[90mstdout[2m | src/telegram/bot.create-telegram-bot.sends-replies-without-native-reply-threading.test.ts[2m > [22m[2mcreateTelegramBot[2m > [22m[2msends replies without native reply threading
[22m[39m[telegram] autoSelectFamily=false (default-node22)

(node:95276) [DEP0040] DeprecationWarning: The `punycode` module is deprecated. Please use a userland alternative 
instead.
(Use `node --trace-deprecation ...` to show where the warning was created)
 [32m✓[39m src/commands/doctor.warns-per-agent-sandbox-docker-browser-prune.test.ts [2m([22m[2m2 tests[22m[2m)[22m[33m 4458[2mms[22m[39m
     [33m[2m✓[22m[39m warns when per-agent sandbox docker/browser/prune overrides are ignored under shared scope [33m 4401[2mms[22m[39m
 [32m✓[39m src/daemon/launchd.test.ts [2m([22m[2m14 tests[22m[2m)[22m[33m 4611[2mms[22m[39m
     [33m[2m✓[22m[39m detects the resolved label in launchctl list [33m 511[2mms[22m[39m
     [33m[2m✓[22m[39m returns false when the label is missing [33m 481[2mms[22m[39m
     [33m[2m✓[22m[39m bootstraps and kickstarts the resolved label [33m 1079[2mms[22m[39m
     [33m[2m✓[22m[39m enables service before bootstrap (clears persisted disabled state) [33m 2513[2mms[22m[39m
 [32m✓[39m src/telegram/bot.create-telegram-bot.sends-replies-without-native-reply-threading.test.ts [2m([22m[2m7 tests[22m[2m)[22m[33m 2616[2mms[22m[39m
     [33m[2m✓[22m[39m sends replies without native reply threading [33m 595[2mms[22m[39m
     [33m[2m✓[22m[39m honors replyToMode=first for threaded replies [33m 369[2mms[22m[39m
     [33m[2m✓[22m[39m prefixes final replies with responsePrefix [33m 343[2mms[22m[39m
     [33m[2m✓[22m[39m honors replyToMode=all for threaded replies [33m 333[2mms[22m[39m
     [33m[2m✓[22m[39m blocks group messages when telegram.groups is set without a wildcard [33m 326[2mms[22m[39m
     [33m[2m✓[22m[39m skips group messages without mention when requireMention is enabled [33m 309[2mms[22m[39m
     [33m[2m✓[22m[39m honors routed group activation from session store [33m 331[2mms[22m[39m
(node:95276) [DEP0040] DeprecationWarning: The `punycode` module is deprecated. Please use a userland alternative 
instead.
(Use `node --trace-deprecation ...` to show where the warning was created)
 [32m✓[39m src/config/config.plugin-validation.test.ts [2m([22m[2m7 tests[22m[2m)[22m[33m 2640[2mms[22m[39m
     [33m[2m✓[22m[39m rejects missing plugin load paths [33m 379[2mms[22m[39m
     [33m[2m✓[22m[39m rejects missing plugin ids in entries [33m 381[2mms[22m[39m
     [33m[2m✓[22m[39m rejects missing plugin ids in allow/deny/slots [33m 309[2mms[22m[39m
     [33m[2m✓[22m[39m surfaces plugin config diagnostics [33m 502[2mms[22m[39m
     [33m[2m✓[22m[39m accepts known plugin ids [33m 357[2mms[22m[39m
     [33m[2m✓[22m[39m accepts plugin heartbeat targets [33m 351[2mms[22m[39m
     [33m[2m✓[22m[39m rejects unknown heartbeat targets [33m 354[2mms[22m[39m
(node:95276) [DEP0040] DeprecationWarning: The `punycode` module is deprecated. Please use a userland alternative 
instead.
(Use `node --trace-deprecation ...` to show where the warning was created)
(node:95276) [DEP0040] DeprecationWarning: The `punycode` module is deprecated. Please use a userland alternative 
instead.
(Use `node --trace-deprecation ...` to show where the warning was created)
(node:95276) [DEP0040] DeprecationWarning: The `punycode` module is deprecated. Please use a userland alternative 
instead.
(Use `node --trace-deprecation ...` to show where the warning was created)
 [32m✓[39m src/commands/doctor.migrates-routing-allowfrom-channels-whatsapp-allowfrom.test.ts [2m([22m[2m3 tests[22m[2m)[22m[33m 4534[2mms[22m[39m
     [33m[2m✓[22m[39m migrates routing.allowFrom to channels.whatsapp.allowFrom [33m 4451[2mms[22m[39m
 [32m✓[39m src/infra/outbound/message.test.ts [2m([22m[2m3 tests[22m[2m)[22m[33m 4470[2mms[22m[39m
     [33m[2m✓[22m[39m normalizes Teams alias [33m 3741[2mms[22m[39m
     [33m[2m✓[22m[39m normalizes iMessage alias [33m 361[2mms[22m[39m
     [33m[2m✓[22m[39m normalizes Teams alias for polls [33m 361[2mms[22m[39m
[90mstdout[2m | src/web/auto-reply.web-auto-reply.reconnects-after-connection-close.test.ts[2m > [22m[2mweb auto-reply[2m > [22m[2mreconnects after a connection close
[22m[39m[whatsapp] Listening for personal WhatsApp inbound messages.

[90mstdout[2m | src/web/auto-reply.web-auto-reply.reconnects-after-connection-close.test.ts[2m > [22m[2mweb auto-reply[2m > [22m[2mreconnects after a connection close
[22m[39m[whatsapp] Listening for personal WhatsApp inbound messages.

[90mstdout[2m | src/web/auto-reply.web-auto-reply.compresses-common-formats-jpeg-cap.test.ts[2m > [22m[2mweb auto-reply[2m > [22m[2mcompresses common formats to jpeg under the cap
[22m[39m[whatsapp] Listening for personal WhatsApp inbound messages.

[90mstdout[2m | src/web/auto-reply.web-auto-reply.reconnects-after-connection-close.test.ts[2m > [22m[2mweb auto-reply[2m > [22m[2mforces reconnect when watchdog closes without onClose
[22m[39m[whatsapp] Listening for personal WhatsApp inbound messages.

[90mstdout[2m | src/web/auto-reply.web-auto-reply.compresses-common-formats-jpeg-cap.test.ts[2m > [22m[2mweb auto-reply[2m > [22m[2mcompresses common formats to jpeg under the cap
[22m[39m[whatsapp] Inbound message +1 -> +2 (undefined, 30 chars)

[90mstdout[2m | src/web/auto-reply.web-auto-reply.reconnects-after-connection-close.test.ts[2m > [22m[2mweb auto-reply[2m > [22m[2mforces reconnect when watchdog closes without onClose
[22m[39m[whatsapp] Inbound message +1 -> +2 (undefined, 16 chars)

[90mstdout[2m | src/web/auto-reply.web-auto-reply.reconnects-after-connection-close.test.ts[2m > [22m[2mweb auto-reply[2m > [22m[2mforces reconnect when watchdog closes without onClose
[22m[39m[whatsapp] Auto-replied to +1

[90mstdout[2m | src/telegram/bot.create-telegram-bot.installs-grammy-throttler.test.ts[2m > [22m[2mcreateTelegramBot[2m > [22m[2minstalls grammY throttler
[22m[39m[telegram] autoSelectFamily=false (default-node22)

 [32m✓[39m src/commands/agent.test.ts [2m([22m[2m16 tests[22m[2m)[22m[33m 31359[2mms[22m[39m
     [33m[2m✓[22m[39m creates a session entry when deriving from --to [33m 2474[2mms[22m[39m
     [33m[2m✓[22m[39m persists thinking and verbose overrides [33m 1970[2mms[22m[39m
     [33m[2m✓[22m[39m resumes when session-id is provided [33m 1846[2mms[22m[39m
     [33m[2m✓[22m[39m does not duplicate agent events from embedded runs [33m 2842[2mms[22m[39m
     [33m[2m✓[22m[39m uses provider/model from agents.defaults.model.primary [33m 1719[2mms[22m[39m
     [33m[2m✓[22m[39m keeps explicit sessionKey even when sessionId exists elsewhere [33m 3038[2mms[22m[39m
     [33m[2m✓[22m[39m derives session key from --agent when no routing target is provided [33m 2748[2mms[22m[39m
     [33m[2m✓[22m[39m rejects unknown agent overrides [33m 302[2mms[22m[39m
     [33m[2m✓[22m[39m defaults thinking to low for reasoning-capable models [33m 1996[2mms[22m[39m
     [33m[2m✓[22m[39m prints JSON payload when requested [33m 1283[2mms[22m[39m
     [33m[2m✓[22m[39m passes the message through as the agent prompt [33m 1747[2mms[22m[39m
     [33m[2m✓[22m[39m passes through telegram accountId when delivering [33m 1970[2mms[22m[39m
     [33m[2m✓[22m[39m uses reply channel as the message channel context [33m 1981[2mms[22m[39m
     [33m[2m✓[22m[39m prefers runContext for embedded routing [33m 1902[2mms[22m[39m
     [33m[2m✓[22m[39m forwards accountId to embedded runs [33m 1473[2mms[22m[39m
     [33m[2m✓[22m[39m logs output when delivery is disabled [33m 2059[2mms[22m[39m
[90mstdout[2m | src/web/auto-reply.web-auto-reply.compresses-common-formats-jpeg-cap.test.ts[2m > [22m[2mweb auto-reply[2m > [22m[2mcompresses common formats to jpeg under the cap
[22m[39m[whatsapp] Sent media reply to +1 (0.74MB)

[90mstdout[2m | src/web/auto-reply.web-auto-reply.compresses-common-formats-jpeg-cap.test.ts[2m > [22m[2mweb auto-reply[2m > [22m[2mcompresses common formats to jpeg under the cap
[22m[39m[whatsapp] Auto-replied to +1 (media)

[90mstdout[2m | src/web/auto-reply.web-auto-reply.compresses-common-formats-jpeg-cap.test.ts[2m > [22m[2mweb auto-reply[2m > [22m[2mcompresses common formats to jpeg under the cap
[22m[39m[whatsapp] Listening for personal WhatsApp inbound messages.

[90mstdout[2m | src/web/auto-reply.web-auto-reply.compresses-common-formats-jpeg-cap.test.ts[2m > [22m[2mweb auto-reply[2m > [22m[2mcompresses common formats to jpeg under the cap
[22m[39m[whatsapp] Inbound message +1 -> +2 (undefined, 30 chars)

 [32m✓[39m src/cron/isolated-agent.delivers-response-has-heartbeat-ok-but-includes.test.ts [2m([22m[2m2 tests[22m[2m)[22m[33m 3234[2mms[22m[39m
     [33m[2m✓[22m[39m delivers when response has HEARTBEAT_OK but includes media [33m 2089[2mms[22m[39m
     [33m[2m✓[22m[39m delivers when heartbeat ack padding exceeds configured limit [33m 1139[2mms[22m[39m
 [32m✓[39m src/agents/sandbox.resolveSandboxContext.test.ts [2m([22m[2m3 tests[22m[2m)[22m[33m 3571[2mms[22m[39m
     [33m[2m✓[22m[39m does not sandbox the agent main session in non-main mode [33m 2864[2mms[22m[39m
     [33m[2m✓[22m[39m does not create a sandbox workspace for the agent main session in non-main mode [33m 319[2mms[22m[39m
     [33m[2m✓[22m[39m treats main session aliases as main in non-main mode [33m 382[2mms[22m[39m
 [32m✓[39m src/discord/monitor.slash.test.ts [2m([22m[2m1 test[22m[2m)[22m[33m 15340[2mms[22m[39m
     [33m[2m✓[22m[39m skips tool results for native slash commands [33m 15318[2mms[22m[39m
 [32m✓[39m src/auto-reply/reply.raw-body.test.ts [2m([22m[2m5 tests[22m[2m)[22m[33m 8260[2mms[22m[39m
     [33m[2m✓[22m[39m /model, /think, /verbose directives detected from RawBody even when Body has structural wrapper [33m 2127[2mms[22m[39m
     [33m[2m✓[22m[39m /model status detected from RawBody [33m 1317[2mms[22m[39m
     [33m[2m✓[22m[39m CommandBody is honored when RawBody is missing [33m 1090[2mms[22m[39m
     [33m[2m✓[22m[39m Integration: WhatsApp group message with structural wrapper and RawBody command [33m 1215[2mms[22m[39m
     [33m[2m✓[22m[39m preserves history when RawBody is provided for command parsing [33m 2504[2mms[22m[39m
[90mstdout[2m | src/web/auto-reply.web-auto-reply.compresses-common-formats-jpeg-cap.test.ts[2m > [22m[2mweb auto-reply[2m > [22m[2mcompresses common formats to jpeg under the cap
[22m[39m[whatsapp] Sent media reply to +1 (0.69MB)

[90mstdout[2m | src/web/auto-reply.web-auto-reply.compresses-common-formats-jpeg-cap.test.ts[2m > [22m[2mweb auto-reply[2m > [22m[2mcompresses common formats to jpeg under the cap
[22m[39m[whatsapp] Auto-replied to +1 (media)

[90mstderr[2m | src/web/auto-reply.web-auto-reply.reconnects-after-connection-close.test.ts[2m > [22m[2mweb 
auto-reply[2m > [22m[2mforces reconnect when watchdog closes without onClose
[22m[39m[whatsapp] No messages received in 31m - restarting connection

[90mstdout[2m | src/web/auto-reply.web-auto-reply.reconnects-after-connection-close.test.ts[2m > [22m[2mweb auto-reply[2m > [22m[2mforces reconnect when watchdog closes without onClose
[22m[39m[whatsapp] Listening for personal WhatsApp inbound messages.

[90mstdout[2m | src/web/auto-reply.web-auto-reply.reconnects-after-connection-close.test.ts[2m > [22m[2mweb auto-reply[2m > [22m[2mstops after hitting max reconnect attempts
[22m[39m[whatsapp] Listening for personal WhatsApp inbound messages.

[90mstdout[2m | src/web/auto-reply.web-auto-reply.reconnects-after-connection-close.test.ts[2m > [22m[2mweb auto-reply[2m > [22m[2mstops after hitting max reconnect attempts
[22m[39m[whatsapp] Listening for personal WhatsApp inbound messages.

[90mstdout[2m | src/web/auto-reply.web-auto-reply.reconnects-after-connection-close.test.ts[2m > [22m[2mweb auto-reply[2m > [22m[2mprocesses inbound messages without batching and preserves timestamps
[22m[39m[whatsapp] Listening for personal WhatsApp inbound messages.

[90mstdout[2m | src/web/auto-reply.web-auto-reply.reconnects-after-connection-close.test.ts[2m > [22m[2mweb auto-reply[2m > [22m[2mprocesses inbound messages without batching and preserves timestamps
[22m[39m[whatsapp] Inbound message +1 -> +2 (undefined, 48 chars)

[90mstdout[2m | src/web/auto-reply.web-auto-reply.reconnects-after-connection-close.test.ts[2m > [22m[2mweb auto-reply[2m > [22m[2mprocesses inbound messages without batching and preserves timestamps
[22m[39m[whatsapp] Auto-replied to +1

[90mstdout[2m | src/web/auto-reply.web-auto-reply.reconnects-after-connection-close.test.ts[2m > [22m[2mweb auto-reply[2m > [22m[2mprocesses inbound messages without batching and preserves timestamps
[22m[39m[whatsapp] Inbound message +1 -> +2 (undefined, 49 chars)

[90mstdout[2m | src/web/auto-reply.web-auto-reply.reconnects-after-connection-close.test.ts[2m > [22m[2mweb auto-reply[2m > [22m[2mprocesses inbound messages without batching and preserves timestamps
[22m[39m[whatsapp] Auto-replied to +1

 [32m✓[39m src/web/auto-reply.web-auto-reply.reconnects-after-connection-close.test.ts [2m([22m[2m4 tests[22m[2m)[22m[33m 3956[2mms[22m[39m
     [33m[2m✓[22m[39m forces reconnect when watchdog closes without onClose [33m 3705[2mms[22m[39m
 [32m✓[39m src/commands/doctor.falls-back-legacy-sandbox-image-missing.test.ts [2m([22m[2m1 test[22m[2m)[22m[33m 6895[2mms[22m[39m
     [33m[2m✓[22m[39m runs legacy state migrations in non-interactive mode without prompting [33m 6887[2mms[22m[39m
[90mstdout[2m | src/web/auto-reply.web-auto-reply.compresses-common-formats-jpeg-cap.test.ts[2m > [22m[2mweb auto-reply[2m > [22m[2mcompresses common formats to jpeg under the cap
[22m[39m[whatsapp] Listening for personal WhatsApp inbound messages.

 [32m✓[39m src/agents/subagent-announce.format.test.ts [2m([22m[2m9 tests[22m[2m)[22m[33m 3175[2mms[22m[39m
     [33m[2m✓[22m[39m sends instructional message to main agent with status and findings [33m 2992[2mms[22m[39m
[90mstdout[2m | src/web/auto-reply.web-auto-reply.compresses-common-formats-jpeg-cap.test.ts[2m > [22m[2mweb auto-reply[2m > [22m[2mcompresses common formats to jpeg under the cap
[22m[39m[whatsapp] Inbound message +1 -> +2 (undefined, 30 chars)

 [32m✓[39m src/telegram/bot.create-telegram-bot.installs-grammy-throttler.test.ts [2m([22m[2m10 tests[22m[2m)[22m[33m 6254[2mms[22m[39m
     [33m[2m✓[22m[39m installs grammY throttler [33m 695[2mms[22m[39m
     [33m[2m✓[22m[39m uses wrapped fetch when global fetch is available [33m 563[2mms[22m[39m
     [33m[2m✓[22m[39m passes timeoutSeconds even without a custom fetch [33m 426[2mms[22m[39m
     [33m[2m✓[22m[39m prefers per-account timeoutSeconds overrides [33m 432[2mms[22m[39m
     [33m[2m✓[22m[39m sequentializes updates by chat and thread [33m 524[2mms[22m[39m
     [33m[2m✓[22m[39m routes callback_query payloads as messages and answers callbacks [33m 856[2mms[22m[39m
     [33m[2m✓[22m[39m wraps inbound message with Telegram envelope [33m 650[2mms[22m[39m
     [33m[2m✓[22m[39m requests pairing by default for unknown DM senders [33m 508[2mms[22m[39m
     [33m[2m✓[22m[39m does not resend pairing code when a request is already pending [33m 742[2mms[22m[39m
     [33m[2m✓[22m[39m triggers typing cue via onReplyStart [33m 847[2mms[22m[39m
 [32m✓[39m src/agents/skills.test.ts [2m([22m[2m9 tests[22m[2m)[22m[33m 4162[2mms[22m[39m
     [33m[2m✓[22m[39m sanitizes and de-duplicates command names [33m 414[2mms[22m[39m
     [33m[2m✓[22m[39m includes tool-dispatch metadata from frontmatter [33m 781[2mms[22m[39m
     [33m[2m✓[22m[39m loads skills from workspace skills/ [33m 926[2mms[22m[39m
     [33m[2m✓[22m[39m sets and restores env vars [33m 692[2mms[22m[39m
     [33m[2m✓[22m[39m applies env overrides from snapshots [33m 485[2mms[22m[39m
[90mstdout[2m | src/web/auto-reply.web-auto-reply.compresses-common-formats-jpeg-cap.test.ts[2m > [22m[2mweb auto-reply[2m > [22m[2mcompresses common formats to jpeg under the cap
[22m[39m[whatsapp] Sent media reply to +1 (0.69MB)

[90mstdout[2m | src/web/auto-reply.web-auto-reply.compresses-common-formats-jpeg-cap.test.ts[2m > [22m[2mweb auto-reply[2m > [22m[2mcompresses common formats to jpeg under the cap
[22m[39m[whatsapp] Auto-replied to +1 (media)

[90mstdout[2m | src/web/auto-reply.web-auto-reply.compresses-common-formats-jpeg-cap.test.ts[2m > [22m[2mweb auto-reply[2m > [22m[2mhonors mediaMaxMb from config
[22m[39m[whatsapp] Listening for personal WhatsApp inbound messages.

[90mstdout[2m | src/web/auto-reply.web-auto-reply.compresses-common-formats-jpeg-cap.test.ts[2m > [22m[2mweb auto-reply[2m > [22m[2mhonors mediaMaxMb from config
[22m[39m[whatsapp] Inbound message +1 -> +2 (undefined, 30 chars)

[90mstdout[2m | src/web/auto-reply.web-auto-reply.compresses-common-formats-jpeg-cap.test.ts[2m > [22m[2mweb auto-reply[2m > [22m[2mhonors mediaMaxMb from config
[22m[39m[whatsapp] Sent media reply to +1 (0.01MB)

[90mstdout[2m | src/web/auto-reply.web-auto-reply.compresses-common-formats-jpeg-cap.test.ts[2m > [22m[2mweb auto-reply[2m > [22m[2mhonors mediaMaxMb from config
[22m[39m[whatsapp] Auto-replied to +1 (media)

[90mstdout[2m | src/web/auto-reply.web-auto-reply.compresses-common-formats-jpeg-cap.test.ts[2m > [22m[2mweb auto-reply[2m > [22m[2mfalls back to text when media is unsupported
[22m[39m[whatsapp] Listening for personal WhatsApp inbound messages.

[90mstdout[2m | src/web/auto-reply.web-auto-reply.compresses-common-formats-jpeg-cap.test.ts[2m > [22m[2mweb auto-reply[2m > [22m[2mfalls back to text when media is unsupported
[22m[39m[whatsapp] Inbound message +1 -> +2 (undefined, 19 chars)

[90mstdout[2m | src/web/auto-reply.web-auto-reply.compresses-common-formats-jpeg-cap.test.ts[2m > [22m[2mweb auto-reply[2m > [22m[2mfalls back to text when media is unsupported
[22m[39m[whatsapp] Sent media reply to +1 (0.01MB)

[90mstdout[2m | src/web/auto-reply.web-auto-reply.compresses-common-formats-jpeg-cap.test.ts[2m > [22m[2mweb auto-reply[2m > [22m[2mfalls back to text when media is unsupported
[22m[39m[whatsapp] Auto-replied to +1 (media)

 [32m✓[39m src/web/auto-reply.web-auto-reply.compresses-common-formats-jpeg-cap.test.ts [2m([22m[2m3 tests[22m[2m)[22m[33m 7696[2mms[22m[39m
     [33m[2m✓[22m[39m compresses common formats to jpeg under the cap [33m 6688[2mms[22m[39m
     [33m[2m✓[22m[39m honors mediaMaxMb from config [33m 927[2mms[22m[39m
 [32m✓[39m src/config/config.identity-defaults.test.ts [2m([22m[2m9 tests[22m[2m)[22m[33m 7206[2mms[22m[39m
     [33m[2m✓[22m[39m does not derive mentionPatterns when identity is set [33m 1019[2mms[22m[39m
     [33m[2m✓[22m[39m defaults ackReactionScope without setting ackReaction [33m 959[2mms[22m[39m
     [33m[2m✓[22m[39m keeps ackReaction unset when identity is missing [33m 917[2mms[22m[39m
     [33m[2m✓[22m[39m does not override explicit values [33m 878[2mms[22m[39m
     [33m[2m✓[22m[39m supports provider textChunkLimit config [33m 776[2mms[22m[39m
     [33m[2m✓[22m[39m accepts blank model provider apiKey values [33m 532[2mms[22m[39m
     [33m[2m✓[22m[39m respects empty responsePrefix to disable identity defaults [33m 549[2mms[22m[39m
     [33m[2m✓[22m[39m does not synthesize agent list/session when absent [33m 829[2mms[22m[39m
     [33m[2m✓[22m[39m does not derive responsePrefix from identity emoji [33m 725[2mms[22m[39m
 [32m✓[39m src/auto-reply/reply.block-streaming.test.ts [2m([22m[2m5 tests[22m[2m)[22m[33m 9025[2mms[22m[39m
     [33m[2m✓[22m[39m waits for block replies before returning final payloads [33m 2021[2mms[22m[39m
     [33m[2m✓[22m[39m preserves block reply ordering when typing start is slow [33m 1536[2mms[22m[39m
     [33m[2m✓[22m[39m drops final payloads when block replies streamed [33m 1947[2mms[22m[39m
     [33m[2m✓[22m[39m falls back to final payloads when block reply send times out [33m 1728[2mms[22m[39m
     [33m[2m✓[22m[39m does not enable block streaming for telegram streamMode block [33m 1770[2mms[22m[39m
[90mstdout[2m | src/telegram/bot.create-telegram-bot.accepts-group-messages-mentionpatterns-match-without-botusername.test.ts[2m > [22m[2mcreateTelegramBot[2m > [22m[2maccepts group messages when mentionPatterns match (without @botUsername)
[22m[39m[telegram] autoSelectFamily=false (default-node22)

 [32m✓[39m src/web/media.test.ts [2m([22m[2m10 tests[22m[2m)[22m[33m 2944[2mms[22m[39m
     [33m[2m✓[22m[39m compresses large local images under the provided cap [33m 390[2mms[22m[39m
     [33m[2m✓[22m[39m falls back to JPEG when PNG alpha cannot fit under cap [33m 2448[2mms[22m[39m
 [32m✓[39m src/browser/pw-tools-core.waits-next-download-saves-it.test.ts [2m([22m[2m5 tests[22m[2m)[22m[33m 3023[2mms[22m[39m
     [33m[2m✓[22m[39m waits for the next download and saves it [33m 2996[2mms[22m[39m
 [32m✓[39m src/hooks/gmail-setup-utils.test.ts [2m([22m[2m3 tests[22m[2m | [22m[33m1 skipped[39m[2m)[22m[33m 2709[2mms[22m[39m
     [33m[2m✓[22m[39m includes stdout and exit code when tailscale serve fails [33m 2336[2mms[22m[39m
     [33m[2m✓[22m[39m includes JSON parse failure details with stdout [33m 366[2mms[22m[39m
[90mstdout[2m | src/telegram/bot.create-telegram-bot.matches-usernames-case-insensitively-grouppolicy-is.test.ts[2m > [22m[2mcreateTelegramBot[2m > [22m[2mmatches usernames case-insensitively when groupPolicy is 'allowlist'
[22m[39m[telegram] autoSelectFamily=false (default-node22)

 [32m✓[39m src/media-understanding/apply.test.ts [2m([22m[2m22 tests[22m[2m)[22m[33m 3419[2mms[22m[39m
     [33m[2m✓[22m[39m sets Transcript and replaces Body when audio transcription succeeds [33m 3034[2mms[22m[39m
 [32m✓[39m src/commands/agent.delivery.test.ts [2m([22m[2m7 tests[22m[2m)[22m[33m 5187[2mms[22m[39m
     [33m[2m✓[22m[39m prefers explicit accountId for outbound delivery [33m 5154[2mms[22m[39m
 [32m✓[39m src/telegram/bot.create-telegram-bot.accepts-group-messages-mentionpatterns-match-without-botusername.test.ts [2m([22m[2m8 tests[22m[2m)[22m[33m 2752[2mms[22m[39m
     [33m[2m✓[22m[39m accepts group messages when mentionPatterns match (without @botUsername) [33m 613[2mms[22m[39m
     [33m[2m✓[22m[39m accepts group messages when mentionPatterns match even if another user is mentioned [33m 351[2mms[22m[39m
     [33m[2m✓[22m[39m keeps group envelope headers stable (sender identity is separate) [33m 311[2mms[22m[39m
     [33m[2m✓[22m[39m reacts to mention-gated group messages when ackReaction is enabled [33m 313[2mms[22m[39m
     [33m[2m✓[22m[39m skips group messages when requireMention is enabled and no mention matches [33m 331[2mms[22m[39m
     [33m[2m✓[22m[39m allows group messages when requireMention is enabled but mentions cannot be detected [33m 320[2mms[22m[39m
     [33m[2m✓[22m[39m includes reply-to context when a Telegram reply is received [33m 501[2mms[22m[39m
 [32m✓[39m src/telegram/bot.create-telegram-bot.matches-usernames-case-insensitively-grouppolicy-is.test.ts [2m([22m[2m7 tests[22m[2m)[22m[33m 2765[2mms[22m[39m
     [33m[2m✓[22m[39m matches usernames case-insensitively when groupPolicy is 'allowlist' [33m 621[2mms[22m[39m
     [33m[2m✓[22m[39m allows direct messages regardless of groupPolicy [33m 439[2mms[22m[39m
     [33m[2m✓[22m[39m allows direct messages with tg/Telegram-prefixed allowFrom entries [33m 368[2mms[22m[39m
     [33m[2m✓[22m[39m allows direct messages with telegram:-prefixed allowFrom entries [33m 368[2mms[22m[39m
     [33m[2m✓[22m[39m blocks group messages with no sender ID when groupPolicy is 'allowlist' [33m 325[2mms[22m[39m
     [33m[2m✓[22m[39m matches telegram:-prefixed allowFrom entries in group allowlist [33m 341[2mms[22m[39m
 [32m✓[39m src/cli/daemon-cli.coverage.test.ts [2m([22m[2m7 tests[22m[2m)[22m[33m 2496[2mms[22m[39m
     [33m[2m✓[22m[39m probes gateway status by default [33m 2379[2mms[22m[39m
 [32m✓[39m src/commands/sandbox-explain.test.ts [2m([22m[2m1 test[22m[2m)[22m[33m 2624[2mms[22m[39m
     [33m[2m✓[22m[39m prints JSON shape + fix-it keys [33m 2617[2mms[22m[39m
 [32m✓[39m src/agents/skills.buildworkspaceskillstatus.test.ts [2m([22m[2m4 tests[22m[2m)[22m[33m 3924[2mms[22m[39m
     [33m[2m✓[22m[39m reports missing requirements and install options [33m 1217[2mms[22m[39m
     [33m[2m✓[22m[39m respects OS-gated skills [33m 986[2mms[22m[39m
     [33m[2m✓[22m[39m marks bundled skills blocked by allowlist [33m 831[2mms[22m[39m
     [33m[2m✓[22m[39m filters install options by OS [33m 879[2mms[22m[39m
 [32m✓[39m src/security/fix.test.ts [2m([22m[2m5 tests[22m[2m)[22m[33m 2206[2mms[22m[39m
     [33m[2m✓[22m[39m tightens groupPolicy + filesystem perms [33m 460[2mms[22m[39m
     [33m[2m✓[22m[39m applies allowlist per-account and seeds WhatsApp groupAllowFrom from store [33m 402[2mms[22m[39m
     [33m[2m✓[22m[39m does not seed WhatsApp groupAllowFrom if allowFrom is set [33m 314[2mms[22m[39m
     [33m[2m✓[22m[39m tightens perms for credentials + agent auth/sessions + include files [33m 813[2mms[22m[39m
 [32m✓[39m src/agents/sandbox-agent-config.agent-specific-sandbox-config.includes-session-status-default-sandbox-allowlist.test.ts [2m([22m[2m3 tests[22m[2m)[22m[33m 4797[2mms[22m[39m
     [33m[2m✓[22m[39m includes session_status in default sandbox allowlist [33m 4787[2mms[22m[39m
 [32m✓[39m src/agents/sandbox-merge.test.ts [2m([22m[2m7 tests[22m[2m)[22m[33m 4912[2mms[22m[39m
     [33m[2m✓[22m[39m resolves sandbox scope deterministically [33m 4884[2mms[22m[39m
 [32m✓[39m src/hooks/install.test.ts [2m([22m[2m5 tests[22m[2m)[22m[33m 837[2mms[22m[39m
     [33m[2m✓[22m[39m installs hook packs from zip archives [33m 419[2mms[22m[39m
 [32m✓[39m src/agents/bash-tools.exec.pty.test.ts [2m([22m[2m1 test[22m[2m)[22m[33m 3054[2mms[22m[39m
   [33m[2m✓[22m[39m exec supports pty output [33m 3045[2mms[22m[39m
 [32m✓[39m src/browser/screenshot.test.ts [2m([22m[2m2 tests[22m[2m)[22m[33m 4624[2mms[22m[39m
     [33m[2m✓[22m[39m shrinks oversized images to <=2000x2000 and <=5MB [33m 4582[2mms[22m[39m
 [32m✓[39m src/commands/doctor.warns-state-directory-is-missing.test.ts [2m([22m[2m3 tests[22m[2m)[22m[33m 4323[2mms[22m[39m
     [33m[2m✓[22m[39m warns when the state directory is missing [33m 4174[2mms[22m[39m
 [32m✓[39m src/agents/subagent-registry.persistence.test.ts [2m([22m[2m4 tests[22m[2m)[22m[33m 2088[2mms[22m[39m
     [33m[2m✓[22m[39m persists runs to disk and resumes after restart [33m 807[2mms[22m[39m
     [33m[2m✓[22m[39m skips cleanup when cleanupHandled was persisted [33m 313[2mms[22m[39m
     [33m[2m✓[22m[39m retries cleanup announce after a failed announce [33m 943[2mms[22m[39m
(node:95276) [DEP0040] DeprecationWarning: The `punycode` module is deprecated. Please use a userland alternative 
instead.
(Use `node --trace-deprecation ...` to show where the warning was created)
 [32m✓[39m src/agents/openai-responses.reasoning-replay.test.ts [2m([22m[2m2 tests[22m[2m)[22m[33m 2654[2mms[22m[39m
     [33m[2m✓[22m[39m replays reasoning for tool-call-only turns (OpenAI requires it) [33m 1261[2mms[22m[39m
     [33m[2m✓[22m[39m still replays reasoning when paired with an assistant message [33m 1369[2mms[22m[39m
 [32m✓[39m src/browser/pw-tools-core.screenshots-element-selector.test.ts [2m([22m[2m5 tests[22m[2m)[22m[33m 1567[2mms[22m[39m
     [33m[2m✓[22m[39m screenshots an element selector [33m 1545[2mms[22m[39m
 [32m✓[39m src/config/config.pruning-defaults.test.ts [2m([22m[2m4 tests[22m[2m)[22m[33m 1510[2mms[22m[39m
     [33m[2m✓[22m[39m does not enable contextPruning by default [33m 415[2mms[22m[39m
     [33m[2m✓[22m[39m enables cache-ttl pruning + 1h heartbeat for Anthropic OAuth [33m 403[2mms[22m[39m
     [33m[2m✓[22m[39m enables cache-ttl pruning + 1h cache TTL for Anthropic API keys [33m 346[2mms[22m[39m
     [33m[2m✓[22m[39m does not override explicit contextPruning mode [33m 340[2mms[22m[39m
[90mstderr[2m | src/agents/bash-tools.exec.pty-fallback.test.ts[2m > [22m[2mexec falls back when PTY spawn fails
[22m[39m[exec] PTY spawn failed (Error: spawn EBADF); retrying without PTY for "echo ok".

[90mstdout[2m | src/agents/bash-tools.exec.approval-id.test.ts[2m > [22m[2mexec approvals[2m > [22m[2mhonors ask=off for elevated gateway exec without prompting
[22m[39m[exec] elevated command echo ok

[90mstdout[2m | src/agents/bash-tools.exec.approval-id.test.ts[2m > [22m[2mexec approvals[2m > [22m[2mrequires approval for elevated ask when allowlist misses
[22m[39m[exec] elevated command echo ok

 [32m✓[39m src/agents/bash-tools.exec.approval-id.test.ts [2m([22m[2m4 tests[22m[2m)[22m[33m 1931[2mms[22m[39m
     [33m[2m✓[22m[39m honors ask=off for elevated gateway exec without prompting [33m 1680[2mms[22m[39m
 [32m✓[39m src/agents/bash-tools.exec.pty-fallback.test.ts [2m([22m[2m1 test[22m[2m)[22m[33m 3041[2mms[22m[39m
   [33m[2m✓[22m[39m exec falls back when PTY spawn fails [33m 3034[2mms[22m[39m
 [31m❯[39m src/cli/update-cli.test.ts [2m([22m[2m20 tests[22m[2m | [22m[31m1 failed[39m[2m)[22m[33m 1201[2mms[22m[39m
     [33m[2m✓[22m[39m exports updateCommand and registerUpdateCli [33m 597[2mms[22m[39m
     [32m✓[39m updateCommand runs update and outputs result[32m 68[2mms[22m[39m
     [32m✓[39m updateStatusCommand prints table output[32m 15[2mms[22m[39m
     [32m✓[39m updateStatusCommand emits JSON[32m 7[2mms[22m[39m
     [32m✓[39m defaults to dev channel for git installs when unset[32m 33[2mms[22m[39m
     [32m✓[39m defaults to stable channel for package installs when unset[32m 66[2mms[22m[39m
     [32m✓[39m uses stored beta channel when configured[32m 32[2mms[22m[39m
     [32m✓[39m falls back to latest when beta tag is older than release[32m 65[2mms[22m[39m
     [32m✓[39m honors --tag override[32m 48[2mms[22m[39m
     [32m✓[39m updateCommand outputs JSON when --json is set[32m 28[2mms[22m[39m
     [32m✓[39m updateCommand exits with error on failure[32m 13[2mms[22m[39m
     [32m✓[39m updateCommand restarts daemon by default[32m 29[2mms[22m[39m
     [32m✓[39m updateCommand skips restart when --no-restart is set[32m 42[2mms[22m[39m
     [32m✓[39m updateCommand skips success message when restart does not run[32m 27[2mms[22m[39m
     [32m✓[39m updateCommand validates timeout option[32m 4[2mms[22m[39m
     [32m✓[39m persists update channel when --channel is set[32m 38[2mms[22m[39m
     [32m✓[39m requires confirmation on downgrade when non-interactive[32m 17[2mms[22m[39m
     [32m✓[39m allows downgrade with --yes in non-interactive mode[32m 37[2mms[22m[39m
     [32m✓[39m updateWizardCommand requires a TTY[32m 2[2mms[22m[39m
[31m     [31m×[31m updateWizardCommand offers dev checkout and forwards selections[39m[32m 25[2mms[22m[39m
[90mstdout[2m | src/telegram/bot.create-telegram-bot.applies-topic-skill-filters-system-prompts.test.ts[2m > [22m[2mcreateTelegramBot[2m > [22m[2mapplies topic skill filters and system prompts
[22m[39m[telegram] autoSelectFamily=false (default-node22)

 [32m✓[39m src/agents/bash-tools.test.ts [2m([22m[2m17 tests[22m[2m | [22m[33m10 skipped[39m[2m)[22m[33m 1301[2mms[22m[39m
     [33m[2m✓[22m[39m prepends configured path entries [33m 1284[2mms[22m[39m
(node:95276) [DEP0040] DeprecationWarning: The `punycode` module is deprecated. Please use a userland alternative 
instead.
(Use `node --trace-deprecation ...` to show where the warning was created)
[90mstdout[2m | src/telegram/bot.create-telegram-bot.blocks-all-group-messages-grouppolicy-is.test.ts[2m > [22m[2mcreateTelegramBot[2m > [22m[2mblocks all group messages when groupPolicy is 'disabled'
[22m[39m[telegram] autoSelectFamily=false (default-node22)

[90mstderr[2m | src/agents/pi-tools-agent-config.test.ts[2m > [22m[2mAgent-specific tool filtering[2m > 
[22m[2mshould apply provider-specific tool profile overrides
[22m[39m[tools] tools.profile (coding) allowlist contains unknown entries (group:memory). These entries won't match 
any tool unless the plugin is enabled.

 [32m✓[39m src/telegram/bot.create-telegram-bot.applies-topic-skill-filters-system-prompts.test.ts [2m([22m[2m5 tests[22m[2m)[22m[33m 2004[2mms[22m[39m
     [33m[2m✓[22m[39m applies topic skill filters and system prompts [33m 536[2mms[22m[39m
     [33m[2m✓[22m[39m passes message_thread_id to topic replies [33m 349[2mms[22m[39m
     [33m[2m✓[22m[39m threads native command replies inside topics [33m 340[2mms[22m[39m
     [33m[2m✓[22m[39m skips tool summaries for native slash commands [33m 329[2mms[22m[39m
     [33m[2m✓[22m[39m dedupes duplicate message updates by update_id [33m 443[2mms[22m[39m
 [32m✓[39m src/auto-reply/reply.heartbeat-typing.test.ts [2m([22m[2m2 tests[22m[2m)[22m[33m 2139[2mms[22m[39m
     [33m[2m✓[22m[39m starts typing for normal runs [33m 903[2mms[22m[39m
     [33m[2m✓[22m[39m does not start typing for heartbeat runs [33m 1230[2mms[22m[39m
[90mstdout[2m | src/agents/skills.build-workspace-skills-prompt.syncs-merged-skills-into-target-workspace.test.ts[2m > [22m[2mbuildWorkspaceSkillsPrompt[2m > [22m[2mapplies skill filters, including empty lists
[22m[39m[skills] Applying skill filter: alpha
[skills] After filter: alpha
[skills] Applying skill filter: (none)
[skills] After filter: 

 [32m✓[39m src/agents/skills.build-workspace-skills-prompt.syncs-merged-skills-into-target-workspace.test.ts [2m([22m[2m3 tests[22m[2m)[22m[33m 1621[2mms[22m[39m
     [33m[2m✓[22m[39m filters skills based on env/config gates [33m 791[2mms[22m[39m
     [33m[2m✓[22m[39m applies skill filters, including empty lists [33m 640[2mms[22m[39m
 [32m✓[39m src/telegram/bot.create-telegram-bot.blocks-all-group-messages-grouppolicy-is.test.ts [2m([22m[2m7 tests[22m[2m)[22m[33m 2855[2mms[22m[39m
     [33m[2m✓[22m[39m blocks all group messages when groupPolicy is 'disabled' [33m 628[2mms[22m[39m
     [33m[2m✓[22m[39m blocks group messages from senders not in allowFrom when groupPolicy is 'allowlist' [33m 416[2mms[22m[39m
     [33m[2m✓[22m[39m allows group messages from senders in allowFrom (by ID) when groupPolicy is 'allowlist' [33m 374[2mms[22m[39m
     [33m[2m✓[22m[39m allows group messages from senders in allowFrom (by username) when groupPolicy is 'allowlist' [33m 390[2mms[22m[39m
     [33m[2m✓[22m[39m allows group messages from telegram:-prefixed allowFrom entries when groupPolicy is 'allowlist' [33m 328[2mms[22m[39m
     [33m[2m✓[22m[39m allows group messages from tg:-prefixed allowFrom entries case-insensitively when groupPolicy is 'allowlist' [33m 341[2mms[22m[39m
     [33m[2m✓[22m[39m allows all group messages when groupPolicy is 'open' [33m 371[2mms[22m[39m
 [32m✓[39m src/agents/pi-tools-agent-config.test.ts [2m([22m[2m15 tests[22m[2m)[22m[33m 2065[2mms[22m[39m
     [33m[2m✓[22m[39m should run exec synchronously when process is denied [33m 1921[2mms[22m[39m
 [32m✓[39m src/agents/models-config.skips-writing-models-json-no-env-token.test.ts [2m([22m[2m4 tests[22m[2m)[22m[33m 1368[2mms[22m[39m
     [33m[2m✓[22m[39m skips writing models.json when no env token or profile exists [33m 353[2mms[22m[39m
     [33m[2m✓[22m[39m writes models.json for configured providers [33m 321[2mms[22m[39m
     [33m[2m✓[22m[39m adds minimax provider when MINIMAX_API_KEY is set [33m 332[2mms[22m[39m
     [33m[2m✓[22m[39m adds synthetic provider when SYNTHETIC_API_KEY is set [33m 356[2mms[22m[39m
(node:95276) [DEP0040] DeprecationWarning: The `punycode` module is deprecated. Please use a userland alternative 
instead.
(Use `node --trace-deprecation ...` to show where the warning was created)
[90mstdout[2m | src/telegram/bot.create-telegram-bot.routes-dms-by-telegram-accountid-binding.test.ts[2m > [22m[2mcreateTelegramBot[2m > [22m[2mroutes DMs by telegram accountId binding
[22m[39m[telegram] autoSelectFamily=false (default-node22)

[90mstdout[2m | src/telegram/bot.create-telegram-bot.matches-tg-prefixed-allowfrom-entries-case-insensitively.test.ts[2m > [22m[2mcreateTelegramBot[2m > [22m[2mmatches tg:-prefixed allowFrom entries case-insensitively in group allowlist
[22m[39m[telegram] autoSelectFamily=false (default-node22)

 [32m✓[39m src/agents/skills.build-workspace-skills-prompt.prefers-workspace-skills-managed-skills.test.ts [2m([22m[2m3 tests[22m[2m)[22m[33m 1405[2mms[22m[39m
     [33m[2m✓[22m[39m gates by bins, config, and always [33m 964[2mms[22m[39m
     [33m[2m✓[22m[39m uses skillKey for config lookups [33m 338[2mms[22m[39m
 [32m✓[39m src/cli/skills-cli.test.ts [2m([22m[2m13 tests[22m[2m)[22m[33m 1580[2mms[22m[39m
       [33m[2m✓[22m[39m loads bundled skills and formats them [33m 889[2mms[22m[39m
       [33m[2m✓[22m[39m formats info for a real bundled skill (peekaboo) [33m 654[2mms[22m[39m
 [32m✓[39m src/browser/pw-tools-core.last-file-chooser-arm-wins.test.ts [2m([22m[2m3 tests[22m[2m)[22m[33m 1739[2mms[22m[39m
     [33m[2m✓[22m[39m last file-chooser arm wins [33m 1719[2mms[22m[39m
 [32m✓[39m src/browser/pw-tools-core.clamps-timeoutms-scrollintoview.test.ts [2m([22m[2m6 tests[22m[2m)[22m[33m 1762[2mms[22m[39m
     [33m[2m✓[22m[39m clamps timeoutMs for scrollIntoView [33m 1735[2mms[22m[39m
 [32m✓[39m src/cli/gateway.sigterm.test.ts [2m([22m[2m1 test[22m[2m)[22m[33m 1975[2mms[22m[39m
     [33m[2m✓[22m[39m exits 0 on SIGTERM [33m 1969[2mms[22m[39m
 [32m✓[39m src/telegram/bot.create-telegram-bot.routes-dms-by-telegram-accountid-binding.test.ts [2m([22m[2m6 tests[22m[2m)[22m[33m 3627[2mms[22m[39m
     [33m[2m✓[22m[39m allows per-group requireMention override [33m 609[2mms[22m[39m
     [33m[2m✓[22m[39m allows per-topic requireMention override [33m 456[2mms[22m[39m
     [33m[2m✓[22m[39m honors groups default when no explicit group override exists [33m 656[2mms[22m[39m
     [33m[2m✓[22m[39m does not block group messages when bot username is unknown [33m 415[2mms[22m[39m
     [33m[2m✓[22m[39m sends GIF replies as animations [33m 1355[2mms[22m[39m
 [32m✓[39m src/cron/service.runs-one-shot-main-job-disables-it.test.ts [2m([22m[2m9 tests[22m[2m)[22m[33m 595[2mms[22m[39m
[90mstdout[2m | src/browser/server.skips-default-maxchars-explicitly-set-zero.test.ts[2m > [22m[2mbrowser control server[2m > [22m[2mskips default maxChars when explicitly set to zero
[22m[39m[browser/server] Browser control listening on http://127.0.0.1:64109/

[90mstdout[2m | src/browser/server.skips-default-maxchars-explicitly-set-zero.test.ts[2m > [22m[2mbrowser control server[2m > [22m[2mvalidates agent inputs (agent routes)
[22m[39m[browser/server] Browser control listening on http://127.0.0.1:64113/

 [32m✓[39m src/telegram/bot.create-telegram-bot.matches-tg-prefixed-allowfrom-entries-case-insensitively.test.ts [2m([22m[2m6 tests[22m[2m)[22m[33m 3548[2mms[22m[39m
     [33m[2m✓[22m[39m matches tg:-prefixed allowFrom entries case-insensitively in group allowlist [33m 854[2mms[22m[39m
     [33m[2m✓[22m[39m blocks group messages when groupPolicy allowlist has no groupAllowFrom [33m 524[2mms[22m[39m
     [33m[2m✓[22m[39m allows control commands with TG-prefixed groupAllowFrom entries [33m 413[2mms[22m[39m
     [33m[2m✓[22m[39m isolates forum topic sessions and carries thread metadata [33m 561[2mms[22m[39m
     [33m[2m✓[22m[39m falls back to General topic thread id for typing in forums [33m 648[2mms[22m[39m
     [33m[2m✓[22m[39m routes General topic replies using thread id 1 [33m 541[2mms[22m[39m
[90mstdout[2m | src/browser/server.skips-default-maxchars-explicitly-set-zero.test.ts[2m > [22m[2mbrowser control server[2m > [22m[2mcovers common error branches
[22m[39m[browser/server] Browser control listening on http://127.0.0.1:64116/

 [32m✓[39m src/web/logout.test.ts [2m([22m[2m3 tests[22m[2m)[22m[33m 993[2mms[22m[39m
     [33m[2m✓[22m[39m deletes cached credentials when present [33m 908[2mms[22m[39m
[90mstdout[2m | src/browser/server.skips-default-maxchars-explicitly-set-zero.test.ts[2m > [22m[2mbrowser control server[2m > [22m[2mopens tabs via CDP createTarget path
[22m[39m[browser/server] Browser control listening on http://127.0.0.1:64123/

 [32m✓[39m src/browser/server.skips-default-maxchars-explicitly-set-zero.test.ts [2m([22m[2m5 tests[22m[2m)[22m[33m 1205[2mms[22m[39m
     [33m[2m✓[22m[39m skips default maxChars when explicitly set to zero [33m 686[2mms[22m[39m
 [32m✓[39m src/auto-reply/reply.queue.test.ts [2m([22m[2m2 tests[22m[2m)[22m[33m 4806[2mms[22m[39m
     [33m[2m✓[22m[39m collects queued messages and drains after run completes [33m 3178[2mms[22m[39m
     [33m[2m✓[22m[39m summarizes dropped followups when cap is exceeded [33m 1622[2mms[22m[39m
[90mstdout[2m | src/browser/server.serves-status-starts-browser-requested.test.ts[2m > [22m[2mbrowser control server[2m > [22m[2mserves status + starts browser when requested
[22m[39m[browser/server] Browser control listening on http://127.0.0.1:64127/

 [32m✓[39m src/agents/system-prompt-params.test.ts [2m([22m[2m5 tests[22m[2m)[22m[33m 1310[2mms[22m[39m
     [33m[2m✓[22m[39m detects repo root from workspaceDir [33m 1197[2mms[22m[39m
[90mstdout[2m | src/browser/server.serves-status-starts-browser-requested.test.ts[2m > [22m[2mbrowser control server[2m > [22m[2mhandles tabs: list, open, focus conflict on ambiguous prefix
[22m[39m[browser/server] Browser control listening on http://127.0.0.1:64130/

[90mstdout[2m | src/browser/server.covers-additional-endpoint-branches.test.ts[2m > [22m[2mbrowser control server[2m > [22m[2mcovers additional endpoint branches
[22m[39m[browser/server] Browser control listening on http://127.0.0.1:64126/

 [32m✓[39m src/browser/server.serves-status-starts-browser-requested.test.ts [2m([22m[2m2 tests[22m[2m)[22m[33m 1741[2mms[22m[39m
     [33m[2m✓[22m[39m serves status + starts browser when requested [33m 1657[2mms[22m[39m
[90mstdout[2m | src/browser/server.covers-additional-endpoint-branches.test.ts[2m > [22m[2mbackward compatibility (profile parameter)[2m > [22m[2mGET / without profile uses default profile
[22m[39m[browser/server] Browser control listening on http://127.0.0.1:64135/

[90mstdout[2m | src/browser/server.covers-additional-endpoint-branches.test.ts[2m > [22m[2mbackward compatibility (profile parameter)[2m > [22m[2mPOST /start without profile uses default profile
[22m[39m[browser/server] Browser control listening on http://127.0.0.1:64137/

[90mstdout[2m | src/web/auto-reply.partial-reply-gating.test.ts[2m > [22m[2mpartial reply gating[2m > [22m[2mdoes not send partial replies for WhatsApp provider
[22m[39m[whatsapp] Inbound message +1000 -> +2000 (direct, 48 chars)

[90mstdout[2m | src/browser/server.covers-additional-endpoint-branches.test.ts[2m > [22m[2mbackward compatibility (profile parameter)[2m > [22m[2mPOST /stop without profile uses default profile
[22m[39m[browser/server] Browser control listening on http://127.0.0.1:64139/

[90mstdout[2m | src/web/auto-reply.partial-reply-gating.test.ts[2m > [22m[2mpartial reply gating[2m > [22m[2mdoes not send partial replies for WhatsApp provider
[22m[39m[whatsapp] Auto-replied to +1000

[90mstdout[2m | src/web/auto-reply.partial-reply-gating.test.ts[2m > [22m[2mpartial reply gating[2m > [22m[2mdoes not send partial replies for WhatsApp provider
[22m[39m[whatsapp] Listening for personal WhatsApp inbound messages.

[90mstdout[2m | src/browser/server.covers-additional-endpoint-branches.test.ts[2m > [22m[2mbackward compatibility (profile parameter)[2m > [22m[2mGET /tabs without profile uses default profile
[22m[39m[browser/server] Browser control listening on http://127.0.0.1:64142/

[90mstdout[2m | src/browser/server.covers-additional-endpoint-branches.test.ts[2m > [22m[2mbackward compatibility (profile parameter)[2m > [22m[2mPOST /tabs/open without profile uses default profile
[22m[39m[browser/server] Browser control listening on http://127.0.0.1:64145/

[90mstdout[2m | src/browser/server.covers-additional-endpoint-branches.test.ts[2m > [22m[2mbackward compatibility (profile parameter)[2m > [22m[2mGET /profiles returns list of profiles
[22m[39m[browser/server] Browser control listening on http://127.0.0.1:64148/

[90mstdout[2m | src/browser/server.covers-additional-endpoint-branches.test.ts[2m > [22m[2mbackward compatibility (profile parameter)[2m > [22m[2mGET /tabs?profile=gensparx returns tabs for specified profile
[22m[39m[browser/server] Browser control listening on http://127.0.0.1:64150/

[90mstdout[2m | src/browser/server.covers-additional-endpoint-branches.test.ts[2m > [22m[2mbackward compatibility (profile parameter)[2m > [22m[2mPOST /tabs/open?profile=gensparx opens tab in specified profile
[22m[39m[browser/server] Browser control listening on http://127.0.0.1:64153/

[90mstdout[2m | src/browser/server.covers-additional-endpoint-branches.test.ts[2m > [22m[2mbackward compatibility (profile parameter)[2m > [22m[2mGET /tabs?profile=unknown returns 404
[22m[39m[browser/server] Browser control listening on http://127.0.0.1:64157/

 [32m✓[39m src/browser/server.covers-additional-endpoint-branches.test.ts [2m([22m[2m10 tests[22m[2m)[22m[33m 2737[2mms[22m[39m
     [33m[2m✓[22m[39m covers additional endpoint branches [33m 2294[2mms[22m[39m
[90mstdout[2m | src/web/auto-reply.partial-reply-gating.test.ts[2m > [22m[2mpartial reply gating[2m > [22m[2mfalls back from empty senderJid to senderE164 for SenderId
[22m[39m[whatsapp] Inbound message +1000 -> +2000 (direct, 52 chars)

[90mstdout[2m | src/web/auto-reply.partial-reply-gating.test.ts[2m > [22m[2mpartial reply gating[2m > [22m[2mfalls back from empty senderJid to senderE164 for SenderId
[22m[39m[whatsapp] Auto-replied to +1000

[90mstdout[2m | src/web/auto-reply.partial-reply-gating.test.ts[2m > [22m[2mpartial reply gating[2m > [22m[2mfalls back from empty senderJid to senderE164 for SenderId
[22m[39m[whatsapp] Listening for personal WhatsApp inbound messages.

 [32m✓[39m src/cli/program/register.subclis.test.ts [2m([22m[2m4 tests[22m[2m)[22m[33m 3079[2mms[22m[39m
     [33m[2m✓[22m[39m replaces placeholder when registering a subcommand by name [33m 2947[2mms[22m[39m
[90mstdout[2m | src/web/auto-reply.partial-reply-gating.test.ts[2m > [22m[2mpartial reply gating[2m > [22m[2mupdates last-route for direct chats without senderE164
[22m[39m[whatsapp] Inbound message +1000 -> +2000 (direct, 52 chars)

[90mstdout[2m | src/web/auto-reply.partial-reply-gating.test.ts[2m > [22m[2mpartial reply gating[2m > [22m[2mupdates last-route for direct chats without senderE164
[22m[39m[whatsapp] Listening for personal WhatsApp inbound messages.

[90mstdout[2m | src/canvas-host/server.test.ts[2m > [22m[2mcanvas host[2m > [22m[2mcreates a default index.html when missing
[22m[39mcanvas host listening on http://127.0.0.1:64162 (root C:\Users\Shubham\AppData\Local\Temp\gensparx-canvas-BorOfT)

[90mstderr[2m | src/agents/tool-images.test.ts[2m > [22m[2mtool image sanitizing[2m > [22m[2mshrinks oversized 
images to <=5MB
[22m[39m[agents/tool-images] Image exceeds limits; resizing

[90mstdout[2m | src/canvas-host/server.test.ts[2m > [22m[2mcanvas host[2m > [22m[2mskips live reload injection when disabled
[22m[39mcanvas host listening on http://127.0.0.1:64164 (root C:\Users\Shubham\AppData\Local\Temp\gensparx-canvas-lcwVHh)

[90mstdout[2m | src/web/auto-reply.partial-reply-gating.test.ts[2m > [22m[2mpartial reply gating[2m > [22m[2mupdates last-route for group chats with account id
[22m[39m[whatsapp] Listening for personal WhatsApp inbound messages.

[90mstdout[2m | src/canvas-host/server.test.ts[2m > [22m[2mcanvas host[2m > [22m[2mreuses a handler without closing it twice
[22m[39mcanvas host listening on http://127.0.0.1:64170 (root C:\Users\Shubham\AppData\Local\Temp\gensparx-canvas-odNsS0)

[90mstdout[2m | src/canvas-host/server.test.ts[2m > [22m[2mcanvas host[2m > [22m[2mserves HTML with injection and broadcasts reload on file changes
[22m[39mcanvas host listening on http://127.0.0.1:64171 (root C:\Users\Shubham\AppData\Local\Temp\gensparx-canvas-CENHCv)

[90mstdout[2m | src/browser/server.agent-contract-form-layout-act-commands.test.ts[2m > [22m[2mbrowser control server[2m > [22m[2magent contract: form + layout act commands
[22m[39m[browser/server] Browser control listening on http://127.0.0.1:64159/

[90mstdout[2m | src/browser/server.agent-contract-form-layout-act-commands.test.ts[2m > [22m[2mbrowser control server[2m > [22m[2mblocks act:evaluate when browser.evaluateEnabled=false
[22m[39m[browser/server] Browser control listening on http://127.0.0.1:64176/

[90mstdout[2m | src/browser/server.agent-contract-form-layout-act-commands.test.ts[2m > [22m[2mbrowser control server[2m > [22m[2magent contract: hooks + response + downloads + screenshot
[22m[39m[browser/server] Browser control listening on http://127.0.0.1:64180/

[90mstdout[2m | src/agents/tool-images.test.ts[2m > [22m[2mtool image sanitizing[2m > [22m[2mshrinks oversized images to <=5MB
[22m[39m[agents/tool-images] Image resized

[90mstderr[2m | src/agents/tool-images.test.ts[2m > [22m[2mtool image sanitizing[2m > [22m[2msanitizes image 
arrays and reports drops
[22m[39m[agents/tool-images] Image exceeds limits; resizing

[90mstdout[2m | src/browser/server.agent-contract-form-layout-act-commands.test.ts[2m > [22m[2mbrowser control server[2m > [22m[2magent contract: stop endpoint
[22m[39m[browser/server] Browser control listening on http://127.0.0.1:64183/

[90mstdout[2m | src/canvas-host/server.test.ts[2m > [22m[2mcanvas host[2m > [22m[2mserves the gateway-hosted A2UI scaffold
[22m[39mcanvas host listening on http://127.0.0.1:64185 (root C:\Users\Shubham\AppData\Local\Temp\gensparx-canvas-gan4dl)

 [32m✓[39m src/browser/server.agent-contract-form-layout-act-commands.test.ts [2m([22m[2m4 tests[22m[2m)[22m[33m 943[2mms[22m[39m
     [33m[2m✓[22m[39m agent contract: form + layout act commands [33m 758[2mms[22m[39m
[90mstdout[2m | src/agents/tool-images.test.ts[2m > [22m[2mtool image sanitizing[2m > [22m[2msanitizes image arrays and reports drops
[22m[39m[agents/tool-images] Image resized

[90mstderr[2m | src/agents/tool-images.test.ts[2m > [22m[2mtool image sanitizing[2m > [22m[2mshrinks images 
that exceed max dimension even if size is small
[22m[39m[agents/tool-images] Image exceeds limits; resizing

 [32m✓[39m src/canvas-host/server.test.ts [2m([22m[2m7 tests[22m[2m)[22m[33m 803[2mms[22m[39m
     [33m[2m✓[22m[39m serves HTML with injection and broadcasts reload on file changes [33m 421[2mms[22m[39m
[90mstdout[2m | src/agents/tool-images.test.ts[2m > [22m[2mtool image sanitizing[2m > [22m[2mshrinks images that exceed max dimension even if size is small
[22m[39m[agents/tool-images] Image resized

 [32m✓[39m src/agents/tool-images.test.ts [2m([22m[2m4 tests[22m[2m)[22m[33m 994[2mms[22m[39m
     [33m[2m✓[22m[39m shrinks oversized images to <=5MB [33m 698[2mms[22m[39m
 [32m✓[39m src/config/config.env-vars.test.ts [2m([22m[2m3 tests[22m[2m)[22m[33m 2396[2mms[22m[39m
     [33m[2m✓[22m[39m applies env vars from env block when missing [33m 1031[2mms[22m[39m
     [33m[2m✓[22m[39m does not override existing env vars [33m 806[2mms[22m[39m
     [33m[2m✓[22m[39m applies env vars from env.vars when missing [33m 553[2mms[22m[39m
[90mstdout[2m | src/browser/server.post-tabs-open-profile-unknown-returns-404.test.ts[2m > [22m[2mbrowser control server[2m > [22m[2mPOST /tabs/open?profile=unknown returns 404
[22m[39m[browser/server] Browser control listening on http://127.0.0.1:64179/

[90mstdout[2m | src/browser/server.post-tabs-open-profile-unknown-returns-404.test.ts[2m > [22m[2mprofile CRUD endpoints[2m > [22m[2mPOST /profiles/create returns 400 for missing name
[22m[39m[browser/server] Browser control listening on http://127.0.0.1:64190/

[90mstdout[2m | src/browser/server.post-tabs-open-profile-unknown-returns-404.test.ts[2m > [22m[2mprofile CRUD endpoints[2m > [22m[2mPOST /profiles/create returns 400 for invalid name format
[22m[39m[browser/server] Browser control listening on http://127.0.0.1:64192/

[90mstdout[2m | src/browser/server.post-tabs-open-profile-unknown-returns-404.test.ts[2m > [22m[2mprofile CRUD endpoints[2m > [22m[2mPOST /profiles/create returns 409 for duplicate name
[22m[39m[browser/server] Browser control listening on http://127.0.0.1:64194/

[90mstdout[2m | src/browser/server.post-tabs-open-profile-unknown-returns-404.test.ts[2m > [22m[2mprofile CRUD endpoints[2m > [22m[2mPOST /profiles/create accepts cdpUrl for remote profiles
[22m[39m[browser/server] Browser control listening on http://127.0.0.1:64196/

[90mstdout[2m | src/browser/server.post-tabs-open-profile-unknown-returns-404.test.ts[2m > [22m[2mprofile CRUD endpoints[2m > [22m[2mPOST /profiles/create returns 400 for invalid cdpUrl
[22m[39m[browser/server] Browser control listening on http://127.0.0.1:64198/

[90mstdout[2m | src/browser/server.post-tabs-open-profile-unknown-returns-404.test.ts[2m > [22m[2mprofile CRUD endpoints[2m > [22m[2mDELETE /profiles/:name returns 404 for non-existent profile
[22m[39m[browser/server] Browser control listening on http://127.0.0.1:64200/

[90mstdout[2m | src/browser/server.post-tabs-open-profile-unknown-returns-404.test.ts[2m > [22m[2mprofile CRUD endpoints[2m > [22m[2mDELETE /profiles/:name returns 400 for default profile deletion
[22m[39m[browser/server] Browser control listening on http://127.0.0.1:64202/

[90mstdout[2m | src/browser/server.post-tabs-open-profile-unknown-returns-404.test.ts[2m > [22m[2mprofile CRUD endpoints[2m > [22m[2mDELETE /profiles/:name returns 400 for invalid name format
[22m[39m[browser/server] Browser control listening on http://127.0.0.1:64204/

 [32m✓[39m src/browser/server.post-tabs-open-profile-unknown-returns-404.test.ts [2m([22m[2m9 tests[22m[2m)[22m[33m 1441[2mms[22m[39m
     [33m[2m✓[22m[39m POST /tabs/open?profile=unknown returns 404 [33m 1217[2mms[22m[39m
 [32m✓[39m src/web/auto-reply.partial-reply-gating.test.ts [2m([22m[2m5 tests[22m[2m)[22m[33m 3996[2mms[22m[39m
     [33m[2m✓[22m[39m does not send partial replies for WhatsApp provider [33m 680[2mms[22m[39m
     [33m[2m✓[22m[39m falls back from empty senderJid to senderE164 for SenderId [33m 633[2mms[22m[39m
     [33m[2m✓[22m[39m updates last-route for direct chats without senderE164 [33m 377[2mms[22m[39m
     [33m[2m✓[22m[39m updates last-route for group chats with account id [33m 422[2mms[22m[39m
     [33m[2m✓[22m[39m defaults to self-only when no config is present [33m 1871[2mms[22m[39m
(node:95276) [DEP0040] DeprecationWarning: The `punycode` module is deprecated. Please use a userland alternative 
instead.
(Use `node --trace-deprecation ...` to show where the warning was created)
 [32m✓[39m src/config/config.compaction-settings.test.ts [2m([22m[2m2 tests[22m[2m)[22m[33m 1044[2mms[22m[39m
     [33m[2m✓[22m[39m preserves memory flush config values [33m 530[2mms[22m[39m
     [33m[2m✓[22m[39m defaults compaction mode to safeguard [33m 508[2mms[22m[39m
[90mstdout[2m | src/agents/claude-cli-runner.test.ts[2m > [22m[2mrunClaudeCliAgent[2m > [22m[2mstarts a new session with --session-id when none is provided
[22m[39m[agent/claude-cli] cli exec: provider=claude-cli model=opus promptChars=2

[90mstdout[2m | src/agents/claude-cli-runner.test.ts[2m > [22m[2mrunClaudeCliAgent[2m > [22m[2muses --resume when a claude session id is provided
[22m[39m[agent/claude-cli] cli exec: provider=claude-cli model=opus promptChars=2

 [32m✓[39m src/agents/models-config.uses-first-github-copilot-profile-env-tokens.test.ts [2m([22m[2m2 tests[22m[2m)[22m[33m 809[2mms[22m[39m
     [33m[2m✓[22m[39m uses the first github-copilot profile when env tokens are missing [33m 411[2mms[22m[39m
     [33m[2m✓[22m[39m does not override explicit github-copilot provider config [33m 391[2mms[22m[39m
[90mstdout[2m | src/agents/claude-cli-runner.test.ts[2m > [22m[2mrunClaudeCliAgent[2m > [22m[2mserializes concurrent claude-cli runs
[22m[39m[agent/claude-cli] cli exec: provider=claude-cli model=opus promptChars=5

[90mstdout[2m | src/agents/claude-cli-runner.test.ts[2m > [22m[2mrunClaudeCliAgent[2m > [22m[2mserializes concurrent claude-cli runs
[22m[39m[agent/claude-cli] cli exec: provider=claude-cli model=opus promptChars=6

 [32m✓[39m src/agents/claude-cli-runner.test.ts [2m([22m[2m3 tests[22m[2m)[22m[33m 1722[2mms[22m[39m
     [33m[2m✓[22m[39m starts a new session with --session-id when none is provided [33m 1300[2mms[22m[39m
 [32m✓[39m src/tui/theme/theme.test.ts [2m([22m[2m10 tests[22m[2m)[22m[33m 2269[2mms[22m[39m
       [33m[2m✓[22m[39m should handle unknown languages gracefully [33m 1968[2mms[22m[39m
[90mstdout[2m | src/browser/server.agent-contract-snapshot-endpoints.test.ts[2m > [22m[2mbrowser control server[2m > [22m[2magent contract: snapshot endpoints
[22m[39m[browser/server] Browser control listening on http://127.0.0.1:64208/

 [32m✓[39m src/cli/cron-cli.test.ts [2m([22m[2m15 tests[22m[2m)[22m[33m 1542[2mms[22m[39m
     [33m[2m✓[22m[39m trims model and thinking on cron add [33m 1460[2mms[22m[39m
[90mstdout[2m | src/browser/server.agent-contract-snapshot-endpoints.test.ts[2m > [22m[2mbrowser control server[2m > [22m[2magent contract: navigation + common act commands
[22m[39m[browser/server] Browser control listening on http://127.0.0.1:64211/

 [32m✓[39m src/browser/server.agent-contract-snapshot-endpoints.test.ts [2m([22m[2m2 tests[22m[2m)[22m[33m 999[2mms[22m[39m
     [33m[2m✓[22m[39m agent contract: snapshot endpoints [33m 836[2mms[22m[39m
 [32m✓[39m src/auto-reply/skill-commands.test.ts [2m([22m[2m5 tests[22m[2m)[22m[33m 1052[2mms[22m[39m
     [33m[2m✓[22m[39m merges command names across agents and de-duplicates [33m 1032[2mms[22m[39m
[90mstdout[2m | src/signal/monitor.tool-result.pairs-uuid-only-senders-uuid-allowlist-entry.test.ts[2m > [22m[2mmonitorSignalProvider tool results[2m > [22m[2mreconnects after stream errors until aborted
[22m[39mSignal SSE connection lost, reconnecting in 1s...

[90mstderr[2m | src/signal/monitor.tool-result.pairs-uuid-only-senders-uuid-allowlist-entry.test.ts[2m > 
[22m[2mmonitorSignalProvider tool results[2m > [22m[2mreconnects after stream errors until aborted
[22m[39mSignal SSE stream error: Error: stream dropped

 [32m✓[39m src/signal/monitor.tool-result.pairs-uuid-only-senders-uuid-allowlist-entry.test.ts [2m([22m[2m2 tests[22m[2m)[22m[33m 1067[2mms[22m[39m
     [33m[2m✓[22m[39m reconnects after stream errors until aborted [33m 1021[2mms[22m[39m
 [31m❯[39m src/config/config.talk-api-key-fallback.test.ts [2m([22m[2m2 tests[22m[2m | [22m[31m1 failed[39m[2m)[22m[33m 798[2mms[22m[39m
[31m     [31m×[31m injects talk.apiKey from profile when config is missing[39m[33m 440[2mms[22m[39m
     [33m[2m✓[22m[39m prefers ELEVENLABS_API_KEY env over profile [33m 352[2mms[22m[39m
 [32m✓[39m src/config/config.broadcast.test.ts [2m([22m[2m3 tests[22m[2m)[22m[33m 928[2mms[22m[39m
     [33m[2m✓[22m[39m accepts a broadcast peer map with strategy [33m 317[2mms[22m[39m
     [33m[2m✓[22m[39m rejects invalid broadcast strategy [33m 323[2mms[22m[39m
(node:95276) [DEP0040] DeprecationWarning: The `punycode` module is deprecated. Please use a userland alternative 
instead.
(Use `node --trace-deprecation ...` to show where the warning was created)
[90mstdout[2m | src/agents/cli-runner.test.ts[2m > [22m[2mrunCliAgent resume cleanup[2m > [22m[2mkills stale resume processes for codex sessions
[22m[39m[agent/claude-cli] cli exec: provider=codex-cli model=gpt-5.2-codex promptChars=2

 [32m✓[39m src/agents/cli-runner.test.ts [2m([22m[2m4 tests[22m[2m)[22m[33m 1400[2mms[22m[39m
     [33m[2m✓[22m[39m kills stale resume processes for codex sessions [33m 1355[2mms[22m[39m
[90mstdout[2m | src/web/auto-reply.web-auto-reply.falls-back-text-media-send-fails.test.ts[2m > [22m[2mweb auto-reply[2m > [22m[2mfalls back to text when media send fails
[22m[39m[whatsapp] Listening for personal WhatsApp inbound messages.

[90mstdout[2m | src/web/auto-reply.web-auto-reply.falls-back-text-media-send-fails.test.ts[2m > [22m[2mweb auto-reply[2m > [22m[2mfalls back to text when media send fails
[22m[39m[whatsapp] Inbound message +1 -> +2 (undefined, 19 chars)

[90mstderr[2m | src/web/auto-reply.web-auto-reply.falls-back-text-media-send-fails.test.ts[2m > [22m[2mweb 
auto-reply[2m > [22m[2mfalls back to text when media send fails
[22m[39m[whatsapp] Failed sending web media to +1: boom
[whatsapp] Media skipped; sent text-only to +1

[90mstdout[2m | src/web/auto-reply.web-auto-reply.falls-back-text-media-send-fails.test.ts[2m > [22m[2mweb auto-reply[2m > [22m[2mfalls back to text when media send fails
[22m[39m[whatsapp] Auto-replied to +1 (media)

[90mstdout[2m | src/web/auto-reply.web-auto-reply.falls-back-text-media-send-fails.test.ts[2m > [22m[2mweb auto-reply[2m > [22m[2mreturns a warning when remote media fetch 404s
[22m[39m[whatsapp] Listening for personal WhatsApp inbound messages.

[90mstdout[2m | src/web/auto-reply.web-auto-reply.falls-back-text-media-send-fails.test.ts[2m > [22m[2mweb auto-reply[2m > [22m[2mreturns a warning when remote media fetch 404s
[22m[39m[whatsapp] Inbound message +1 -> +2 (undefined, 19 chars)

[90mstderr[2m | src/web/auto-reply.web-auto-reply.falls-back-text-media-send-fails.test.ts[2m > [22m[2mweb 
auto-reply[2m > [22m[2mreturns a warning when remote media fetch 404s
[22m[39m[whatsapp] Failed sending web media to +1: Failed to fetch media from https://example.com/missing.jpg: HTTP 
404; empty response body
[whatsapp] Media skipped; sent text-only to +1

[90mstdout[2m | src/web/auto-reply.web-auto-reply.falls-back-text-media-send-fails.test.ts[2m > [22m[2mweb auto-reply[2m > [22m[2mreturns a warning when remote media fetch 404s
[22m[39m[whatsapp] Auto-replied to +1 (media)

[90mstdout[2m | src/web/auto-reply.web-auto-reply.falls-back-text-media-send-fails.test.ts[2m > [22m[2mweb auto-reply[2m > [22m[2mcompresses media over 5MB and still sends it
[22m[39m[whatsapp] Listening for personal WhatsApp inbound messages.

[90mstdout[2m | src/web/auto-reply.web-auto-reply.falls-back-text-media-send-fails.test.ts[2m > [22m[2mweb auto-reply[2m > [22m[2mcompresses media over 5MB and still sends it
[22m[39m[whatsapp] Inbound message +1 -> +2 (undefined, 19 chars)

[90mstdout[2m | src/web/auto-reply.web-auto-reply.falls-back-text-media-send-fails.test.ts[2m > [22m[2mweb auto-reply[2m > [22m[2mcompresses media over 5MB and still sends it
[22m[39m[whatsapp] Sent media reply to +1 (0.01MB)

[90mstdout[2m | src/web/auto-reply.web-auto-reply.falls-back-text-media-send-fails.test.ts[2m > [22m[2mweb auto-reply[2m > [22m[2mcompresses media over 5MB and still sends it
[22m[39m[whatsapp] Auto-replied to +1 (media)

 [32m✓[39m src/web/auto-reply.web-auto-reply.falls-back-text-media-send-fails.test.ts [2m([22m[2m3 tests[22m[2m)[22m[33m 997[2mms[22m[39m
     [33m[2m✓[22m[39m compresses media over 5MB and still sends it [33m 741[2mms[22m[39m
 [32m✓[39m src/cli/logs-cli.test.ts [2m([22m[2m2 tests[22m[2m)[22m[33m 850[2mms[22m[39m
     [33m[2m✓[22m[39m writes output directly to stdout/stderr [33m 839[2mms[22m[39m
 [32m✓[39m src/agents/models-config.auto-injects-github-copilot-provider-token-is.test.ts [2m([22m[2m2 tests[22m[2m)[22m[33m 1441[2mms[22m[39m
     [33m[2m✓[22m[39m auto-injects github-copilot provider when token is present [33m 430[2mms[22m[39m
     [33m[2m✓[22m[39m prefers COPILOT_GITHUB_TOKEN over GH_TOKEN and GITHUB_TOKEN [33m 1005[2mms[22m[39m
(node:95276) [DEP0040] DeprecationWarning: The `punycode` module is deprecated. Please use a userland alternative 
instead.
(Use `node --trace-deprecation ...` to show where the warning was created)
 [32m✓[39m src/config/config.multi-agent-agentdir-validation.test.ts [2m([22m[2m2 tests[22m[2m)[22m[33m 679[2mms[22m[39m
     [33m[2m✓[22m[39m throws on shared agentDir during loadConfig() [33m 384[2mms[22m[39m
 [32m✓[39m src/agents/tools/image-tool.test.ts [2m([22m[2m14 tests[22m[2m)[22m[33m 529[2mms[22m[39m
 [32m✓[39m src/agents/openclaw-tools.session-status.test.ts [2m([22m[2m7 tests[22m[2m)[22m[33m 1133[2mms[22m[39m
     [33m[2m✓[22m[39m returns a status card for the current session [33m 1072[2mms[22m[39m
 [32m✓[39m src/config/config.sandbox-docker.test.ts [2m([22m[2m2 tests[22m[2m)[22m[33m 725[2mms[22m[39m
     [33m[2m✓[22m[39m accepts binds array in sandbox.docker config [33m 340[2mms[22m[39m
     [33m[2m✓[22m[39m rejects non-string values in binds array [33m 378[2mms[22m[39m
[90mstderr[2m | src/plugins/tools.optional.test.ts[2m > [22m[2mresolvePluginTools optional tools[2m > 
[22m[2mrejects plugin id collisions with core tool names
[22m[39m[plugins] plugin id conflicts with core tool name (message)

[90mstderr[2m | src/plugins/tools.optional.test.ts[2m > [22m[2mresolvePluginTools optional tools[2m > 
[22m[2mskips conflicting tool names but keeps other tools
[22m[39m[plugins] plugin tool name conflict (multi): message

 [32m✓[39m src/plugins/tools.optional.test.ts [2m([22m[2m5 tests[22m[2m)[22m[33m 706[2mms[22m[39m
     [33m[2m✓[22m[39m skips optional tools without explicit allowlist [33m 442[2mms[22m[39m
 [32m✓[39m src/line/bot-handlers.test.ts [2m([22m[2m4 tests[22m[2m)[22m[33m 1285[2mms[22m[39m
 [32m✓[39m src/agents/models-config.fills-missing-provider-apikey-from-env-var.test.ts [2m([22m[2m2 tests[22m[2m)[22m[33m 1737[2mms[22m[39m
     [33m[2m✓[22m[39m fills missing provider.apiKey from env var name when models exist [33m 445[2mms[22m[39m
     [33m[2m✓[22m[39m merges providers by default [33m 1282[2mms[22m[39m
 [32m✓[39m src/channels/plugins/actions/discord.test.ts [2m([22m[2m6 tests[22m[2m)[22m[33m 1932[2mms[22m[39m
     [33m[2m✓[22m[39m lists channel and upload actions by default [33m 1884[2mms[22m[39m
(node:95276) [DEP0040] DeprecationWarning: The `punycode` module is deprecated. Please use a userland alternative 
instead.
(Use `node --trace-deprecation ...` to show where the warning was created)
(node:95276) [DEP0040] DeprecationWarning: The `punycode` module is deprecated. Please use a userland alternative 
instead.
(Use `node --trace-deprecation ...` to show where the warning was created)
 [32m✓[39m src/infra/transport-ready.test.ts [2m([22m[2m3 tests[22m[2m)[22m[33m 629[2mms[22m[39m
     [33m[2m✓[22m[39m returns when the check succeeds and logs after the delay [33m 374[2mms[22m[39m
 [32m✓[39m src/cli/exec-approvals-cli.test.ts [2m([22m[2m4 tests[22m[2m)[22m[33m 1233[2mms[22m[39m
     [33m[2m✓[22m[39m loads local approvals by default [33m 1208[2mms[22m[39m
 [32m✓[39m src/agents/models-config.falls-back-default-baseurl-token-exchange-fails.test.ts [2m([22m[2m2 tests[22m[2m)[22m[33m 811[2mms[22m[39m
     [33m[2m✓[22m[39m falls back to default baseUrl when token exchange fails [33m 460[2mms[22m[39m
     [33m[2m✓[22m[39m uses agentDir override auth profiles for copilot injection [33m 343[2mms[22m[39m
 [32m✓[39m src/commands/doctor-state-migrations.test.ts [2m([22m[2m14 tests[22m[2m)[22m[33m 461[2mms[22m[39m
 [32m✓[39m src/agents/tools/web-tools.readability.test.ts [2m([22m[2m2 tests[22m[2m)[22m[33m 682[2mms[22m[39m
     [33m[2m✓[22m[39m extracts readable text [33m 661[2mms[22m[39m
 [32m✓[39m src/pairing/pairing-store.test.ts [2m([22m[2m4 tests[22m[2m)[22m[32m 280[2mms[22m[39m
(node:95276) [DEP0040] DeprecationWarning: The `punycode` module is deprecated. Please use a userland alternative 
instead.
(Use `node --trace-deprecation ...` to show where the warning was created)
 [32m✓[39m src/infra/gateway-lock.test.ts [2m([22m[2m3 tests[22m[2m)[22m[33m 431[2mms[22m[39m
(node:95276) [DEP0040] DeprecationWarning: The `punycode` module is deprecated. Please use a userland alternative 
instead.
(Use `node --trace-deprecation ...` to show where the warning was created)
 [32m✓[39m src/config/config.msteams.test.ts [2m([22m[2m2 tests[22m[2m)[22m[33m 638[2mms[22m[39m
     [33m[2m✓[22m[39m accepts replyStyle at global/team/channel levels [33m 304[2mms[22m[39m
     [33m[2m✓[22m[39m rejects invalid replyStyle [33m 322[2mms[22m[39m
 [32m✓[39m src/config/config.preservation-on-validation-failure.test.ts [2m([22m[2m2 tests[22m[2m)[22m[33m 1349[2mms[22m[39m
     [33m[2m✓[22m[39m rejects unknown fields [33m 347[2mms[22m[39m
     [33m[2m✓[22m[39m flags legacy config entries without auto-migrating [33m 993[2mms[22m[39m
 [32m✓[39m src/agents/tools/web-tools.fetch.test.ts [2m([22m[2m11 tests[22m[2m)[22m[33m 710[2mms[22m[39m
     [33m[2m✓[22m[39m falls back to firecrawl when readability returns no content [33m 619[2mms[22m[39m
 [32m✓[39m src/auto-reply/status.test.ts [2m([22m[2m19 tests[22m[2m)[22m[33m 463[2mms[22m[39m
     [33m[2m✓[22m[39m prefers cached prompt tokens from the session log [33m 399[2mms[22m[39m
[90mstdout[2m | src/web/login.test.ts[2m > [22m[2mweb login[2m > [22m[2mloginWeb waits for connection and closes
[22m[39mWaiting for WhatsApp connection...

[90mstdout[2m | src/web/login.test.ts[2m > [22m[2mweb login[2m > [22m[2mloginWeb waits for connection and closes
[22m[39m✅ Linked! Credentials saved for future sends.

 [32m✓[39m src/process/child-process-bridge.test.ts [2m([22m[2m1 test[22m[2m)[22m[33m 858[2mms[22m[39m
     [33m[2m✓[22m[39m forwards SIGTERM to the wrapped child [33m 852[2mms[22m[39m
(node:95276) [DEP0040] DeprecationWarning: The `punycode` module is deprecated. Please use a userland alternative 
instead.
(Use `node --trace-deprecation ...` to show where the warning was created)
 [32m✓[39m src/web/login.test.ts [2m([22m[2m1 test[22m[2m)[22m[33m 813[2mms[22m[39m
     [33m[2m✓[22m[39m loginWeb waits for connection and closes [33m 795[2mms[22m[39m
(node:95276) [DEP0040] DeprecationWarning: The `punycode` module is deprecated. Please use a userland alternative 
instead.
(Use `node --trace-deprecation ...` to show where the warning was created)
 [32m✓[39m src/commands/models/list.status.test.ts [2m([22m[2m5 tests[22m[2m)[22m[33m 736[2mms[22m[39m
     [33m[2m✓[22m[39m labels defaults when --agent has no overrides [33m 682[2mms[22m[39m
 [32m✓[39m src/auto-reply/reply.media-note.test.ts [2m([22m[2m1 test[22m[2m)[22m[33m 2240[2mms[22m[39m
     [33m[2m✓[22m[39m includes all MediaPaths in the agent prompt [33m 2234[2mms[22m[39m
 [32m✓[39m src/config/config.talk-voicealiases.test.ts [2m([22m[2m2 tests[22m[2m)[22m[33m 667[2mms[22m[39m
     [33m[2m✓[22m[39m rejects non-string voice alias values [33m 384[2mms[22m[39m
 [32m✓[39m src/cli/program.nodes-media.test.ts [2m([22m[2m7 tests[22m[2m)[22m[33m 966[2mms[22m[39m
     [33m[2m✓[22m[39m runs nodes camera snap and prints two MEDIA paths [33m 701[2mms[22m[39m
 [32m✓[39m src/agents/bash-tools.exec.path.test.ts [2m([22m[2m3 tests[22m[2m)[22m[33m 550[2mms[22m[39m
     [33m[2m✓[22m[39m blocks LD_/DYLD_ env vars on host execution [33m 538[2mms[22m[39m
 [32m✓[39m src/process/exec.test.ts [2m([22m[2m2 tests[22m[2m)[22m[33m 795[2mms[22m[39m
     [33m[2m✓[22m[39m passes env overrides to child [33m 348[2mms[22m[39m
     [33m[2m✓[22m[39m merges custom env with process.env [33m 440[2mms[22m[39m
 [32m✓[39m src/config/config.gateway-remote-transport.test.ts [2m([22m[2m2 tests[22m[2m)[22m[33m 721[2mms[22m[39m
     [33m[2m✓[22m[39m accepts direct transport [33m 313[2mms[22m[39m
     [33m[2m✓[22m[39m rejects unknown transport [33m 397[2mms[22m[39m
 [32m✓[39m src/config/sessions.test.ts [2m([22m[2m26 tests[22m[2m)[22m[33m 379[2mms[22m[39m
[90mstderr[2m | src/plugins/loader.test.ts[2m > [22m[2mloadGenSparxPlugins[2m > [22m[2mfails fast on invalid 
plugin config
[22m[39m[plugins] configurable invalid config: <root>: must be object

 [32m✓[39m src/config/config.agent-concurrency-defaults.test.ts [2m([22m[2m4 tests[22m[2m)[22m[33m 534[2mms[22m[39m
     [33m[2m✓[22m[39m injects defaults on load [33m 520[2mms[22m[39m
 [32m✓[39m src/plugins/loader.test.ts [2m([22m[2m14 tests[22m[2m)[22m[33m 1113[2mms[22m[39m
     [33m[2m✓[22m[39m disables bundled plugins by default [33m 600[2mms[22m[39m
 [32m✓[39m src/infra/update-runner.test.ts [2m([22m[2m10 tests[22m[2m)[22m[33m 3234[2mms[22m[39m
     [33m[2m✓[22m[39m aborts rebase on failure [33m 338[2mms[22m[39m
     [33m[2m✓[22m[39m skips update when no git root [33m 322[2mms[22m[39m
     [33m[2m✓[22m[39m updates global npm installs when detected [33m 620[2mms[22m[39m
     [33m[2m✓[22m[39m updates global npm installs with tag override [33m 396[2mms[22m[39m
     [33m[2m✓[22m[39m updates global bun installs when detected [33m 822[2mms[22m[39m
 [32m✓[39m src/imessage/send.test.ts [2m([22m[2m4 tests[22m[2m)[22m[33m 421[2mms[22m[39m
     [33m[2m✓[22m[39m sends to chat_id targets [33m 329[2mms[22m[39m
 [32m✓[39m src/security/audit.test.ts [2m([22m[2m40 tests[22m[2m)[22m[33m 1817[2mms[22m[39m
     [33m[2m✓[22m[39m flags group/world-readable config include files [33m 700[2mms[22m[39m
(node:95276) [DEP0040] DeprecationWarning: The `punycode` module is deprecated. Please use a userland alternative 
instead.
(Use `node --trace-deprecation ...` to show where the warning was created)
 [32m✓[39m src/infra/tailscale.test.ts [2m([22m[2m10 tests[22m[2m)[22m[33m 867[2mms[22m[39m
 [32m✓[39m src/config/config.discord.test.ts [2m([22m[2m1 test[22m[2m)[22m[33m 511[2mms[22m[39m
     [33m[2m✓[22m[39m loads discord guild map + dm group settings [33m 505[2mms[22m[39m
 [32m✓[39m src/agents/model-auth.test.ts [2m([22m[2m9 tests[22m[2m)[22m[33m 342[2mms[22m[39m
(node:95276) [DEP0040] DeprecationWarning: The `punycode` module is deprecated. Please use a userland alternative 
instead.
(Use `node --trace-deprecation ...` to show where the warning was created)
[90mstdout[2m | src/web/auto-reply.web-auto-reply.prefixes-body-same-phone-marker-from.test.ts[2m > [22m[2mweb auto-reply[2m > [22m[2mprefixes body with same-phone marker when from === to
[22m[39m[whatsapp] Listening for personal WhatsApp inbound messages.

[90mstdout[2m | src/web/auto-reply.web-auto-reply.prefixes-body-same-phone-marker-from.test.ts[2m > [22m[2mweb auto-reply[2m > [22m[2mprefixes body with same-phone marker when from === to
[22m[39m[whatsapp] Inbound message +1555 -> +1555 (undefined, 35 chars)

[90mstdout[2m | src/web/auto-reply.web-auto-reply.prefixes-body-same-phone-marker-from.test.ts[2m > [22m[2mweb auto-reply[2m > [22m[2mprefixes body with same-phone marker when from === to
[22m[39m[whatsapp] Auto-replied to +1555

[90mstdout[2m | src/web/auto-reply.web-auto-reply.prefixes-body-same-phone-marker-from.test.ts[2m > [22m[2mweb auto-reply[2m > [22m[2mdoes not prefix body when from !== to
[22m[39m[whatsapp] Listening for personal WhatsApp inbound messages.

[90mstdout[2m | src/web/auto-reply.web-auto-reply.prefixes-body-same-phone-marker-from.test.ts[2m > [22m[2mweb auto-reply[2m > [22m[2mdoes not prefix body when from !== to
[22m[39m[whatsapp] Inbound message +1555 -> +2666 (undefined, 22 chars)

[90mstdout[2m | src/web/auto-reply.web-auto-reply.prefixes-body-same-phone-marker-from.test.ts[2m > [22m[2mweb auto-reply[2m > [22m[2mdoes not prefix body when from !== to
[22m[39m[whatsapp] Auto-replied to +1555

[90mstdout[2m | src/web/auto-reply.web-auto-reply.prefixes-body-same-phone-marker-from.test.ts[2m > [22m[2mweb auto-reply[2m > [22m[2mforwards reply-to context to resolver
[22m[39m[whatsapp] Listening for personal WhatsApp inbound messages.

[90mstdout[2m | src/web/auto-reply.web-auto-reply.prefixes-body-same-phone-marker-from.test.ts[2m > [22m[2mweb auto-reply[2m > [22m[2mforwards reply-to context to resolver
[22m[39m[whatsapp] Inbound message +1555 -> +2666 (undefined, 70 chars)

[90mstdout[2m | src/web/auto-reply.web-auto-reply.prefixes-body-same-phone-marker-from.test.ts[2m > [22m[2mweb auto-reply[2m > [22m[2mforwards reply-to context to resolver
[22m[39m[whatsapp] Auto-replied to +1555

[90mstdout[2m | src/web/auto-reply.web-auto-reply.prefixes-body-same-phone-marker-from.test.ts[2m > [22m[2mweb auto-reply[2m > [22m[2mapplies responsePrefix to regular replies
[22m[39m[whatsapp] Listening for personal WhatsApp inbound messages.

[90mstdout[2m | src/web/auto-reply.web-auto-reply.prefixes-body-same-phone-marker-from.test.ts[2m > [22m[2mweb auto-reply[2m > [22m[2mapplies responsePrefix to regular replies
[22m[39m[whatsapp] Inbound message +1555 -> +2666 (undefined, 19 chars)

[90mstdout[2m | src/web/auto-reply.web-auto-reply.prefixes-body-same-phone-marker-from.test.ts[2m > [22m[2mweb auto-reply[2m > [22m[2mapplies responsePrefix to regular replies
[22m[39m[whatsapp] Auto-replied to +1555

[90mstdout[2m | src/web/auto-reply.web-auto-reply.prefixes-body-same-phone-marker-from.test.ts[2m > [22m[2mweb auto-reply[2m > [22m[2mapplies channel responsePrefix override to replies
[22m[39m[whatsapp] Listening for personal WhatsApp inbound messages.

[90mstdout[2m | src/web/auto-reply.web-auto-reply.prefixes-body-same-phone-marker-from.test.ts[2m > [22m[2mweb auto-reply[2m > [22m[2mapplies channel responsePrefix override to replies
[22m[39m[whatsapp] Inbound message +1555 -> +2666 (undefined, 19 chars)

[90mstdout[2m | src/web/auto-reply.web-auto-reply.prefixes-body-same-phone-marker-from.test.ts[2m > [22m[2mweb auto-reply[2m > [22m[2mapplies channel responsePrefix override to replies
[22m[39m[whatsapp] Auto-replied to +1555

[90mstdout[2m | src/web/auto-reply.web-auto-reply.prefixes-body-same-phone-marker-from.test.ts[2m > [22m[2mweb auto-reply[2m > [22m[2mdefaults responsePrefix for self-chat replies when unset
[22m[39m[whatsapp] Listening for personal WhatsApp inbound messages.

[90mstdout[2m | src/web/auto-reply.web-auto-reply.prefixes-body-same-phone-marker-from.test.ts[2m > [22m[2mweb auto-reply[2m > [22m[2mdefaults responsePrefix for self-chat replies when unset
[22m[39m[whatsapp] Inbound message +1555 -> +1555 (direct, 19 chars)

[90mstdout[2m | src/web/auto-reply.web-auto-reply.prefixes-body-same-phone-marker-from.test.ts[2m > [22m[2mweb auto-reply[2m > [22m[2mdefaults responsePrefix for self-chat replies when unset
[22m[39m[whatsapp] Auto-replied to +1555

[90mstdout[2m | src/web/auto-reply.web-auto-reply.prefixes-body-same-phone-marker-from.test.ts[2m > [22m[2mweb auto-reply[2m > [22m[2mdoes not deliver HEARTBEAT_OK responses
[22m[39m[whatsapp] Listening for personal WhatsApp inbound messages.

 [32m✓[39m src/cli/program.nodes-basic.test.ts [2m([22m[2m8 tests[22m[2m)[22m[33m 1124[2mms[22m[39m
     [33m[2m✓[22m[39m runs nodes list and calls node.pair.list [33m 700[2mms[22m[39m
[90mstdout[2m | src/web/auto-reply.web-auto-reply.prefixes-body-same-phone-marker-from.test.ts[2m > [22m[2mweb auto-reply[2m > [22m[2mdoes not deliver HEARTBEAT_OK responses
[22m[39m[whatsapp] Inbound message +1555 -> +2666 (undefined, 21 chars)

[90mstdout[2m | src/web/auto-reply.web-auto-reply.prefixes-body-same-phone-marker-from.test.ts[2m > [22m[2mweb auto-reply[2m > [22m[2mdoes not double-prefix if responsePrefix already present
[22m[39m[whatsapp] Listening for personal WhatsApp inbound messages.

[90mstdout[2m | src/web/auto-reply.web-auto-reply.prefixes-body-same-phone-marker-from.test.ts[2m > [22m[2mweb auto-reply[2m > [22m[2mdoes not double-prefix if responsePrefix already present
[22m[39m[whatsapp] Inbound message +1555 -> +2666 (undefined, 21 chars)

[90mstdout[2m | src/web/auto-reply.web-auto-reply.prefixes-body-same-phone-marker-from.test.ts[2m > [22m[2mweb auto-reply[2m > [22m[2mdoes not double-prefix if responsePrefix already present
[22m[39m[whatsapp] Auto-replied to +1555

 [32m✓[39m src/web/auto-reply.web-auto-reply.prefixes-body-same-phone-marker-from.test.ts [2m([22m[2m8 tests[22m[2m)[22m[33m 377[2mms[22m[39m
 [32m✓[39m src/agents/models-config.normalizes-gemini-3-ids-preview-google-providers.test.ts [2m([22m[2m1 test[22m[2m)[22m[32m 286[2mms[22m[39m
 [32m✓[39m src/media/server.test.ts [2m([22m[2m6 tests[22m[2m)[22m[33m 318[2mms[22m[39m
 [32m✓[39m src/auto-reply/reply/session.test.ts [2m([22m[2m14 tests[22m[2m)[22m[33m 410[2mms[22m[39m
(node:95276) [DEP0040] DeprecationWarning: The `punycode` module is deprecated. Please use a userland alternative 
instead.
(Use `node --trace-deprecation ...` to show where the warning was created)
(node:95276) [DEP0040] DeprecationWarning: The `punycode` module is deprecated. Please use a userland alternative 
instead.
(Use `node --trace-deprecation ...` to show where the warning was created)
(node:95276) [DEP0040] DeprecationWarning: The `punycode` module is deprecated. Please use a userland alternative 
instead.
(Use `node --trace-deprecation ...` to show where the warning was created)
[90mstdout[2m | src/hooks/loader.test.ts[2m > [22m[2mloader[2m > [22m[2mloadInternalHooks[2m > [22m[2mshould load a handler from a module
[22m[39mRegistered hook (legacy): command:new -> C:\Users\Shubham\AppData\Local\Temp\gensparx-test-1770556657153\test-handler.js

[90mstdout[2m | src/infra/heartbeat-runner.respects-ackmaxchars-heartbeat-acks.test.ts[2m > [22m[2mresolveHeartbeatIntervalMs[2m > [22m[2mskips WhatsApp delivery when not linked or running
[22m[39m[heartbeat] channel not ready

[90mstdout[2m | src/hooks/loader.test.ts[2m > [22m[2mloader[2m > [22m[2mloadInternalHooks[2m > [22m[2mshould load multiple handlers
[22m[39mRegistered hook (legacy): command:new -> C:\Users\Shubham\AppData\Local\Temp\gensparx-test-1770556657178\handler1.js

[90mstdout[2m | src/hooks/loader.test.ts[2m > [22m[2mloader[2m > [22m[2mloadInternalHooks[2m > [22m[2mshould load multiple handlers
[22m[39mRegistered hook (legacy): command:stop -> C:\Users\Shubham\AppData\Local\Temp\gensparx-test-1770556657178\handler2.js

[90mstdout[2m | src/hooks/loader.test.ts[2m > [22m[2mloader[2m > [22m[2mloadInternalHooks[2m > [22m[2mshould support named exports
[22m[39mRegistered hook (legacy): command:new -> C:\Users\Shubham\AppData\Local\Temp\gensparx-test-1770556657217\named-export.js#myHandler

[90mstdout[2m | src/infra/heartbeat-runner.respects-ackmaxchars-heartbeat-acks.test.ts[2m > [22m[2mresolveHeartbeatIntervalMs[2m > [22m[2muses explicit heartbeat accountId for telegram delivery
[22m[39m[heartbeat] using explicit accountId

[90mstdout[2m | src/hooks/loader.test.ts[2m > [22m[2mloader[2m > [22m[2mloadInternalHooks[2m > [22m[2mshould handle relative paths
[22m[39mRegistered hook (legacy): command:new -> C:\Users\Shubham\AppData\Local\Temp\gensparx-test-1770556657400\relative-handler.js

[90mstdout[2m | src/hooks/loader.test.ts[2m > [22m[2mloader[2m > [22m[2mloadInternalHooks[2m > [22m[2mshould actually call the loaded handler
[22m[39mRegistered hook (legacy): command:new -> C:\Users\Shubham\AppData\Local\Temp\gensparx-test-1770556657423\callable-handler.js

 [32m✓[39m src/infra/heartbeat-runner.respects-ackmaxchars-heartbeat-acks.test.ts [2m([22m[2m9 tests[22m[2m)[22m[33m 500[2mms[22m[39m
 [32m✓[39m src/hooks/loader.test.ts [2m([22m[2m9 tests[22m[2m)[22m[33m 330[2mms[22m[39m
[90mstdout[2m | src/agents/auth-profiles/oauth.fallback-to-main-agent.test.ts[2m > [22m[2mresolveApiKeyForProfile fallback to main agent[2m > [22m[2mfalls back to main agent credentials when secondary agent token is expired and refresh fails
[22m[39m[agents/auth-profiles] inherited fresh OAuth credentials from main agent

 [32m✓[39m src/agents/auth-profiles/oauth.fallback-to-main-agent.test.ts [2m([22m[2m2 tests[22m[2m)[22m[32m 247[2mms[22m[39m
 [32m✓[39m src/signal/send-reactions.test.ts [2m([22m[2m3 tests[22m[2m)[22m[33m 601[2mms[22m[39m
     [33m[2m✓[22m[39m uses recipients array and targetAuthor for uuid dms [33m 570[2mms[22m[39m
(node:95276) [DEP0040] DeprecationWarning: The `punycode` module is deprecated. Please use a userland alternative 
instead.
(Use `node --trace-deprecation ...` to show where the warning was created)
 [32m✓[39m src/infra/exec-approvals.test.ts [2m([22m[2m38 tests[22m[2m)[22m[32m 280[2mms[22m[39m
[90mstdout[2m | src/web/auto-reply.broadcast-groups.broadcasts-sequentially-configured-order.test.ts[2m > [22m[2mbroadcast groups[2m > [22m[2mbroadcasts sequentially in configured order
[22m[39m[whatsapp] Listening for personal WhatsApp inbound messages.

[90mstdout[2m | src/web/auto-reply.broadcast-groups.broadcasts-sequentially-configured-order.test.ts[2m > [22m[2mbroadcast groups[2m > [22m[2mbroadcasts sequentially in configured order
[22m[39m[whatsapp] Broadcasting message to 2 agents (sequential)
[whatsapp] Inbound message +1000 -> +2000 (direct, 48 chars)

[90mstdout[2m | src/web/auto-reply.broadcast-groups.broadcasts-sequentially-configured-order.test.ts[2m > [22m[2mbroadcast groups[2m > [22m[2mbroadcasts sequentially in configured order
[22m[39m[whatsapp] Auto-replied to +1000

[90mstdout[2m | src/web/auto-reply.broadcast-groups.broadcasts-sequentially-configured-order.test.ts[2m > [22m[2mbroadcast groups[2m > [22m[2mbroadcasts sequentially in configured order
[22m[39m[whatsapp] Inbound message +1000 -> +2000 (direct, 48 chars)

[90mstdout[2m | src/web/auto-reply.broadcast-groups.broadcasts-sequentially-configured-order.test.ts[2m > [22m[2mbroadcast groups[2m > [22m[2mbroadcasts sequentially in configured order
[22m[39m[whatsapp] Auto-replied to +1000

[90mstdout[2m | src/web/auto-reply.broadcast-groups.broadcasts-sequentially-configured-order.test.ts[2m > [22m[2mbroadcast groups[2m > [22m[2mshares group history across broadcast agents and clears after replying
[22m[39m[whatsapp] Listening for personal WhatsApp inbound messages.

[90mstdout[2m | src/web/auto-reply.broadcast-groups.broadcasts-sequentially-configured-order.test.ts[2m > [22m[2mbroadcast groups[2m > [22m[2mshares group history across broadcast agents and clears after replying
[22m[39m[whatsapp] Broadcasting message to 2 agents (sequential)
[whatsapp] Inbound message 123@g.us -> +2 (group, 193 chars)

[90mstdout[2m | src/web/auto-reply.broadcast-groups.broadcasts-sequentially-configured-order.test.ts[2m > [22m[2mbroadcast groups[2m > [22m[2mshares group history across broadcast agents and clears after replying
[22m[39m[whatsapp] Auto-replied to 123@g.us

[90mstdout[2m | src/web/auto-reply.broadcast-groups.broadcasts-sequentially-configured-order.test.ts[2m > [22m[2mbroadcast groups[2m > [22m[2mshares group history across broadcast agents and clears after replying
[22m[39m[whatsapp] Inbound message 123@g.us -> +2 (group, 193 chars)

[90mstdout[2m | src/web/auto-reply.broadcast-groups.broadcasts-sequentially-configured-order.test.ts[2m > [22m[2mbroadcast groups[2m > [22m[2mshares group history across broadcast agents and clears after replying
[22m[39m[whatsapp] Auto-replied to 123@g.us

[90mstdout[2m | src/web/auto-reply.broadcast-groups.broadcasts-sequentially-configured-order.test.ts[2m > [22m[2mbroadcast groups[2m > [22m[2mshares group history across broadcast agents and clears after replying
[22m[39m[whatsapp] Broadcasting message to 2 agents (sequential)
[whatsapp] Inbound message 123@g.us -> +2 (group, 45 chars)

[90mstdout[2m | src/web/auto-reply.broadcast-groups.broadcasts-sequentially-configured-order.test.ts[2m > [22m[2mbroadcast groups[2m > [22m[2mshares group history across broadcast agents and clears after replying
[22m[39m[whatsapp] Auto-replied to 123@g.us

[90mstdout[2m | src/web/auto-reply.broadcast-groups.broadcasts-sequentially-configured-order.test.ts[2m > [22m[2mbroadcast groups[2m > [22m[2mshares group history across broadcast agents and clears after replying
[22m[39m[whatsapp] Inbound message 123@g.us -> +2 (group, 45 chars)

[90mstdout[2m | src/web/auto-reply.broadcast-groups.broadcasts-sequentially-configured-order.test.ts[2m > [22m[2mbroadcast groups[2m > [22m[2mshares group history across broadcast agents and clears after replying
[22m[39m[whatsapp] Auto-replied to 123@g.us

[90mstdout[2m | src/web/auto-reply.broadcast-groups.broadcasts-sequentially-configured-order.test.ts[2m > [22m[2mbroadcast groups[2m > [22m[2mbroadcasts in parallel by default
[22m[39m[whatsapp] Listening for personal WhatsApp inbound messages.

[90mstdout[2m | src/web/auto-reply.broadcast-groups.broadcasts-sequentially-configured-order.test.ts[2m > [22m[2mbroadcast groups[2m > [22m[2mbroadcasts in parallel by default
[22m[39m[whatsapp] Broadcasting message to 2 agents (parallel)
[whatsapp] Inbound message +1000 -> +2000 (direct, 48 chars)
[whatsapp] Inbound message +1000 -> +2000 (direct, 48 chars)

[90mstdout[2m | src/web/auto-reply.broadcast-groups.broadcasts-sequentially-configured-order.test.ts[2m > [22m[2mbroadcast groups[2m > [22m[2mbroadcasts in parallel by default
[22m[39m[whatsapp] Auto-replied to +1000
[whatsapp] Auto-replied to +1000

 [32m✓[39m src/web/auto-reply.broadcast-groups.broadcasts-sequentially-configured-order.test.ts [2m([22m[2m3 tests[22m[2m)[22m[33m 521[2mms[22m[39m
[90mstdout[2m | src/cli/memory-cli.test.ts[2m > [22m[2mmemory cli[2m > [22m[2menables verbose logging with --verbose
[22m[39mMemory Search (main)
Provider: openai (requested: openai)
Model: text-embedding-3-small
Indexed: 0/0 files · 0 chunks
Dirty: no
Store: /tmp/memory.sqlite
Workspace: /tmp/gensparx
Vector: ready
Issues:
  memory directory missing (\tmp\gensparx\memory)


[90mstdout[2m | src/cli/memory-cli.test.ts[2m > [22m[2mmemory cli[2m > [22m[2mlogs close failure after status
[22m[39mMemory Search (main)
Provider: openai (requested: openai)
Model: text-embedding-3-small
Indexed: 1/0 files · 1 chunks
Dirty: no
Store: /tmp/memory.sqlite
Workspace: /tmp/gensparx
Issues:
  memory directory missing (\tmp\gensparx\memory)


[90mstdout[2m | src/cli/memory-cli.test.ts[2m > [22m[2mmemory cli[2m > [22m[2mlogs close failures without failing the command
[22m[39mMemory index updated (main).

[90mstdout[2m | src/cli/memory-cli.test.ts[2m > [22m[2mmemory cli[2m > [22m[2mlogs close failure after search
[22m[39m0.500 memory/2026-01-12.md:1-2
Hello

 [32m✓[39m src/cli/memory-cli.test.ts [2m([22m[2m10 tests[22m[2m)[22m[33m 683[2mms[22m[39m
     [33m[2m✓[22m[39m prints vector status when available [33m 344[2mms[22m[39m
 [32m✓[39m src/agents/session-tool-result-guard.tool-result-persist-hook.test.ts [2m([22m[2m2 tests[22m[2m)[22m[33m 447[2mms[22m[39m
     [33m[2m✓[22m[39m composes transforms in priority order and allows stripping toolResult.details [33m 432[2mms[22m[39m
[90mstdout[2m | src/web/auto-reply.web-auto-reply.uses-per-agent-mention-patterns-group-gating.test.ts[2m > [22m[2mweb auto-reply[2m > [22m[2muses per-agent mention patterns for group gating
[22m[39m[whatsapp] Listening for personal WhatsApp inbound messages.

[90mstdout[2m | src/web/auto-reply.web-auto-reply.uses-per-agent-mention-patterns-group-gating.test.ts[2m > [22m[2mweb auto-reply[2m > [22m[2muses per-agent mention patterns for group gating
[22m[39m[whatsapp] Inbound message 123@g.us -> +2 (group, 198 chars)

[90mstdout[2m | src/web/auto-reply.web-auto-reply.uses-per-agent-mention-patterns-group-gating.test.ts[2m > [22m[2mweb auto-reply[2m > [22m[2muses per-agent mention patterns for group gating
[22m[39m[whatsapp] Auto-replied to 123@g.us

[90mstdout[2m | src/web/auto-reply.web-auto-reply.uses-per-agent-mention-patterns-group-gating.test.ts[2m > [22m[2mweb auto-reply[2m > [22m[2mallows group messages when whatsapp groups default disables mention gating
[22m[39m[whatsapp] Listening for personal WhatsApp inbound messages.

[90mstdout[2m | src/web/auto-reply.web-auto-reply.uses-per-agent-mention-patterns-group-gating.test.ts[2m > [22m[2mweb auto-reply[2m > [22m[2mallows group messages when whatsapp groups default disables mention gating
[22m[39m[whatsapp] Inbound message 123@g.us -> +2 (group, 45 chars)

[90mstdout[2m | src/web/auto-reply.web-auto-reply.uses-per-agent-mention-patterns-group-gating.test.ts[2m > [22m[2mweb auto-reply[2m > [22m[2mallows group messages when whatsapp groups default disables mention gating
[22m[39m[whatsapp] Auto-replied to 123@g.us

[90mstdout[2m | src/web/auto-reply.web-auto-reply.uses-per-agent-mention-patterns-group-gating.test.ts[2m > [22m[2mweb auto-reply[2m > [22m[2mblocks group messages when whatsapp groups is set without a wildcard
[22m[39m[whatsapp] Listening for personal WhatsApp inbound messages.

[90mstdout[2m | src/web/auto-reply.web-auto-reply.uses-per-agent-mention-patterns-group-gating.test.ts[2m > [22m[2mweb auto-reply[2m > [22m[2mhonors per-group mention overrides when conversationId uses session key
[22m[39m[whatsapp] Listening for personal WhatsApp inbound messages.

[90mstdout[2m | src/web/auto-reply.web-auto-reply.uses-per-agent-mention-patterns-group-gating.test.ts[2m > [22m[2mweb auto-reply[2m > [22m[2mhonors per-group mention overrides when conversationId uses session key
[22m[39m[whatsapp] Inbound message whatsapp:group:123@g.us -> +2 (group, 60 chars)

[90mstdout[2m | src/web/auto-reply.web-auto-reply.uses-per-agent-mention-patterns-group-gating.test.ts[2m > [22m[2mweb auto-reply[2m > [22m[2mhonors per-group mention overrides when conversationId uses session key
[22m[39m[whatsapp] Auto-replied to whatsapp:group:123@g.us

 [32m✓[39m src/web/auto-reply.web-auto-reply.uses-per-agent-mention-patterns-group-gating.test.ts [2m([22m[2m4 tests[22m[2m)[22m[32m 255[2mms[22m[39m
 [32m✓[39m src/cron/run-log.test.ts [2m([22m[2m3 tests[22m[2m)[22m[33m 2773[2mms[22m[39m
     [33m[2m✓[22m[39m appends JSONL and prunes by line count [33m 2405[2mms[22m[39m
     [33m[2m✓[22m[39m reads newest entries and filters by jobId [33m 354[2mms[22m[39m
 [32m✓[39m src/slack/monitor/media.test.ts [2m([22m[2m12 tests[22m[2m)[22m[32m 283[2mms[22m[39m
[90mstdout[2m | src/web/auto-reply.web-auto-reply.requires-mention-group-chats-injects-history-replying.test.ts[2m > [22m[2mweb auto-reply[2m > [22m[2mrequires mention in group chats and injects history when replying
[22m[39m[whatsapp] Listening for personal WhatsApp inbound messages.

[90mstdout[2m | src/web/auto-reply.web-auto-reply.requires-mention-group-chats-injects-history-replying.test.ts[2m > [22m[2mweb auto-reply[2m > [22m[2mrequires mention in group chats and injects history when replying
[22m[39m[whatsapp] Inbound message 123@g.us -> +2 (group, 193 chars)

[90mstdout[2m | src/web/auto-reply.web-auto-reply.requires-mention-group-chats-injects-history-replying.test.ts[2m > [22m[2mweb auto-reply[2m > [22m[2mrequires mention in group chats and injects history when replying
[22m[39m[whatsapp] Auto-replied to 123@g.us

[90mstdout[2m | src/web/auto-reply.web-auto-reply.requires-mention-group-chats-injects-history-replying.test.ts[2m > [22m[2mweb auto-reply[2m > [22m[2mbypasses mention gating for owner /new in group chats
[22m[39m[whatsapp] Listening for personal WhatsApp inbound messages.

[90mstdout[2m | src/web/auto-reply.web-auto-reply.requires-mention-group-chats-injects-history-replying.test.ts[2m > [22m[2mweb auto-reply[2m > [22m[2mbypasses mention gating for owner /new in group chats
[22m[39m[whatsapp] Inbound message 123@g.us -> +2 (group, 38 chars)

[90mstdout[2m | src/web/auto-reply.web-auto-reply.requires-mention-group-chats-injects-history-replying.test.ts[2m > [22m[2mweb auto-reply[2m > [22m[2mbypasses mention gating for owner /new in group chats
[22m[39m[whatsapp] Auto-replied to 123@g.us

[90mstdout[2m | src/web/auto-reply.web-auto-reply.requires-mention-group-chats-injects-history-replying.test.ts[2m > [22m[2mweb auto-reply[2m > [22m[2mdoes not bypass mention gating for non-owner /new in group chats
[22m[39m[whatsapp] Listening for personal WhatsApp inbound messages.

[90mstdout[2m | src/web/auto-reply.web-auto-reply.requires-mention-group-chats-injects-history-replying.test.ts[2m > [22m[2mweb auto-reply[2m > [22m[2mbypasses mention gating for owner /status in group chats
[22m[39m[whatsapp] Listening for personal WhatsApp inbound messages.

[90mstdout[2m | src/web/auto-reply.web-auto-reply.requires-mention-group-chats-injects-history-replying.test.ts[2m > [22m[2mweb auto-reply[2m > [22m[2mbypasses mention gating for owner /status in group chats
[22m[39m[whatsapp] Inbound message 123@g.us -> +2 (group, 41 chars)

[90mstdout[2m | src/web/auto-reply.web-auto-reply.requires-mention-group-chats-injects-history-replying.test.ts[2m > [22m[2mweb auto-reply[2m > [22m[2mbypasses mention gating for owner /status in group chats
[22m[39m[whatsapp] Auto-replied to 123@g.us

(node:95276) [DEP0040] DeprecationWarning: The `punycode` module is deprecated. Please use a userland alternative 
instead.
(Use `node --trace-deprecation ...` to show where the warning was created)
[90mstdout[2m | src/web/auto-reply.web-auto-reply.requires-mention-group-chats-injects-history-replying.test.ts[2m > [22m[2mweb auto-reply[2m > [22m[2mpasses conversation id through as From for group replies
[22m[39m[whatsapp] Listening for personal WhatsApp inbound messages.

[90mstdout[2m | src/web/auto-reply.web-auto-reply.requires-mention-group-chats-injects-history-replying.test.ts[2m > [22m[2mweb auto-reply[2m > [22m[2mpasses conversation id through as From for group replies
[22m[39m[whatsapp] Inbound message 123@g.us -> +2 (group, 41 chars)

[90mstdout[2m | src/web/auto-reply.web-auto-reply.requires-mention-group-chats-injects-history-replying.test.ts[2m > [22m[2mweb auto-reply[2m > [22m[2mpasses conversation id through as From for group replies
[22m[39m[whatsapp] Auto-replied to 123@g.us

[90mstdout[2m | src/web/auto-reply.web-auto-reply.requires-mention-group-chats-injects-history-replying.test.ts[2m > [22m[2mweb auto-reply[2m > [22m[2mdetects LID mentions using authDir mapping
[22m[39m[whatsapp] Listening for personal WhatsApp inbound messages.

[90mstdout[2m | src/web/auto-reply.web-auto-reply.requires-mention-group-chats-injects-history-replying.test.ts[2m > [22m[2mweb auto-reply[2m > [22m[2mdetects LID mentions using authDir mapping
[22m[39m[whatsapp] Inbound message 123@g.us -> +2 (group, 193 chars)

[90mstdout[2m | src/web/auto-reply.web-auto-reply.requires-mention-group-chats-injects-history-replying.test.ts[2m > [22m[2mweb auto-reply[2m > [22m[2mdetects LID mentions using authDir mapping
[22m[39m[whatsapp] Auto-replied to 123@g.us

[90mstdout[2m | src/web/auto-reply.web-auto-reply.requires-mention-group-chats-injects-history-replying.test.ts[2m > [22m[2mweb auto-reply[2m > [22m[2mderives self E.164 from LID selfJid for mention gating
[22m[39m[whatsapp] Listening for personal WhatsApp inbound messages.

[90mstdout[2m | src/web/auto-reply.web-auto-reply.requires-mention-group-chats-injects-history-replying.test.ts[2m > [22m[2mweb auto-reply[2m > [22m[2mderives self E.164 from LID selfJid for mention gating
[22m[39m[whatsapp] Inbound message 123@g.us -> +2 (group, 42 chars)

[90mstdout[2m | src/web/auto-reply.web-auto-reply.requires-mention-group-chats-injects-history-replying.test.ts[2m > [22m[2mweb auto-reply[2m > [22m[2mderives self E.164 from LID selfJid for mention gating
[22m[39m[whatsapp] Auto-replied to 123@g.us

 [32m✓[39m src/media/store.test.ts [2m([22m[2m14 tests[22m[2m)[22m[32m 226[2mms[22m[39m
[90mstdout[2m | src/web/auto-reply.web-auto-reply.requires-mention-group-chats-injects-history-replying.test.ts[2m > [22m[2mweb auto-reply[2m > [22m[2msets OriginatingTo to the sender for queued routing
[22m[39m[whatsapp] Listening for personal WhatsApp inbound messages.

[90mstdout[2m | src/web/auto-reply.web-auto-reply.requires-mention-group-chats-injects-history-replying.test.ts[2m > [22m[2mweb auto-reply[2m > [22m[2msets OriginatingTo to the sender for queued routing
[22m[39m[whatsapp] Inbound message +15551234567 -> +19998887777 (undefined, 29 chars)

[90mstdout[2m | src/web/auto-reply.web-auto-reply.requires-mention-group-chats-injects-history-replying.test.ts[2m > [22m[2mweb auto-reply[2m > [22m[2msets OriginatingTo to the sender for queued routing
[22m[39m[whatsapp] Auto-replied to +15551234567

 [32m✓[39m src/web/auto-reply.web-auto-reply.requires-mention-group-chats-injects-history-replying.test.ts [2m([22m[2m8 tests[22m[2m)[22m[33m 512[2mms[22m[39m
(node:95276) [DEP0040] DeprecationWarning: The `punycode` module is deprecated. Please use a userland alternative 
instead.
(Use `node --trace-deprecation ...` to show where the warning was created)
 [31m❯[39m src/config/config.backup-rotation.test.ts [2m([22m[2m1 test[22m[2m | [22m[31m1 failed[39m[2m)[22m[33m 397[2mms[22m[39m
[31m     [31m×[31m keeps a 5-deep backup ring for config writes[39m[33m 390[2mms[22m[39m
(node:95276) [DEP0040] DeprecationWarning: The `punycode` module is deprecated. Please use a userland alternative 
instead.
(Use `node --trace-deprecation ...` to show where the warning was created)
(node:95276) [DEP0040] DeprecationWarning: The `punycode` module is deprecated. Please use a userland alternative 
instead.
(Use `node --trace-deprecation ...` to show where the warning was created)
(node:95276) [DEP0040] DeprecationWarning: The `punycode` module is deprecated. Please use a userland alternative 
instead.
(Use `node --trace-deprecation ...` to show where the warning was created)
 [32m✓[39m src/browser/chrome.test.ts [2m([22m[2m14 tests[22m[2m)[22m[32m 271[2mms[22m[39m
[90mstdout[2m | src/web/auto-reply.web-auto-reply.supports-always-group-activation-silent-token-preserves.test.ts[2m > [22m[2mweb auto-reply[2m > [22m[2msupports always-on group activation with silent token and clears pending history
[22m[39m[whatsapp] Listening for personal WhatsApp inbound messages.

[90mstdout[2m | src/web/auto-reply.web-auto-reply.supports-always-group-activation-silent-token-preserves.test.ts[2m > [22m[2mweb auto-reply[2m > [22m[2msupports always-on group activation with silent token and clears pending history
[22m[39m[whatsapp] Inbound message 123@g.us -> +2 (group, 50 chars)

 [31m❯[39m src/auto-reply/reply/session-resets.test.ts [2m([22m[2m9 tests[22m[2m | [22m[31m1 failed[39m[2m)[22m[33m 313[2mms[22m[39m
     [32m✓[39m Reset trigger /new works for authorized sender in WhatsApp group[32m 123[2mms[22m[39m
     [32m✓[39m Reset trigger /new blocked for unauthorized sender in existing session[32m 56[2mms[22m[39m
     [32m✓[39m Reset trigger works when RawBody is clean but Body has wrapped context[32m 21[2mms[22m[39m
     [32m✓[39m Reset trigger /new works when SenderId is LID but SenderE164 is authorized[32m 58[2mms[22m[39m
     [32m✓[39m Reset trigger /new blocked when SenderId is LID but SenderE164 is unauthorized[32m 16[2mms[22m[39m
     [32m✓[39m selects a model hint and strips it from the body[32m 7[2mms[22m[39m
     [32m✓[39m clears auth profile overrides when reset applies a model[32m 2[2mms[22m[39m
     [32m✓[39m skips when resetTriggered is false[32m 1[2mms[22m[39m
[31m     [31m×[31m adds a local timestamp to queued system events by default[39m[32m 22[2mms[22m[39m
[90mstdout[2m | src/web/auto-reply.web-auto-reply.supports-always-group-activation-silent-token-preserves.test.ts[2m > [22m[2mweb auto-reply[2m > [22m[2msupports always-on group activation with silent token and clears pending history
[22m[39m[whatsapp] Inbound message 123@g.us -> +2 (group, 49 chars)

[90mstdout[2m | src/web/auto-reply.web-auto-reply.supports-always-group-activation-silent-token-preserves.test.ts[2m > [22m[2mweb auto-reply[2m > [22m[2msupports always-on group activation with silent token and clears pending history
[22m[39m[whatsapp] Auto-replied to 123@g.us

(node:95276) [DEP0040] DeprecationWarning: The `punycode` module is deprecated. Please use a userland alternative 
instead.
(Use `node --trace-deprecation ...` to show where the warning was created)
[90mstdout[2m | src/web/auto-reply.web-auto-reply.supports-always-group-activation-silent-token-preserves.test.ts[2m > [22m[2mweb auto-reply[2m > [22m[2mignores JID mentions in self-chat mode (group chats)
[22m[39m[whatsapp] Listening for personal WhatsApp inbound messages.

[90mstdout[2m | src/web/auto-reply.web-auto-reply.supports-always-group-activation-silent-token-preserves.test.ts[2m > [22m[2mweb auto-reply[2m > [22m[2mignores JID mentions in self-chat mode (group chats)
[22m[39m[whatsapp] Inbound message 123@g.us -> +2 (group, 203 chars)

[90mstdout[2m | src/web/auto-reply.web-auto-reply.supports-always-group-activation-silent-token-preserves.test.ts[2m > [22m[2mweb auto-reply[2m > [22m[2mignores JID mentions in self-chat mode (group chats)
[22m[39m[whatsapp] Auto-replied to 123@g.us

[90mstdout[2m | src/web/auto-reply.web-auto-reply.supports-always-group-activation-silent-token-preserves.test.ts[2m > [22m[2mweb auto-reply[2m > [22m[2memits heartbeat logs with connection metadata
[22m[39m[whatsapp] Listening for personal WhatsApp inbound messages.

[90mstdout[2m | src/web/auto-reply.web-auto-reply.supports-always-group-activation-silent-token-preserves.test.ts[2m > [22m[2mweb auto-reply[2m > [22m[2mlogs outbound replies to file
[22m[39m[whatsapp] Listening for personal WhatsApp inbound messages.

[90mstdout[2m | src/web/auto-reply.web-auto-reply.supports-always-group-activation-silent-token-preserves.test.ts[2m > [22m[2mweb auto-reply[2m > [22m[2mlogs outbound replies to file
[22m[39m[whatsapp] Inbound message +1 -> +2 (undefined, 19 chars)

[90mstdout[2m | src/web/auto-reply.web-auto-reply.supports-always-group-activation-silent-token-preserves.test.ts[2m > [22m[2mweb auto-reply[2m > [22m[2mlogs outbound replies to file
[22m[39m[whatsapp] Auto-replied to +1

 [32m✓[39m src/web/auto-reply.web-auto-reply.supports-always-group-activation-silent-token-preserves.test.ts [2m([22m[2m4 tests[22m[2m)[22m[33m 344[2mms[22m[39m
[90mstdout[2m | src/slack/monitor.tool-result.sends-tool-summaries-responseprefix.test.ts[2m > [22m[2mmonitorSlackProvider tool results[2m > [22m[2mskips tool summaries with responsePrefix
[22m[39mslack socket mode connected

[90mstdout[2m | src/slack/monitor.tool-result.sends-tool-summaries-responseprefix.test.ts[2m > [22m[2mmonitorSlackProvider tool results[2m > [22m[2mskips tool summaries with responsePrefix
[22m[39mdelivered reply to user:U1

[90mstdout[2m | src/slack/monitor.tool-result.sends-tool-summaries-responseprefix.test.ts[2m > [22m[2mmonitorSlackProvider tool results[2m > [22m[2mdrops events with mismatched api_app_id
[22m[39mslack socket mode connected

[90mstdout[2m | src/slack/monitor.tool-result.sends-tool-summaries-responseprefix.test.ts[2m > [22m[2mmonitorSlackProvider tool results[2m > [22m[2mdoes not derive responsePrefix from routed agent identity when unset
[22m[39mslack: groupPolicy defaults to "open" when channels.slack is missing; set channels.slack.groupPolicy (or channels.defaults.groupPolicy) or add channels.slack.channels to restrict access.

[90mstdout[2m | src/slack/monitor.tool-result.sends-tool-summaries-responseprefix.test.ts[2m > [22m[2mmonitorSlackProvider tool results[2m > [22m[2mdoes not derive responsePrefix from routed agent identity when unset
[22m[39mslack socket mode connected

[90mstdout[2m | src/slack/monitor.tool-result.sends-tool-summaries-responseprefix.test.ts[2m > [22m[2mmonitorSlackProvider tool results[2m > [22m[2mdoes not derive responsePrefix from routed agent identity when unset
[22m[39mdelivered reply to user:U1

[90mstdout[2m | src/slack/monitor.tool-result.sends-tool-summaries-responseprefix.test.ts[2m > [22m[2mmonitorSlackProvider tool results[2m > [22m[2mpreserves RawBody without injecting processed room history
[22m[39mslack socket mode connected

[90mstdout[2m | src/slack/monitor.tool-result.sends-tool-summaries-responseprefix.test.ts[2m > [22m[2mmonitorSlackProvider tool results[2m > [22m[2mscopes thread history to the thread by default
[22m[39mslack channels unresolved: C1
slack socket mode connected

[90mstdout[2m | src/slack/monitor.tool-result.sends-tool-summaries-responseprefix.test.ts[2m > [22m[2mmonitorSlackProvider tool results[2m > [22m[2mupdates assistant thread status when replies start
[22m[39mslack socket mode connected

[90mstdout[2m | src/slack/monitor.tool-result.sends-tool-summaries-responseprefix.test.ts[2m > [22m[2mmonitorSlackProvider tool results[2m > [22m[2mupdates assistant thread status when replies start
[22m[39mdelivered reply to user:U1

[90mstdout[2m | src/slack/monitor.tool-result.sends-tool-summaries-responseprefix.test.ts[2m > [22m[2mmonitorSlackProvider tool results[2m > [22m[2maccepts channel messages when mentionPatterns match
[22m[39mslack channels unresolved: C1
slack socket mode connected

[90mstdout[2m | src/slack/monitor.tool-result.sends-tool-summaries-responseprefix.test.ts[2m > [22m[2mmonitorSlackProvider tool results[2m > [22m[2maccepts channel messages when mentionPatterns match
[22m[39mdelivered reply to channel:C1

[90mstdout[2m | src/slack/monitor.tool-result.sends-tool-summaries-responseprefix.test.ts[2m > [22m[2mmonitorSlackProvider tool results[2m > [22m[2maccepts channel messages when mentionPatterns match even if another user is mentioned
[22m[39mslack channels unresolved: C1
slack socket mode connected

[90mstdout[2m | src/slack/monitor.tool-result.sends-tool-summaries-responseprefix.test.ts[2m > [22m[2mmonitorSlackProvider tool results[2m > [22m[2maccepts channel messages when mentionPatterns match even if another user is mentioned
[22m[39mdelivered reply to channel:C1

[90mstdout[2m | src/slack/monitor.tool-result.sends-tool-summaries-responseprefix.test.ts[2m > [22m[2mmonitorSlackProvider tool results[2m > [22m[2mtreats replies to bot threads as implicit mentions
[22m[39mslack channels unresolved: C1
slack socket mode connected

[90mstdout[2m | src/slack/monitor.tool-result.sends-tool-summaries-responseprefix.test.ts[2m > [22m[2mmonitorSlackProvider tool results[2m > [22m[2mtreats replies to bot threads as implicit mentions
[22m[39mdelivered reply to channel:C1

[90mstdout[2m | src/slack/monitor.tool-result.sends-tool-summaries-responseprefix.test.ts[2m > [22m[2mmonitorSlackProvider tool results[2m > [22m[2maccepts channel messages without mention when channels.slack.requireMention is false
[22m[39mslack socket mode connected

[90mstdout[2m | src/slack/monitor.tool-result.sends-tool-summaries-responseprefix.test.ts[2m > [22m[2mmonitorSlackProvider tool results[2m > [22m[2maccepts channel messages without mention when channels.slack.requireMention is false
[22m[39mdelivered reply to channel:C1

[90mstdout[2m | src/slack/monitor.tool-result.sends-tool-summaries-responseprefix.test.ts[2m > [22m[2mmonitorSlackProvider tool results[2m > [22m[2mtreats control commands as mentions for group bypass
[22m[39mslack socket mode connected

[90mstdout[2m | src/slack/monitor.tool-result.sends-tool-summaries-responseprefix.test.ts[2m > [22m[2mmonitorSlackProvider tool results[2m > [22m[2mtreats control commands as mentions for group bypass
[22m[39mdelivered reply to channel:C1

[90mstdout[2m | src/slack/monitor.tool-result.sends-tool-summaries-responseprefix.test.ts[2m > [22m[2mmonitorSlackProvider tool results[2m > [22m[2mthreads replies when incoming message is in a thread
[22m[39mslack: groupPolicy defaults to "open" when channels.slack is missing; set channels.slack.groupPolicy (or channels.defaults.groupPolicy) or add channels.slack.channels to restrict access.

[90mstdout[2m | src/slack/monitor.tool-result.sends-tool-summaries-responseprefix.test.ts[2m > [22m[2mmonitorSlackProvider tool results[2m > [22m[2mthreads replies when incoming message is in a thread
[22m[39mslack socket mode connected

[90mstdout[2m | src/slack/monitor.tool-result.sends-tool-summaries-responseprefix.test.ts[2m > [22m[2mmonitorSlackProvider tool results[2m > [22m[2mthreads replies when incoming message is in a thread
[22m[39mdelivered reply to user:U1

 [32m✓[39m src/slack/monitor.tool-result.sends-tool-summaries-responseprefix.test.ts [2m([22m[2m12 tests[22m[2m)[22m[33m 323[2mms[22m[39m
[90mstdout[2m | src/web/outbound.test.ts[2m > [22m[2mweb outbound[2m > [22m[2msends message via active listener
[22m[39m[whatsapp] Sending message -> 1555@s.whatsapp.net

[90mstdout[2m | src/web/outbound.test.ts[2m > [22m[2mweb outbound[2m > [22m[2msends message via active listener
[22m[39m[whatsapp] Sent message msg123 -> 1555@s.whatsapp.net (203ms)

 [32m✓[39m src/slack/monitor/message-handler/prepare.inbound-contract.test.ts [2m([22m[2m3 tests[22m[2m)[22m[32m 217[2mms[22m[39m
[90mstdout[2m | src/web/outbound.test.ts[2m > [22m[2mweb outbound[2m > [22m[2mmaps audio to PTT with opus mime when ogg
[22m[39m[whatsapp] Sending message -> 1555@s.whatsapp.net (media)

[90mstdout[2m | src/web/outbound.test.ts[2m > [22m[2mweb outbound[2m > [22m[2mmaps audio to PTT with opus mime when ogg
[22m[39m[whatsapp] Sent message msg123 -> 1555@s.whatsapp.net (media) (16ms)

[90mstdout[2m | src/web/outbound.test.ts[2m > [22m[2mweb outbound[2m > [22m[2mmaps video with caption
[22m[39m[whatsapp] Sending message -> 1555@s.whatsapp.net (media)

[90mstdout[2m | src/web/outbound.test.ts[2m > [22m[2mweb outbound[2m > [22m[2mmaps video with caption
[22m[39m[whatsapp] Sent message msg123 -> 1555@s.whatsapp.net (media) (13ms)

[90mstdout[2m | src/web/outbound.test.ts[2m > [22m[2mweb outbound[2m > [22m[2mmarks gif playback for video when requested
[22m[39m[whatsapp] Sending message -> 1555@s.whatsapp.net (media)

[90mstdout[2m | src/web/outbound.test.ts[2m > [22m[2mweb outbound[2m > [22m[2mmarks gif playback for video when requested
[22m[39m[whatsapp] Sent message msg123 -> 1555@s.whatsapp.net (media) (20ms)

[90mstdout[2m | src/web/outbound.test.ts[2m > [22m[2mweb outbound[2m > [22m[2mmaps image with caption
[22m[39m[whatsapp] Sending message -> 1555@s.whatsapp.net (media)

[90mstdout[2m | src/web/outbound.test.ts[2m > [22m[2mweb outbound[2m > [22m[2mmaps image with caption
[22m[39m[whatsapp] Sent message msg123 -> 1555@s.whatsapp.net (media) (10ms)

[90mstdout[2m | src/web/outbound.test.ts[2m > [22m[2mweb outbound[2m > [22m[2mmaps other kinds to document with filename
[22m[39m[whatsapp] Sending message -> 1555@s.whatsapp.net (media)

[90mstdout[2m | src/web/outbound.test.ts[2m > [22m[2mweb outbound[2m > [22m[2mmaps other kinds to document with filename
[22m[39m[whatsapp] Sent message msg123 -> 1555@s.whatsapp.net (media) (8ms)

[90mstdout[2m | src/web/outbound.test.ts[2m > [22m[2mweb outbound[2m > [22m[2msends polls via active listener
[22m[39m[whatsapp] Sending poll -> 1555@s.whatsapp.net: "Lunch?"

[90mstdout[2m | src/web/outbound.test.ts[2m > [22m[2mweb outbound[2m > [22m[2msends polls via active listener
[22m[39m[whatsapp] Sent poll poll123 -> 1555@s.whatsapp.net (11ms)

[90mstdout[2m | src/web/outbound.test.ts[2m > [22m[2mweb outbound[2m > [22m[2msends reactions via active listener
[22m[39m[whatsapp] Sending reaction "✅" -> message msg123

[90mstdout[2m | src/web/outbound.test.ts[2m > [22m[2mweb outbound[2m > [22m[2msends reactions via active listener
[22m[39m[whatsapp] Sent reaction "✅" -> message msg123

 [32m✓[39m src/web/outbound.test.ts [2m([22m[2m9 tests[22m[2m)[22m[33m 411[2mms[22m[39m
(node:95276) [DEP0040] DeprecationWarning: The `punycode` module is deprecated. Please use a userland alternative 
instead.
(Use `node --trace-deprecation ...` to show where the warning was created)
[90mstdout[2m | src/telegram/send.returns-undefined-empty-input.test.ts[2m > [22m[2msendMessageTelegram[2m > [22m[2mpasses timeoutSeconds to grammY client when configured
[22m[39m[telegram] autoSelectFamily=false (default-node22)

[90mstderr[2m | src/telegram/send.returns-undefined-empty-input.test.ts[2m > [22m[2msendMessageTelegram[2m > 
[22m[2mfalls back to plain text when Telegram rejects HTML
[22m[39m[telegram] message failed: 400: Bad Request: can't parse entities: Can't find end of the entity starting at 
byte offset 9

[90mstderr[2m | src/telegram/send.returns-undefined-empty-input.test.ts[2m > [22m[2msendMessageTelegram[2m > 
[22m[2mfalls back to plain text when Telegram rejects HTML
[22m[39mtelegram HTML parse failed, retrying as plain text: 400: Bad Request: can't parse entities: Can't find end 
of the entity starting at byte offset 9

[90mstderr[2m | src/telegram/send.returns-undefined-empty-input.test.ts[2m > [22m[2msendMessageTelegram[2m > 
[22m[2mkeeps link_preview_options on plain-text fallback when disabled
[22m[39m[telegram] message failed: 400: Bad Request: can't parse entities: Can't find end of the entity starting at 
byte offset 9

[90mstderr[2m | src/telegram/send.returns-undefined-empty-input.test.ts[2m > [22m[2msendMessageTelegram[2m > 
[22m[2mwraps chat-not-found with actionable context
[22m[39m[telegram] message failed: 400: Bad Request: chat not found

[90mstderr[2m | src/telegram/send.returns-undefined-empty-input.test.ts[2m > [22m[2msendMessageTelegram[2m > 
[22m[2mwraps chat-not-found with actionable context
[22m[39m[telegram] message failed: 400: Bad Request: chat not found

[90mstderr[2m | src/telegram/send.returns-undefined-empty-input.test.ts[2m > [22m[2msendMessageTelegram[2m > 
[22m[2mdoes not retry on non-transient errors
[22m[39m[telegram] message failed: 400: Bad Request

 [32m✓[39m src/telegram/send.returns-undefined-empty-input.test.ts [2m([22m[2m31 tests[22m[2m)[22m[32m 228[2mms[22m[39m
 [32m✓[39m src/agents/pi-embedded-runner.sanitize-session-history.test.ts [2m([22m[2m9 tests[22m[2m)[22m[33m 471[2mms[22m[39m
 [32m✓[39m src/infra/heartbeat-runner.returns-default-unset.test.ts [2m([22m[2m32 tests[22m[2m)[22m[33m 3317[2mms[22m[39m
     [33m[2m✓[22m[39m uses the last non-empty payload for delivery [33m 351[2mms[22m[39m
     [33m[2m✓[22m[39m can include reasoning payloads when enabled [33m 493[2mms[22m[39m
     [33m[2m✓[22m[39m loads the default agent session from templated stores [33m 582[2mms[22m[39m
     [33m[2m✓[22m[39m skips heartbeat when HEARTBEAT.md is effectively empty (saves API calls) [33m 518[2mms[22m[39m
     [33m[2m✓[22m[39m runs heartbeat when HEARTBEAT.md has actionable content [33m 509[2mms[22m[39m
 [32m✓[39m src/daemon/schtasks.test.ts [2m([22m[2m17 tests[22m[2m)[22m[32m 115[2mms[22m[39m
 [32m✓[39m src/cron/service.skips-main-jobs-empty-systemevent-text.test.ts [2m([22m[2m3 tests[22m[2m)[22m[32m 125[2mms[22m[39m
(node:95276) [DEP0040] DeprecationWarning: The `punycode` module is deprecated. Please use a userland alternative 
instead.
(Use `node --trace-deprecation ...` to show where the warning was created)
 [32m✓[39m src/commands/status.test.ts [2m([22m[2m5 tests[22m[2m)[22m[33m 350[2mms[22m[39m
 [32m✓[39m src/browser/extension-relay.test.ts [2m([22m[2m4 tests[22m[2m)[22m[32m 245[2mms[22m[39m
[90mstdout[2m | src/imessage/monitor.skips-group-messages-without-mention-by-default.test.ts[2m > [22m[2mmonitorIMessageProvider[2m > [22m[2mallows group messages when imessage groups default disables mention gating
[22m[39mimessage: delivered reply to chat_id:123

[90mstdout[2m | src/imessage/monitor.skips-group-messages-without-mention-by-default.test.ts[2m > [22m[2mmonitorIMessageProvider[2m > [22m[2mallows group messages when requireMention is true but no mentionPatterns exist
[22m[39mimessage: delivered reply to chat_id:777

[90mstdout[2m | src/imessage/monitor.skips-group-messages-without-mention-by-default.test.ts[2m > [22m[2mmonitorIMessageProvider[2m > [22m[2mtreats configured chat_id as a group session even when is_group is false
[22m[39mimessage: delivered reply to chat_id:2

[90mstdout[2m | src/imessage/monitor.skips-group-messages-without-mention-by-default.test.ts[2m > [22m[2mmonitorIMessageProvider[2m > [22m[2mprefixes final replies with responsePrefix
[22m[39mimessage: delivered reply to imessage:+15550001111

[90mstdout[2m | src/imessage/monitor.skips-group-messages-without-mention-by-default.test.ts[2m > [22m[2mmonitorIMessageProvider[2m > [22m[2mdelivers group replies when mentioned
[22m[39mimessage: delivered reply to chat_id:42

[90mstdout[2m | src/imessage/monitor.skips-group-messages-without-mention-by-default.test.ts[2m > [22m[2mmonitorIMessageProvider[2m > [22m[2mprefixes group message bodies with sender
[22m[39mimessage: delivered reply to chat_id:99

[90mstdout[2m | src/imessage/monitor.skips-group-messages-without-mention-by-default.test.ts[2m > [22m[2mmonitorIMessageProvider[2m > [22m[2mincludes reply context when imessage reply metadata is present
[22m[39mimessage: delivered reply to imessage:+15550001111

 [32m✓[39m src/imessage/monitor.skips-group-messages-without-mention-by-default.test.ts [2m([22m[2m12 tests[22m[2m)[22m[33m 321[2mms[22m[39m
(node:95276) [DEP0040] DeprecationWarning: The `punycode` module is deprecated. Please use a userland alternative 
instead.
(Use `node --trace-deprecation ...` to show where the warning was created)
 [32m✓[39m src/cli/browser-cli-extension.test.ts [2m([22m[2m4 tests[22m[2m)[22m[33m 1150[2mms[22m[39m
     [33m[2m✓[22m[39m installs into the state dir (never node_modules) [33m 840[2mms[22m[39m
 [32m✓[39m src/commands/onboard-auth.test.ts [2m([22m[2m26 tests[22m[2m)[22m[32m 98[2mms[22m[39m
(node:95276) [DEP0040] DeprecationWarning: The `punycode` module is deprecated. Please use a userland alternative 
instead.
(Use `node --trace-deprecation ...` to show where the warning was created)
 [32m✓[39m src/config/io.compat.test.ts [2m([22m[2m3 tests[22m[2m)[22m[32m 204[2mms[22m[39m
 [32m✓[39m src/wizard/onboarding.test.ts [2m([22m[2m5 tests[22m[2m)[22m[33m 750[2mms[22m[39m
[90mstdout[2m | src/slack/monitor.tool-result.threads-top-level-replies-replytomode-is-all.test.ts[2m > [22m[2mmonitorSlackProvider tool results[2m > [22m[2mthreads top-level replies when replyToMode is all
[22m[39mslack: groupPolicy defaults to "open" when channels.slack is missing; set channels.slack.groupPolicy (or channels.defaults.groupPolicy) or add channels.slack.channels to restrict access.

[90mstdout[2m | src/slack/monitor.tool-result.threads-top-level-replies-replytomode-is-all.test.ts[2m > [22m[2mmonitorSlackProvider tool results[2m > [22m[2mthreads top-level replies when replyToMode is all
[22m[39mslack socket mode connected

 [32m✓[39m src/telegram/bot-message-context.dm-threads.test.ts [2m([22m[2m5 tests[22m[2m)[22m[32m 164[2mms[22m[39m
 [32m✓[39m src/discord/send.creates-thread.test.ts [2m([22m[2m16 tests[22m[2m)[22m[33m 552[2mms[22m[39m
[90mstderr[2m | src/auto-reply/reply/agent-runner.heartbeat-typing.runreplyagent-typing-heartbeat.retries-after-compa
ction-failure-by-resetting-session.test.ts[2m > [22m[2mrunReplyAgent typing (heartbeat)[2m > [22m[2mretries 
after compaction failure by resetting the session
[22m[39mAuto-compaction failed (Context overflow: Summarization failed: 400 {"message":"prompt is too long"}). 
Restarting session main -> 1ff4ac65-fd7a-4778-a74c-f71391485100 and retrying.

[90mstdout[2m | src/slack/monitor.tool-result.threads-top-level-replies-replytomode-is-all.test.ts[2m > [22m[2mmonitorSlackProvider tool results[2m > [22m[2mthreads top-level replies when replyToMode is all
[22m[39mdelivered reply to user:U1

[90mstdout[2m | src/slack/monitor.tool-result.threads-top-level-replies-replytomode-is-all.test.ts[2m > [22m[2mmonitorSlackProvider tool results[2m > [22m[2mtreats parent_user_id as a thread reply even when thread_ts matches ts
[22m[39mslack socket mode connected

[90mstdout[2m | src/slack/monitor.tool-result.threads-top-level-replies-replytomode-is-all.test.ts[2m > [22m[2mmonitorSlackProvider tool results[2m > [22m[2mtreats parent_user_id as a thread reply even when thread_ts matches ts
[22m[39mdelivered reply to user:U1

 [32m✓[39m src/commands/gateway-status.test.ts [2m([22m[2m7 tests[22m[2m)[22m[33m 391[2mms[22m[39m
     [33m[2m✓[22m[39m prints human output by default [33m 361[2mms[22m[39m
[90mstderr[2m | src/auto-reply/reply/agent-runner.heartbeat-typing.runreplyagent-typing-heartbeat.retries-after-compa
ction-failure-by-resetting-session.test.ts[2m > [22m[2mrunReplyAgent typing (heartbeat)[2m > [22m[2mretries 
after context overflow payload by resetting the session
[22m[39mAuto-compaction failed (Context overflow: Summarization failed: 400 {"message":"prompt is too long"}). 
Restarting session main -> 09c1e8d9-40d8-4873-961f-77458bd0dd1d and retrying.

[90mstdout[2m | src/slack/monitor.tool-result.threads-top-level-replies-replytomode-is-all.test.ts[2m > [22m[2mmonitorSlackProvider tool results[2m > [22m[2mkeeps thread parent inheritance opt-in
[22m[39mslack channels unresolved: C1
slack socket mode connected

[90mstdout[2m | src/slack/monitor.tool-result.threads-top-level-replies-replytomode-is-all.test.ts[2m > [22m[2mmonitorSlackProvider tool results[2m > [22m[2mkeeps thread parent inheritance opt-in
[22m[39mdelivered reply to channel:C1

[90mstdout[2m | src/slack/monitor.tool-result.threads-top-level-replies-replytomode-is-all.test.ts[2m > [22m[2mmonitorSlackProvider tool results[2m > [22m[2minjects starter context for thread replies
[22m[39mslack channels unresolved: C1
slack socket mode connected

[90mstdout[2m | src/slack/monitor.tool-result.threads-top-level-replies-replytomode-is-all.test.ts[2m > [22m[2mmonitorSlackProvider tool results[2m > [22m[2minjects starter context for thread replies
[22m[39mdelivered reply to channel:C1

[90mstdout[2m | src/slack/monitor.tool-result.threads-top-level-replies-replytomode-is-all.test.ts[2m > [22m[2mmonitorSlackProvider tool results[2m > [22m[2mscopes thread session keys to the routed agent
[22m[39mslack channels unresolved: C1
slack socket mode connected

[90mstdout[2m | src/slack/monitor.tool-result.threads-top-level-replies-replytomode-is-all.test.ts[2m > [22m[2mmonitorSlackProvider tool results[2m > [22m[2mscopes thread session keys to the routed agent
[22m[39mdelivered reply to channel:C1

[90mstdout[2m | src/slack/monitor.tool-result.threads-top-level-replies-replytomode-is-all.test.ts[2m > [22m[2mmonitorSlackProvider tool results[2m > [22m[2mkeeps replies in channel root when message is not threaded (replyToMode off)
[22m[39mslack: groupPolicy defaults to "open" when channels.slack is missing; set channels.slack.groupPolicy (or channels.defaults.groupPolicy) or add channels.slack.channels to restrict access.

[90mstdout[2m | src/slack/monitor.tool-result.threads-top-level-replies-replytomode-is-all.test.ts[2m > [22m[2mmonitorSlackProvider tool results[2m > [22m[2mkeeps replies in channel root when message is not threaded (replyToMode off)
[22m[39mslack socket mode connected

[90mstdout[2m | src/slack/monitor.tool-result.threads-top-level-replies-replytomode-is-all.test.ts[2m > [22m[2mmonitorSlackProvider tool results[2m > [22m[2mkeeps replies in channel root when message is not threaded (replyToMode off)
[22m[39mdelivered reply to user:U1

[90mstdout[2m | src/slack/monitor.tool-result.threads-top-level-replies-replytomode-is-all.test.ts[2m > [22m[2mmonitorSlackProvider tool results[2m > [22m[2mthreads first reply when replyToMode is first and message is not threaded
[22m[39mslack: groupPolicy defaults to "open" when channels.slack is missing; set channels.slack.groupPolicy (or channels.defaults.groupPolicy) or add channels.slack.channels to restrict access.

[90mstdout[2m | src/slack/monitor.tool-result.threads-top-level-replies-replytomode-is-all.test.ts[2m > [22m[2mmonitorSlackProvider tool results[2m > [22m[2mthreads first reply when replyToMode is first and message is not threaded
[22m[39mslack socket mode connected

[90mstdout[2m | src/slack/monitor.tool-result.threads-top-level-replies-replytomode-is-all.test.ts[2m > [22m[2mmonitorSlackProvider tool results[2m > [22m[2mthreads first reply when replyToMode is first and message is not threaded
[22m[39mdelivered reply to user:U1

[90mstderr[2m | src/auto-reply/reply/agent-runner.heartbeat-typing.runreplyagent-typing-heartbeat.retries-after-compa
ction-failure-by-resetting-session.test.ts[2m > [22m[2mrunReplyAgent typing (heartbeat)[2m > [22m[2mresets the 
session after role ordering payloads
[22m[39mRole ordering conflict (messages: roles must alternate between "user" and "assistant"). Restarting session 
main -> 579bf5bb-c71b-41b5-b3bf-6941c33c0412.

 [32m✓[39m src/slack/monitor.tool-result.threads-top-level-replies-replytomode-is-all.test.ts [2m([22m[2m7 tests[22m[2m)[22m[32m 262[2mms[22m[39m
 [32m✓[39m src/auto-reply/reply/agent-runner.heartbeat-typing.runreplyagent-typing-heartbeat.retries-after-compaction-failure-by-resetting-session.test.ts [2m([22m[2m3 tests[22m[2m)[22m[32m 290[2mms[22m[39m
 [32m✓[39m src/discord/send.sends-basic-channel-messages.test.ts [2m([22m[2m20 tests[22m[2m)[22m[33m 333[2mms[22m[39m
 [32m✓[39m src/infra/provider-usage.fetch.antigravity.test.ts [2m([22m[2m18 tests[22m[2m)[22m[32m 256[2mms[22m[39m
(node:95276) [DEP0040] DeprecationWarning: The `punycode` module is deprecated. Please use a userland alternative 
instead.
(Use `node --trace-deprecation ...` to show where the warning was created)
 [32m✓[39m src/commands/auth-choice.test.ts [2m([22m[2m13 tests[22m[2m)[22m[33m 1515[2mms[22m[39m
     [33m[2m✓[22m[39m does not override the default model when selecting opencode-zen without setDefaultModel [33m 372[2mms[22m[39m
(node:95276) [DEP0040] DeprecationWarning: The `punycode` module is deprecated. Please use a userland alternative 
instead.
(Use `node --trace-deprecation ...` to show where the warning was created)
 [32m✓[39m src/commands/onboard-channels.test.ts [2m([22m[2m3 tests[22m[2m)[22m[32m 201[2mms[22m[39m
 [32m✓[39m src/browser/pw-ai.test.ts [2m([22m[2m6 tests[22m[2m)[22m[32m 207[2mms[22m[39m
 [32m✓[39m src/web/monitor-inbox.blocks-messages-from-unauthorized-senders-not-allowfrom.test.ts [2m([22m[2m9 tests[22m[2m)[22m[32m 124[2mms[22m[39m
(node:95276) [DEP0040] DeprecationWarning: The `punycode` module is deprecated. Please use a userland alternative 
instead.
(Use `node --trace-deprecation ...` to show where the warning was created)
 [32m✓[39m src/line/bot-message-context.test.ts [2m([22m[2m2 tests[22m[2m)[22m[32m 122[2mms[22m[39m
[90mstdout[2m | src/web/auto-reply.typing-controller-idle.test.ts[2m > [22m[2mtyping controller idle[2m > [22m[2mmarks dispatch idle after replies flush
[22m[39m[whatsapp] Inbound message +1000 -> +2000 (direct, 48 chars)

[90mstdout[2m | src/web/auto-reply.typing-controller-idle.test.ts[2m > [22m[2mtyping controller idle[2m > [22m[2mmarks dispatch idle after replies flush
[22m[39m[whatsapp] Auto-replied to +1000

[90mstdout[2m | src/web/auto-reply.typing-controller-idle.test.ts[2m > [22m[2mtyping controller idle[2m > [22m[2mmarks dispatch idle after replies flush
[22m[39m[whatsapp] Listening for personal WhatsApp inbound messages.

 [32m✓[39m src/web/auto-reply.typing-controller-idle.test.ts [2m([22m[2m1 test[22m[2m)[22m[32m 206[2mms[22m[39m
(node:95276) [DEP0040] DeprecationWarning: The `punycode` module is deprecated. Please use a userland alternative 
instead.
(Use `node --trace-deprecation ...` to show where the warning was created)
 [32m✓[39m src/cli/nodes-cli.coverage.test.ts [2m([22m[2m5 tests[22m[2m)[22m[32m 191[2mms[22m[39m
 [32m✓[39m src/browser/server-context.remote-tab-ops.test.ts [2m([22m[2m6 tests[22m[2m)[22m[33m 684[2mms[22m[39m
     [33m[2m✓[22m[39m uses Playwright tab operations when available [33m 471[2mms[22m[39m
[90mstdout[2m | src/agents/cli-credentials.test.ts[2m > [22m[2mcli credentials[2m > [22m[2mupdates the Claude Code keychain item in place
[22m[39m[agents/auth-profiles] wrote refreshed credentials to claude cli keychain

[90mstdout[2m | src/agents/cli-credentials.test.ts[2m > [22m[2mcli credentials[2m > [22m[2mfalls back to the file store when the keychain update fails
[22m[39m[agents/auth-profiles] wrote refreshed credentials to claude cli file

[90mstdout[2m | src/agents/cli-credentials.test.ts[2m > [22m[2mcli credentials[2m > [22m[2mcaches Claude Code CLI credentials within the TTL window
[22m[39m[agents/auth-profiles] read anthropic credentials from claude cli keychain

 [32m✓[39m src/media-understanding/providers/google/video.test.ts [2m([22m[2m2 tests[22m[2m)[22m[32m 98[2mms[22m[39m
[90mstdout[2m | src/agents/cli-credentials.test.ts[2m > [22m[2mcli credentials[2m > [22m[2mrefreshes Claude Code CLI credentials after the TTL window
[22m[39m[agents/auth-profiles] read anthropic credentials from claude cli keychain
[agents/auth-profiles] read anthropic credentials from claude cli keychain

[90mstdout[2m | src/agents/cli-credentials.test.ts[2m > [22m[2mcli credentials[2m > [22m[2mreads Codex credentials from keychain when available
[22m[39m[agents/auth-profiles] read codex credentials from keychain

 [32m✓[39m src/agents/cli-credentials.test.ts [2m([22m[2m6 tests[22m[2m)[22m[32m 172[2mms[22m[39m
(node:95276) [DEP0040] DeprecationWarning: The `punycode` module is deprecated. Please use a userland alternative 
instead.
(Use `node --trace-deprecation ...` to show where the warning was created)
[90mstdout[2m | src/web/auto-reply.web-auto-reply.sends-tool-summaries-immediately-responseprefix.test.ts[2m > [22m[2mweb auto-reply[2m > [22m[2mskips tool summaries and sends final reply with responsePrefix
[22m[39m[whatsapp] Listening for personal WhatsApp inbound messages.

[90mstdout[2m | src/web/auto-reply.web-auto-reply.sends-tool-summaries-immediately-responseprefix.test.ts[2m > [22m[2mweb auto-reply[2m > [22m[2mskips tool summaries and sends final reply with responsePrefix
[22m[39m[whatsapp] Inbound message +1555 -> +2666 (undefined, 19 chars)

[90mstdout[2m | src/web/auto-reply.web-auto-reply.sends-tool-summaries-immediately-responseprefix.test.ts[2m > [22m[2mweb auto-reply[2m > [22m[2mskips tool summaries and sends final reply with responsePrefix
[22m[39m[whatsapp] Auto-replied to +1555

 [32m✓[39m src/agents/skills.loadworkspaceskillentries.test.ts [2m([22m[2m3 tests[22m[2m)[22m[32m 251[2mms[22m[39m
[90mstdout[2m | src/web/auto-reply.web-auto-reply.sends-tool-summaries-immediately-responseprefix.test.ts[2m > [22m[2mweb auto-reply[2m > [22m[2muses identity.name for messagePrefix when set
[22m[39m[whatsapp] Listening for personal WhatsApp inbound messages.

[90mstdout[2m | src/web/auto-reply.web-auto-reply.sends-tool-summaries-immediately-responseprefix.test.ts[2m > [22m[2mweb auto-reply[2m > [22m[2muses identity.name for messagePrefix when set
[22m[39m[whatsapp] Inbound message +1555 -> +2666 (undefined, 29 chars)

[90mstdout[2m | src/web/auto-reply.web-auto-reply.sends-tool-summaries-immediately-responseprefix.test.ts[2m > [22m[2mweb auto-reply[2m > [22m[2muses identity.name for messagePrefix when set
[22m[39m[whatsapp] Auto-replied to +1555

[90mstdout[2m | src/telegram/fetch.test.ts[2m > [22m[2mresolveTelegramFetch[2m > [22m[2mreturns wrapped global fetch when available
[22m[39m[telegram] autoSelectFamily=false (default-node22)

[90mstdout[2m | src/web/auto-reply.web-auto-reply.sends-tool-summaries-immediately-responseprefix.test.ts[2m > [22m[2mweb auto-reply[2m > [22m[2mdoes not derive responsePrefix from identity.name when unset
[22m[39m[whatsapp] Listening for personal WhatsApp inbound messages.

[90mstdout[2m | src/telegram/fetch.test.ts[2m > [22m[2mresolveTelegramFetch[2m > [22m[2mprefers proxy fetch when provided
[22m[39m[telegram] autoSelectFamily=false (default-node22)

[90mstdout[2m | src/telegram/fetch.test.ts[2m > [22m[2mresolveTelegramFetch[2m > [22m[2mhonors env enable override
[22m[39m[telegram] autoSelectFamily=true (env:GENSPARX_TELEGRAM_ENABLE_AUTO_SELECT_FAMILY)

[90mstdout[2m | src/web/auto-reply.web-auto-reply.sends-tool-summaries-immediately-responseprefix.test.ts[2m > [22m[2mweb auto-reply[2m > [22m[2mdoes not derive responsePrefix from identity.name when unset
[22m[39m[whatsapp] Inbound message +1555 -> +2666 (undefined, 29 chars)

[90mstdout[2m | src/web/auto-reply.web-auto-reply.sends-tool-summaries-immediately-responseprefix.test.ts[2m > [22m[2mweb auto-reply[2m > [22m[2mdoes not derive responsePrefix from identity.name when unset
[22m[39m[whatsapp] Auto-replied to +1555

[90mstdout[2m | src/telegram/fetch.test.ts[2m > [22m[2mresolveTelegramFetch[2m > [22m[2muses config override when provided
[22m[39m[telegram] autoSelectFamily=true (config)

[90mstdout[2m | src/telegram/fetch.test.ts[2m > [22m[2mresolveTelegramFetch[2m > [22m[2menv disable override wins over config
[22m[39m[telegram] autoSelectFamily=false (env:GENSPARX_TELEGRAM_DISABLE_AUTO_SELECT_FAMILY)

 [32m✓[39m src/telegram/fetch.test.ts [2m([22m[2m5 tests[22m[2m)[22m[32m 274[2mms[22m[39m
 [32m✓[39m src/web/auto-reply.web-auto-reply.sends-tool-summaries-immediately-responseprefix.test.ts [2m([22m[2m3 tests[22m[2m)[22m[33m 434[2mms[22m[39m
 [32m✓[39m src/infra/path-env.test.ts [2m([22m[2m4 tests[22m[2m)[22m[32m 91[2mms[22m[39m
 [32m✓[39m src/infra/control-ui-assets.test.ts [2m([22m[2m9 tests[22m[2m)[22m[33m 2205[2mms[22m[39m
     [33m[2m✓[22m[39m resolves repo root from dist argv1 [33m 326[2mms[22m[39m
     [33m[2m✓[22m[39m resolves control-ui root for dist bundle argv1 [33m 316[2mms[22m[39m
     [33m[2m✓[22m[39m resolves control-ui root for dist/gateway bundle argv1 [33m 370[2mms[22m[39m
     [33m[2m✓[22m[39m resolves dist control-ui index path from package root argv1 [33m 565[2mms[22m[39m
 [32m✓[39m src/cron/service.prevents-duplicate-timers.test.ts [2m([22m[2m1 test[22m[2m)[22m[32m 100[2mms[22m[39m
 [32m✓[39m src/infra/outbound/message-action-runner.test.ts [2m([22m[2m24 tests[22m[2m)[22m[32m 216[2mms[22m[39m
 [32m✓[39m src/config/sessions.cache.test.ts [2m([22m[2m8 tests[22m[2m)[22m[32m 126[2mms[22m[39m
[90mstdout[2m | src/signal/monitor.tool-result.sends-tool-summaries-responseprefix.test.ts[2m > [22m[2mmonitorSignalProvider tool results[2m > [22m[2mskips tool summaries with responsePrefix
[22m[39mdelivered reply to signal:+15550001111

[90mstdout[2m | src/signal/monitor.tool-result.sends-tool-summaries-responseprefix.test.ts[2m > [22m[2mmonitorSignalProvider tool results[2m > [22m[2mprocesses messages when reaction metadata is present
[22m[39mdelivered reply to signal:+15550001111

 [32m✓[39m src/signal/monitor.tool-result.sends-tool-summaries-responseprefix.test.ts [2m([22m[2m11 tests[22m[2m)[22m[32m 154[2mms[22m[39m
 [32m✓[39m src/auto-reply/reply/commands.test.ts [2m([22m[2m21 tests[22m[2m)[22m[32m 185[2mms[22m[39m
 [32m✓[39m src/web/session.test.ts [2m([22m[2m8 tests[22m[2m)[22m[32m 87[2mms[22m[39m
 [32m✓[39m src/memory/embeddings.test.ts [2m([22m[2m12 tests[22m[2m | [22m[33m3 skipped[39m[2m)[22m[32m 162[2mms[22m[39m
 [32m✓[39m src/hooks/soul-evil.test.ts [2m([22m[2m14 tests[22m[2m)[22m[32m 92[2mms[22m[39m
 [32m✓[39m src/process/command-queue.test.ts [2m([22m[2m3 tests[22m[2m)[22m[32m 111[2mms[22m[39m
 [31m❯[39m src/config/paths.test.ts [2m([22m[2m7 tests[22m[2m | [22m[31m1 failed[39m[2m)[22m[32m 146[2mms[22m[39m
     [32m✓[39m prefers GENSPARX_OAUTH_DIR over GENSPARX_STATE_DIR[32m 7[2mms[22m[39m
     [32m✓[39m derives oauth path from GENSPARX_STATE_DIR when unset[32m 2[2mms[22m[39m
     [32m✓[39m uses GENSPARX_STATE_DIR when set[32m 1[2mms[22m[39m
     [32m✓[39m orders default config candidates in a stable order[32m 3[2mms[22m[39m
     [32m✓[39m prefers ~/.gensparx when it exists and legacy dir is missing[32m 37[2mms[22m[39m
[31m     [31m×[31m CONFIG_PATH prefers existing config when present[39m[32m 56[2mms[22m[39m
     [32m✓[39m respects state dir overrides when config is missing[32m 34[2mms[22m[39m
[90m|[39m
[32mo[39m  [0mConfig[0m [90m---------------------------------------------------+[39m
[90m|[39m                                                            [90m|[39m
[90m|[39m  [2mConfig invalid; doctor will run with best-effort config.[22m  [90m|[39m
[90m|[39m                                                            [90m|[39m
[90m+------------------------------------------------------------+[39m
[90m|[39m
[32mo[39m  [0mConfig[0m [90m---------------------------------------------------+[39m
[90m|[39m                                                            [90m|[39m
[90m|[39m  [2mConfig invalid; doctor will run with best-effort config.[22m  [90m|[39m
[90m|[39m                                                            [90m|[39m
[90m+------------------------------------------------------------+[39m
[90m|[39m
[32mo[39m  [0mDoctor changes[0m [90m-------+[39m
[90m|[39m                        [90m|[39m
[90m|[39m  [2m- gateway.auth.extra[22m  [90m|[39m
[90m|[39m  [2m- bridge[22m              [90m|[39m
[90m|[39m                        [90m|[39m
[90m+------------------------+[39m
 [32m✓[39m src/commands/doctor-config-flow.test.ts [2m([22m[2m2 tests[22m[2m)[22m[32m 159[2mms[22m[39m
 [32m✓[39m src/browser/cdp.test.ts [2m([22m[2m6 tests[22m[2m)[22m[32m 218[2mms[22m[39m
 [32m✓[39m src/media/store.redirect.test.ts [2m([22m[2m2 tests[22m[2m)[22m[32m 185[2mms[22m[39m
 [32m✓[39m src/memory/internal.test.ts [2m([22m[2m7 tests[22m[2m)[22m[32m 102[2mms[22m[39m
 [32m✓[39m src/config/config.identity-avatar.test.ts [2m([22m[2m3 tests[22m[2m)[22m[32m 83[2mms[22m[39m
(node:95276) [DEP0040] DeprecationWarning: The `punycode` module is deprecated. Please use a userland alternative 
instead.
(Use `node --trace-deprecation ...` to show where the warning was created)
 [32m✓[39m src/plugins/discovery.test.ts [2m([22m[2m4 tests[22m[2m)[22m[33m 377[2mms[22m[39m
(node:95276) [DEP0040] DeprecationWarning: The `punycode` module is deprecated. Please use a userland alternative 
instead.
(Use `node --trace-deprecation ...` to show where the warning was created)
 [32m✓[39m src/web/inbound.media.test.ts [2m([22m[2m3 tests[22m[2m)[22m[32m 121[2mms[22m[39m
(node:95276) [DEP0040] DeprecationWarning: The `punycode` module is deprecated. Please use a userland alternative 
instead.
(Use `node --trace-deprecation ...` to show where the warning was created)
 [32m✓[39m src/web/monitor-inbox.streams-inbound-messages.test.ts [2m([22m[2m8 tests[22m[2m)[22m[32m 147[2mms[22m[39m
 [32m✓[39m src/config/schema.test.ts [2m([22m[2m4 tests[22m[2m)[22m[32m 144[2mms[22m[39m
 [32m✓[39m src/infra/provider-usage.test.ts [2m([22m[2m10 tests[22m[2m)[22m[32m 218[2mms[22m[39m
 [32m✓[39m src/agents/pi-tools.create-openclaw-coding-tools.adds-claude-style-aliases-schemas-without-dropping-d.test.ts [2m([22m[2m5 tests[22m[2m)[22m[32m 186[2mms[22m[39m
 [32m✓[39m src/agents/skills.buildworkspaceskillsnapshot.test.ts [2m([22m[2m2 tests[22m[2m)[22m[32m 118[2mms[22m[39m
 [32m✓[39m src/web/monitor-inbox.captures-media-path-image-messages.test.ts [2m([22m[2m8 tests[22m[2m)[22m[32m 186[2mms[22m[39m
 [32m✓[39m src/infra/update-startup.test.ts [2m([22m[2m3 tests[22m[2m)[22m[33m 1384[2mms[22m[39m
     [33m[2m✓[22m[39m logs update hint for npm installs when newer tag exists [33m 1311[2mms[22m[39m
 [32m✓[39m src/auto-reply/reply/abort.test.ts [2m([22m[2m5 tests[22m[2m)[22m[32m 102[2mms[22m[39m
[90mstdout[2m | src/web/auto-reply.broadcast-groups.skips-unknown-broadcast-agent-ids-agents-list.test.ts[2m > [22m[2mbroadcast groups[2m > [22m[2mskips unknown broadcast agent ids when agents.list is present
[22m[39m[whatsapp] Listening for personal WhatsApp inbound messages.

[90mstderr[2m | src/web/auto-reply.broadcast-groups.skips-unknown-broadcast-agent-ids-agents-list.test.ts[2m > 
[22m[2mbroadcast groups[2m > [22m[2mskips unknown broadcast agent ids when agents.list is present
[22m[39m[whatsapp] Broadcast agent missing not found in agents.list; skipping
[90mstdout[2m | src/web/auto-reply.broadcast-groups.skips-unknown-broadcast-agent-ids-agents-list.test.ts[2m > [22m[2mbroadcast groups[2m > [22m[2mskips unknown broadcast agent ids when agents.list is present
[22m[39m[whatsapp] Broadcasting message to 2 agents (parallel)
[whatsapp] Inbound message +1000 -> +2000 (direct, 48 chars)


(node:95276) [DEP0040] DeprecationWarning: The `punycode` module is deprecated. Please use a userland alternative 
instead.
(Use `node --trace-deprecation ...` to show where the warning was created)
[90mstdout[2m | src/web/auto-reply.broadcast-groups.skips-unknown-broadcast-agent-ids-agents-list.test.ts[2m > [22m[2mbroadcast groups[2m > [22m[2mskips unknown broadcast agent ids when agents.list is present
[22m[39m[whatsapp] Auto-replied to +1000

 [32m✓[39m src/web/auto-reply.broadcast-groups.skips-unknown-broadcast-agent-ids-agents-list.test.ts [2m([22m[2m1 test[22m[2m)[22m[32m 264[2mms[22m[39m
 [32m✓[39m src/commands/chutes-oauth.test.ts [2m([22m[2m4 tests[22m[2m)[22m[32m 125[2mms[22m[39m
[90mstdout[2m | src/slack/monitor.tool-result.forces-thread-replies-replytoid-is-set.test.ts[2m > [22m[2mmonitorSlackProvider tool results[2m > [22m[2mforces thread replies when replyToId is set
[22m[39mslack: groupPolicy defaults to "open" when channels.slack is missing; set channels.slack.groupPolicy (or channels.defaults.groupPolicy) or add channels.slack.channels to restrict access.

[90mstdout[2m | src/slack/monitor.tool-result.forces-thread-replies-replytoid-is-set.test.ts[2m > [22m[2mmonitorSlackProvider tool results[2m > [22m[2mforces thread replies when replyToId is set
[22m[39mslack socket mode connected

[90mstdout[2m | src/slack/monitor.tool-result.forces-thread-replies-replytoid-is-set.test.ts[2m > [22m[2mmonitorSlackProvider tool results[2m > [22m[2mforces thread replies when replyToId is set
[22m[39mdelivered reply to user:U1

[90mstdout[2m | src/slack/monitor.tool-result.forces-thread-replies-replytoid-is-set.test.ts[2m > [22m[2mmonitorSlackProvider tool results[2m > [22m[2mreacts to mention-gated room messages when ackReaction is enabled
[22m[39mslack socket mode connected

[90mstdout[2m | src/slack/monitor.tool-result.forces-thread-replies-replytoid-is-set.test.ts[2m > [22m[2mmonitorSlackProvider tool results[2m > [22m[2mreplies with pairing code when dmPolicy is pairing and no allowFrom is set
[22m[39mslack socket mode connected

[90mstdout[2m | src/slack/monitor.tool-result.forces-thread-replies-replytoid-is-set.test.ts[2m > [22m[2mmonitorSlackProvider tool results[2m > [22m[2mdoes not resend pairing code when a request is already pending
[22m[39mslack socket mode connected

 [32m✓[39m src/slack/monitor.tool-result.forces-thread-replies-replytoid-is-set.test.ts [2m([22m[2m4 tests[22m[2m)[22m[32m 151[2mms[22m[39m
 [32m✓[39m src/agents/openclaw-tools.sessions.test.ts [2m([22m[2m8 tests[22m[2m)[22m[32m 89[2mms[22m[39m
 [32m✓[39m src/discord/monitor.tool-result.sends-status-replies-responseprefix.test.ts [2m([22m[2m6 tests[22m[2m)[22m[32m 126[2mms[22m[39m
 [32m✓[39m src/agents/pi-embedded-subscribe.subscribe-embedded-pi-session.waits-multiple-compaction-retries-before-resolving.test.ts [2m([22m[2m5 tests[22m[2m)[22m[32m 127[2mms[22m[39m
 [32m✓[39m src/agents/model-fallback.test.ts [2m([22m[2m19 tests[22m[2m)[22m[33m 658[2mms[22m[39m
 [32m✓[39m src/infra/archive.test.ts [2m([22m[2m3 tests[22m[2m)[22m[32m 124[2mms[22m[39m
 [32m✓[39m src/agents/openclaw-tools.subagents.sessions-spawn-normalizes-allowlisted-agent-ids.test.ts [2m([22m[2m4 tests[22m[2m)[22m[32m 117[2mms[22m[39m
 [32m✓[39m src/auto-reply/reply/agent-runner.memory-flush.runreplyagent-memory-flush.skips-memory-flush-sandbox-workspace-is-read.test.ts [2m([22m[2m2 tests[22m[2m)[22m[32m 81[2mms[22m[39m
 [32m✓[39m src/telegram/sticker-cache.test.ts [2m([22m[2m17 tests[22m[2m)[22m[32m 133[2mms[22m[39m
 [32m✓[39m src/cli/dns-cli.test.ts [2m([22m[2m1 test[22m[2m)[22m[33m 614[2mms[22m[39m
     [33m[2m✓[22m[39m prints setup info (no apply) [33m 605[2mms[22m[39m
 [32m✓[39m src/auto-reply/reply/agent-runner.memory-flush.runreplyagent-memory-flush.increments-compaction-count-flush-compaction-completes.test.ts [2m([22m[2m1 test[22m[2m)[22m[33m 931[2mms[22m[39m
     [33m[2m✓[22m[39m increments compaction count when flush compaction completes [33m 925[2mms[22m[39m
 [32m✓[39m src/agents/session-file-repair.test.ts [2m([22m[2m4 tests[22m[2m)[22m[33m 641[2mms[22m[39m
     [33m[2m✓[22m[39m rewrites session files that contain malformed lines [33m 444[2mms[22m[39m
 [32m✓[39m src/agents/pi-tools.create-openclaw-coding-tools.adds-claude-style-aliases-schemas-without-dropping-f.test.ts [2m([22m[2m4 tests[22m[2m)[22m[32m 167[2mms[22m[39m
(node:95276) [DEP0040] DeprecationWarning: The `punycode` module is deprecated. Please use a userland alternative 
instead.
(Use `node --trace-deprecation ...` to show where the warning was created)
[90mstdout[2m | src/telegram/send.preserves-thread-params-plain-text-fallback.test.ts[2m > [22m[2mbuildInlineKeyboard[2m > [22m[2mpreserves thread params in plain text fallback
[22m[39m[telegram] autoSelectFamily=false (default-node22)

[90mstderr[2m | src/telegram/send.preserves-thread-params-plain-text-fallback.test.ts[2m > 
[22m[2mbuildInlineKeyboard[2m > [22m[2mpreserves thread params in plain text fallback
[22m[39m[telegram] message failed: 400: Bad Request: can't parse entities: Can't find end of the entity

 [32m✓[39m src/telegram/send.preserves-thread-params-plain-text-fallback.test.ts [2m([22m[2m5 tests[22m[2m)[22m[32m 247[2mms[22m[39m
(node:95276) [DEP0040] DeprecationWarning: The `punycode` module is deprecated. Please use a userland alternative 
instead.
(Use `node --trace-deprecation ...` to show where the warning was created)
[90mstdout[2m | src/telegram/webhook.test.ts[2m > [22m[2mstartTelegramWebhook[2m > [22m[2mstarts server, registers webhook, and serves health
[22m[39mwebhook listening on http://localhost:0/telegram-webhook

 [32m✓[39m src/auto-reply/inbound.test.ts [2m([22m[2m30 tests[22m[2m)[22m[32m 108[2mms[22m[39m
[90mstdout[2m | src/telegram/webhook.test.ts[2m > [22m[2mstartTelegramWebhook[2m > [22m[2minvokes webhook handler on matching path
[22m[39mwebhook listening on http://localhost:0/hook

 [32m✓[39m src/telegram/webhook.test.ts [2m([22m[2m2 tests[22m[2m)[22m[32m 152[2mms[22m[39m
 [32m✓[39m src/web/monitor-inbox.allows-messages-from-senders-allowfrom-list.test.ts [2m([22m[2m7 tests[22m[2m)[22m[32m 113[2mms[22m[39m
[90mstdout[2m | src/telegram/send.caption-split.test.ts[2m > [22m[2msendMessageTelegram caption splitting[2m > [22m[2msplits long captions into media + text messages when text exceeds 1024 chars
[22m[39m[telegram] autoSelectFamily=false (default-node22)

[90mstderr[2m | src/telegram/send.caption-split.test.ts[2m > [22m[2msendMessageTelegram caption splitting[2m > 
[22m[2mwraps chat-not-found errors from follow-up message
[22m[39m[telegram] message failed: 400: Bad Request: chat not found

 [32m✓[39m src/telegram/send.caption-split.test.ts [2m([22m[2m9 tests[22m[2m)[22m[32m 136[2mms[22m[39m
[90mstderr[2m | src/auto-reply/reply/agent-runner.heartbeat-typing.runreplyagent-typing-heartbeat.resets-corrupted-ge
mini-sessions-deletes-transcripts.test.ts[2m > [22m[2mrunReplyAgent typing (heartbeat)[2m > [22m[2mresets 
corrupted Gemini sessions and deletes transcripts
[22m[39mSession history corrupted (Gemini function call ordering). Resetting session: main

[90mstderr[2m | src/auto-reply/reply/agent-runner.heartbeat-typing.runreplyagent-typing-heartbeat.resets-corrupted-ge
mini-sessions-deletes-transcripts.test.ts[2m > [22m[2mrunReplyAgent typing (heartbeat)[2m > [22m[2mkeeps 
sessions intact on other errors
[22m[39mEmbedded agent failed before reply: INVALID_ARGUMENT: some other failure

[90mstderr[2m | src/auto-reply/reply/agent-runner.heartbeat-typing.runreplyagent-typing-heartbeat.resets-corrupted-ge
mini-sessions-deletes-transcripts.test.ts[2m > [22m[2mrunReplyAgent typing (heartbeat)[2m > [22m[2mreturns 
friendly message for role ordering errors thrown as exceptions
[22m[39mEmbedded agent failed before reply: 400 Incorrect role information

[90mstderr[2m | src/auto-reply/reply/agent-runner.heartbeat-typing.runreplyagent-typing-heartbeat.resets-corrupted-ge
mini-sessions-deletes-transcripts.test.ts[2m > [22m[2mrunReplyAgent typing (heartbeat)[2m > [22m[2mreturns 
friendly message for 'roles must alternate' errors thrown as exceptions
[22m[39mEmbedded agent failed before reply: messages: roles must alternate between "user" and "assistant"

 [32m✓[39m src/auto-reply/reply/agent-runner.heartbeat-typing.runreplyagent-typing-heartbeat.resets-corrupted-gemini-sessions-deletes-transcripts.test.ts [2m([22m[2m4 tests[22m[2m)[22m[32m 128[2mms[22m[39m
 [32m✓[39m src/auto-reply/reply/agent-runner.memory-flush.runreplyagent-memory-flush.uses-configured-prompts-memory-flush-runs.test.ts [2m([22m[2m2 tests[22m[2m)[22m[32m 88[2mms[22m[39m
 [31m❯[39m src/config/normalize-paths.test.ts [2m([22m[2m1 test[22m[2m | [22m[31m1 failed[39m[2m)[22m[32m 60[2mms[22m[39m
[31m     [31m×[31m expands tilde for path-ish keys only[39m[32m 54[2mms[22m[39m
 [32m✓[39m src/infra/brew.test.ts [2m([22m[2m3 tests[22m[2m)[22m[32m 63[2mms[22m[39m
 [32m✓[39m src/auto-reply/reply/agent-runner.messaging-tools.test.ts [2m([22m[2m4 tests[22m[2m)[22m[32m 83[2mms[22m[39m
[90mstdout[2m | src/imessage/monitor.updates-last-route-chat-id-direct-messages.test.ts[2m > [22m[2mmonitorIMessageProvider[2m > [22m[2mupdates last route with sender handle for direct messages
[22m[39mimessage: delivered reply to imessage:+15550004444

 [32m✓[39m src/imessage/monitor.updates-last-route-chat-id-direct-messages.test.ts [2m([22m[2m2 tests[22m[2m)[22m[32m 116[2mms[22m[39m
 [32m✓[39m src/auto-reply/reply/agent-runner.memory-flush.runreplyagent-memory-flush.runs-memory-flush-turn-updates-session-metadata.test.ts [2m([22m[2m2 tests[22m[2m)[22m[32m 124[2mms[22m[39m
(node:95276) [DEP0040] DeprecationWarning: The `punycode` module is deprecated. Please use a userland alternative 
instead.
(Use `node --trace-deprecation ...` to show where the warning was created)
 [32m✓[39m src/agents/pi-embedded-subscribe.subscribe-embedded-pi-session.suppresses-message-end-block-replies-message-tool.test.ts [2m([22m[2m3 tests[22m[2m)[22m[32m 111[2mms[22m[39m
 [32m✓[39m src/telegram/format.test.ts [2m([22m[2m13 tests[22m[2m)[22m[32m 91[2mms[22m[39m
[90mstdout[2m | src/logger.test.ts[2m > [22m[2mlogger helpers[2m > [22m[2monly logs debug when verbose is enabled
[22m[39mloud

[90mstdout[2m | src/logger.test.ts[2m > [22m[2mlogger helpers[2m > [22m[2mwrites to configured log file at configured level
[22m[39mhello

[90mstdout[2m | src/logger.test.ts[2m > [22m[2mlogger helpers[2m > [22m[2mfilters messages below configured level
[22m[39minfo-only
warn-only

[90mstdout[2m | src/logger.test.ts[2m > [22m[2mlogger helpers[2m > [22m[2muses daily rolling default log file and prunes old ones
[22m[39mroll-me

 [32m✓[39m src/logger.test.ts [2m([22m[2m5 tests[22m[2m)[22m[32m 84[2mms[22m[39m
 [32m✓[39m src/markdown/ir.table-bullets.test.ts [2m([22m[2m7 tests[22m[2m)[22m[32m 63[2mms[22m[39m
 [32m✓[39m src/auto-reply/reply/reply-routing.test.ts [2m([22m[2m18 tests[22m[2m)[22m[32m 96[2mms[22m[39m
 [32m✓[39m src/auto-reply/reply/followup-runner.test.ts [2m([22m[2m5 tests[22m[2m)[22m[32m 98[2mms[22m[39m
 [32m✓[39m src/utils.test.ts [2m([22m[2m20 tests[22m[2m)[22m[32m 186[2mms[22m[39m
(node:95276) [DEP0040] DeprecationWarning: The `punycode` module is deprecated. Please use a userland alternative 
instead.
(Use `node --trace-deprecation ...` to show where the warning was created)
 [32m✓[39m src/auto-reply/reply/route-reply.test.ts [2m([22m[2m16 tests[22m[2m)[22m[32m 91[2mms[22m[39m
(node:95276) [DEP0040] DeprecationWarning: The `punycode` module is deprecated. Please use a userland alternative 
instead.
(Use `node --trace-deprecation ...` to show where the warning was created)
 [32m✓[39m src/discord/monitor/message-handler.inbound-contract.test.ts [2m([22m[2m2 tests[22m[2m)[22m[32m 134[2mms[22m[39m
(node:95276) [DEP0040] DeprecationWarning: The `punycode` module is deprecated. Please use a userland alternative 
instead.
(Use `node --trace-deprecation ...` to show where the warning was created)
 [32m✓[39m src/infra/session-cost-usage.test.ts [2m([22m[2m2 tests[22m[2m)[22m[32m 75[2mms[22m[39m
(node:95276) [DEP0040] DeprecationWarning: The `punycode` module is deprecated. Please use a userland alternative 
instead.
(Use `node --trace-deprecation ...` to show where the warning was created)
 [32m✓[39m src/config/sessions/transcript.test.ts [2m([22m[2m6 tests[22m[2m)[22m[32m 54[2mms[22m[39m
 [32m✓[39m src/auto-reply/reply/queue.collect-routing.test.ts [2m([22m[2m6 tests[22m[2m)[22m[32m 76[2mms[22m[39m
 [32m✓[39m src/signal/format.test.ts [2m([22m[2m6 tests[22m[2m)[22m[32m 55[2mms[22m[39m
 [32m✓[39m src/telegram/bot/delivery.test.ts [2m([22m[2m10 tests[22m[2m)[22m[32m 92[2mms[22m[39m
 [32m✓[39m src/feishu/format.test.ts [2m([22m[2m15 tests[22m[2m)[22m[32m 52[2mms[22m[39m
 [32m✓[39m src/infra/outbound/deliver.test.ts [2m([22m[2m12 tests[22m[2m)[22m[32m 80[2mms[22m[39m
 [32m✓[39m src/agents/skills.build-workspace-skills-prompt.applies-bundled-allowlist-without-affecting-workspace-skills.test.ts [2m([22m[2m1 test[22m[2m)[22m[32m 140[2mms[22m[39m
[90mstdout[2m | src/slack/monitor.threading.missing-thread-ts.test.ts[2m > [22m[2mmonitorSlackProvider threading[2m > [22m[2mrecovers missing thread_ts when parent_user_id is present
[22m[39mslack channels unresolved: C1
slack socket mode connected

[90mstdout[2m | src/slack/monitor.threading.missing-thread-ts.test.ts[2m > [22m[2mmonitorSlackProvider threading[2m > [22m[2mrecovers missing thread_ts when parent_user_id is present
[22m[39mdelivered reply to channel:C1

 [32m✓[39m src/slack/monitor.threading.missing-thread-ts.test.ts [2m([22m[2m1 test[22m[2m)[22m[32m 62[2mms[22m[39m
 [32m✓[39m src/agents/pi-tools.create-openclaw-coding-tools.adds-claude-style-aliases-schemas-without-dropping.test.ts [2m([22m[2m21 tests[22m[2m)[22m[32m 64[2mms[22m[39m
[90mstderr[2m | src/auto-reply/reply/agent-runner.heartbeat-typing.runreplyagent-typing-heartbeat.still-replies-even-
if-session-reset-fails.test.ts[2m > [22m[2mrunReplyAgent typing (heartbeat)[2m > [22m[2mstill replies even if 
session reset fails to persist
[22m[39mSession history corrupted (Gemini function call ordering). Resetting session: main

 [32m✓[39m src/commands/agents.identity.test.ts [2m([22m[2m7 tests[22m[2m)[22m[32m 48[2mms[22m[39m
 [32m✓[39m src/cli/pairing-cli.test.ts [2m([22m[2m7 tests[22m[2m)[22m[32m 191[2mms[22m[39m
 [32m✓[39m src/auto-reply/reply/agent-runner.heartbeat-typing.runreplyagent-typing-heartbeat.still-replies-even-if-session-reset-fails.test.ts [2m([22m[2m2 tests[22m[2m)[22m[32m 278[2mms[22m[39m
[90mstdout[2m | src/telegram/send.edit-message.test.ts[2m > [22m[2meditMessageTelegram[2m > [22m[2mkeeps existing buttons when buttons is undefined (no reply_markup)
[22m[39m[telegram] autoSelectFamily=false (default-node22)

[90mstderr[2m | src/telegram/send.edit-message.test.ts[2m > [22m[2meditMessageTelegram[2m > [22m[2mfalls back 
to plain text when Telegram HTML parse fails (and preserves reply_markup)
[22m[39m[telegram] editMessage failed: 400: Bad Request: can't parse entities

 [32m✓[39m src/telegram/send.edit-message.test.ts [2m([22m[2m3 tests[22m[2m)[22m[32m 95[2mms[22m[39m
 [32m✓[39m src/agents/auth-profiles.chutes.test.ts [2m([22m[2m1 test[22m[2m)[22m[33m 338[2mms[22m[39m
     [33m[2m✓[22m[39m refreshes expired Chutes OAuth credentials [33m 333[2mms[22m[39m
(node:95276) [DEP0040] DeprecationWarning: The `punycode` module is deprecated. Please use a userland alternative 
instead.
(Use `node --trace-deprecation ...` to show where the warning was created)
 [32m✓[39m src/channels/plugins/catalog.test.ts [2m([22m[2m3 tests[22m[2m)[22m[32m 47[2mms[22m[39m
 [32m✓[39m src/discord/chunk.test.ts [2m([22m[2m10 tests[22m[2m)[22m[32m 22[2mms[22m[39m
 [32m✓[39m src/agents/auth-profiles.markauthprofilefailure.test.ts [2m([22m[2m3 tests[22m[2m)[22m[32m 73[2mms[22m[39m
 [32m✓[39m src/infra/device-pairing.test.ts [2m([22m[2m1 test[22m[2m)[22m[32m 63[2mms[22m[39m
 [32m✓[39m src/slack/format.test.ts [2m([22m[2m18 tests[22m[2m)[22m[32m 57[2mms[22m[39m
[90mstdout[2m | src/web/login.coverage.test.ts[2m > [22m[2mloginWeb coverage[2m > [22m[2mrestarts once when WhatsApp requests code 515
[22m[39mWhatsApp asked for a restart after pairing (code 515); creds are saved. Restarting connection once…

[90mstdout[2m | src/web/login.coverage.test.ts[2m > [22m[2mloginWeb coverage[2m > [22m[2mrestarts once when WhatsApp requests code 515
[22m[39m✅ Linked after restart; web session ready.

[90mstdout[2m | src/web/login.coverage.test.ts[2m > [22m[2mloginWeb coverage[2m > [22m[2mclears creds and throws when logged out
[22m[39mWaiting for WhatsApp connection...

[90mstderr[2m | src/web/login.coverage.test.ts[2m > [22m[2mloginWeb coverage[2m > [22m[2mclears creds and 
throws when logged out
[22m[39mWhatsApp reported the session is logged out. Cleared cached web session; please rerun gensparx channels 
login and scan the QR again.

[90mstdout[2m | src/web/login.coverage.test.ts[2m > [22m[2mloginWeb coverage[2m > [22m[2mformats and rethrows generic errors
[22m[39mWaiting for WhatsApp connection...

[90mstderr[2m | src/web/login.coverage.test.ts[2m > [22m[2mloginWeb coverage[2m > [22m[2mformats and rethrows 
generic errors
[22m[39mWhatsApp Web connection ended before fully opening. formatted:Error: boom

 [32m✓[39m src/web/login.coverage.test.ts [2m([22m[2m3 tests[22m[2m)[22m[32m 61[2mms[22m[39m
 [32m✓[39m src/infra/heartbeat-runner.sender-prefers-delivery-target.test.ts [2m([22m[2m1 test[22m[2m)[22m[32m 45[2mms[22m[39m
 [32m✓[39m src/agents/pi-embedded-subscribe.subscribe-embedded-pi-session.splits-long-single-line-fenced-blocks-reopen.test.ts [2m([22m[2m3 tests[22m[2m)[22m[32m 48[2mms[22m[39m
(node:95276) [DEP0040] DeprecationWarning: The `punycode` module is deprecated. Please use a userland alternative 
instead.
(Use `node --trace-deprecation ...` to show where the warning was created)
 [32m✓[39m src/browser/pw-session.get-page-for-targetid.extension-fallback.test.ts [2m([22m[2m1 test[22m[2m)[22m[32m 65[2mms[22m[39m
 [31m❯[39m src/agents/pi-embedded-runner/run.overflow-compaction.test.ts [2m([22m[2m4 tests[22m[2m | [22m[31m4 failed[39m[2m)[22m[32m 271[2mms[22m[39m
[31m     [31m×[31m retries after successful compaction on context overflow promptError[39m[32m 150[2mms[22m[39m
[31m     [31m×[31m returns error if compaction fails[39m[32m 39[2mms[22m[39m
[31m     [31m×[31m returns error if overflow happens again after compaction[39m[32m 39[2mms[22m[39m
[31m     [31m×[31m does not attempt compaction for compaction_failure errors[39m[32m 39[2mms[22m[39m
 [32m✓[39m src/tts/tts.test.ts [2m([22m[2m33 tests[22m[2m)[22m[32m 67[2mms[22m[39m
(node:95276) [DEP0040] DeprecationWarning: The `punycode` module is deprecated. Please use a userland alternative 
instead.
(Use `node --trace-deprecation ...` to show where the warning was created)
 [32m✓[39m src/agents/auth-health.test.ts [2m([22m[2m2 tests[22m[2m)[22m[32m 12[2mms[22m[39m
(node:95276) [DEP0040] DeprecationWarning: The `punycode` module is deprecated. Please use a userland alternative 
instead.
(Use `node --trace-deprecation ...` to show where the warning was created)
 [31m❯[39m src/auto-reply/envelope.test.ts [2m([22m[2m12 tests[22m[2m | [22m[31m1 failed[39m[2m)[22m[32m 31[2mms[22m[39m
     [32m✓[39m includes channel, from, ip, host, and timestamp[32m 5[2mms[22m[39m
[31m     [31m×[31m formats timestamps in local timezone by default[39m[32m 11[2mms[22m[39m
     [32m✓[39m formats timestamps in UTC when configured[32m 1[2mms[22m[39m
     [32m✓[39m formats timestamps in user timezone when configured[32m 3[2mms[22m[39m
     [32m✓[39m omits timestamps when configured[32m 1[2mms[22m[39m
     [32m✓[39m handles missing optional fields[32m 0[2mms[22m[39m
     [32m✓[39m prefixes sender for non-direct chats[32m 1[2mms[22m[39m
     [32m✓[39m uses sender fields when senderLabel is missing[32m 0[2mms[22m[39m
     [32m✓[39m keeps direct messages unprefixed[32m 1[2mms[22m[39m
     [32m✓[39m includes elapsed time when previousTimestamp is provided[32m 1[2mms[22m[39m
     [32m✓[39m omits elapsed time when disabled[32m 0[2mms[22m[39m
     [32m✓[39m resolves envelope options from config[32m 1[2mms[22m[39m
 [32m✓[39m src/markdown/frontmatter.test.ts [2m([22m[2m5 tests[22m[2m)[22m[32m 75[2mms[22m[39m
 [32m✓[39m src/auto-reply/reply/commands-policy.test.ts [2m([22m[2m10 tests[22m[2m)[22m[32m 62[2mms[22m[39m
 [32m✓[39m src/auto-reply/reply/agent-runner.heartbeat-typing.runreplyagent-typing-heartbeat.signals-typing-block-replies.test.ts [2m([22m[2m4 tests[22m[2m)[22m[32m 53[2mms[22m[39m
 [32m✓[39m src/auto-reply/commands-registry.test.ts [2m([22m[2m16 tests[22m[2m)[22m[32m 48[2mms[22m[39m
 [32m✓[39m src/auto-reply/command-control.test.ts [2m([22m[2m14 tests[22m[2m)[22m[32m 52[2mms[22m[39m
 [32m✓[39m src/discord/api.test.ts [2m([22m[2m3 tests[22m[2m)[22m[32m 36[2mms[22m[39m
 [32m✓[39m src/hooks/frontmatter.test.ts [2m([22m[2m20 tests[22m[2m)[22m[32m 62[2mms[22m[39m
[90mstderr[2m | src/agents/pi-tool-definition-adapter.test.ts[2m > [22m[2mpi tool definition adapter[2m > 
[22m[2mwraps tool errors into a tool result
[22m[39m[tools] boom failed: nope

[90mstderr[2m | src/agents/pi-tool-definition-adapter.test.ts[2m > [22m[2mpi tool definition adapter[2m > 
[22m[2mnormalizes exec tool aliases in error results
[22m[39m[tools] exec failed: nope

 [32m✓[39m src/agents/pi-tool-definition-adapter.test.ts [2m([22m[2m2 tests[22m[2m)[22m[32m 37[2mms[22m[39m
 [32m✓[39m src/daemon/service-env.test.ts [2m([22m[2m17 tests[22m[2m)[22m[32m 36[2mms[22m[39m
 [32m✓[39m src/agents/tools/web-fetch.ssrf.test.ts [2m([22m[2m5 tests[22m[2m)[22m[32m 73[2mms[22m[39m
 [32m✓[39m src/agents/apply-patch.test.ts [2m([22m[2m3 tests[22m[2m)[22m[32m 69[2mms[22m[39m
 [32m✓[39m src/commands/channels.adds-non-default-telegram-account.test.ts [2m([22m[2m16 tests[22m[2m)[22m[32m 36[2mms[22m[39m
 [32m✓[39m src/agents/tools/telegram-actions.test.ts [2m([22m[2m25 tests[22m[2m)[22m[32m 43[2mms[22m[39m
(node:95276) [DEP0040] DeprecationWarning: The `punycode` module is deprecated. Please use a userland alternative 
instead.
(Use `node --trace-deprecation ...` to show where the warning was created)
 [32m✓[39m src/auto-reply/reply/agent-runner.memory-flush.runreplyagent-memory-flush.skips-memory-flush-cli-providers.test.ts [2m([22m[2m1 test[22m[2m)[22m[32m 56[2mms[22m[39m
 [32m✓[39m src/infra/retry.test.ts [2m([22m[2m8 tests[22m[2m)[22m[32m 151[2mms[22m[39m
(node:95276) [DEP0040] DeprecationWarning: The `punycode` module is deprecated. Please use a userland alternative 
instead.
(Use `node --trace-deprecation ...` to show where the warning was created)
 [32m✓[39m src/telegram/send.proxy.test.ts [2m([22m[2m3 tests[22m[2m)[22m[32m 41[2mms[22m[39m
 [32m✓[39m src/agents/openclaw-tools.subagents.sessions-spawn-resolves-main-announce-target-from.test.ts [2m([22m[2m2 tests[22m[2m)[22m[32m 59[2mms[22m[39m
 [32m✓[39m src/agents/pi-embedded-subscribe.subscribe-embedded-pi-session.calls-onblockreplyflush-before-tool-execution-start-preserve.test.ts [2m([22m[2m2 tests[22m[2m)[22m[32m 46[2mms[22m[39m
 [32m✓[39m src/media-understanding/runner.auto-audio.test.ts [2m([22m[2m2 tests[22m[2m)[22m[32m 82[2mms[22m[39m
 [32m✓[39m src/infra/voicewake.test.ts [2m([22m[2m3 tests[22m[2m)[22m[32m 285[2mms[22m[39m
(node:95276) [DEP0040] DeprecationWarning: The `punycode` module is deprecated. Please use a userland alternative 
instead.
(Use `node --trace-deprecation ...` to show where the warning was created)
 [32m✓[39m src/auto-reply/reply/dispatch-from-config.test.ts [2m([22m[2m12 tests[22m[2m)[22m[32m 42[2mms[22m[39m
(node:95276) [DEP0040] DeprecationWarning: The `punycode` module is deprecated. Please use a userland alternative 
instead.
(Use `node --trace-deprecation ...` to show where the warning was created)
 [32m✓[39m src/channels/ack-reactions.test.ts [2m([22m[2m9 tests[22m[2m)[22m[32m 49[2mms[22m[39m
[90mstderr[2m | src/telegram/monitor.test.ts[2m > [22m[2mmonitorTelegramProvider (grammY)[2m > [22m[2mretries 
on recoverable network errors
[22m[39mTelegram network error: timeout; retrying in 0ms.

 [32m✓[39m src/telegram/monitor.test.ts [2m([22m[2m5 tests[22m[2m)[22m[32m 40[2mms[22m[39m
 [32m✓[39m src/discord/monitor/message-handler.process.test.ts [2m([22m[2m2 tests[22m[2m)[22m[32m 60[2mms[22m[39m
 [32m✓[39m src/cron/schedule.test.ts [2m([22m[2m4 tests[22m[2m)[22m[32m 17[2mms[22m[39m
 [32m✓[39m src/security/windows-acl.test.ts [2m([22m[2m26 tests[22m[2m)[22m[32m 31[2mms[22m[39m
 [32m✓[39m src/logging/console-capture.test.ts [2m([22m[2m6 tests[22m[2m)[22m[32m 100[2mms[22m[39m
(node:95276) [DEP0040] DeprecationWarning: The `punycode` module is deprecated. Please use a userland alternative 
instead.
(Use `node --trace-deprecation ...` to show where the warning was created)
 [32m✓[39m src/agents/pi-embedded-subscribe.subscribe-embedded-pi-session.includes-canvas-action-metadata-tool-summaries.test.ts [2m([22m[2m3 tests[22m[2m)[22m[32m 63[2mms[22m[39m
 [32m✓[39m src/agents/pi-embedded-subscribe.subscribe-embedded-pi-session.subscribeembeddedpisession.test.ts [2m([22m[2m13 tests[22m[2m)[22m[32m 43[2mms[22m[39m
 [32m✓[39m src/web/auto-reply/monitor/message-line.test.ts [2m([22m[2m1 test[22m[2m)[22m[32m 10[2mms[22m[39m
 [32m✓[39m src/cron/service.store.migration.test.ts [2m([22m[2m1 test[22m[2m)[22m[32m 73[2mms[22m[39m
 [32m✓[39m src/agents/tools/sessions-announce-target.test.ts [2m([22m[2m2 tests[22m[2m)[22m[32m 133[2mms[22m[39m
 [32m✓[39m src/infra/bonjour.test.ts [2m([22m[2m7 tests[22m[2m)[22m[32m 47[2mms[22m[39m
 [32m✓[39m src/agents/openclaw-tools.subagents.sessions-spawn-announces-agent-wait-lifecycle-events.test.ts [2m([22m[2m1 test[22m[2m)[22m[32m 54[2mms[22m[39m
 [32m✓[39m src/auto-reply/reply/commands-approve.test.ts [2m([22m[2m5 tests[22m[2m)[22m[32m 91[2mms[22m[39m
 [32m✓[39m src/commands/auth-choice.moonshot.test.ts [2m([22m[2m2 tests[22m[2m)[22m[33m 785[2mms[22m[39m
     [33m[2m✓[22m[39m keeps the .cn baseUrl when setDefaultModel is false [33m 350[2mms[22m[39m
     [33m[2m✓[22m[39m sets the default model when setDefaultModel is true [33m 414[2mms[22m[39m
[90mstderr[2m | src/agents/pi-embedded-runner.google-sanitize-thinking.test.ts[2m > [22m[2msanitizeSessionHistory 
(google thinking)[2m > [22m[2msanitizes tool call ids for Google APIs
[22m[39m[agent/embedded] google turn ordering fixup: prepended user bootstrap (sessionId=session:google)

 [32m✓[39m src/agents/pi-embedded-runner.google-sanitize-thinking.test.ts [2m([22m[2m11 tests[22m[2m)[22m[32m 67[2mms[22m[39m
 [32m✓[39m src/agents/tools/cron-tool.test.ts [2m([22m[2m15 tests[22m[2m)[22m[32m 131[2mms[22m[39m
 [32m✓[39m src/auto-reply/reply.triggers.trigger-handling.stages-inbound-media-into-sandbox-workspace.security.test.ts [2m([22m[2m1 test[22m[2m)[22m[32m 30[2mms[22m[39m
 [32m✓[39m src/telegram/download.test.ts [2m([22m[2m2 tests[22m[2m)[22m[32m 33[2mms[22m[39m
(node:95276) [DEP0040] DeprecationWarning: The `punycode` module is deprecated. Please use a userland alternative 
instead.
(Use `node --trace-deprecation ...` to show where the warning was created)
 [32m✓[39m src/scripts/canvas-a2ui-copy.test.ts [2m([22m[2m2 tests[22m[2m)[22m[32m 60[2mms[22m[39m
 [32m✓[39m src/discord/monitor.test.ts [2m([22m[2m40 tests[22m[2m)[22m[32m 80[2mms[22m[39m
 [32m✓[39m src/agents/pi-tools.create-openclaw-coding-tools.adds-claude-style-aliases-schemas-without-dropping-b.test.ts [2m([22m[2m6 tests[22m[2m)[22m[32m 32[2mms[22m[39m
 [32m✓[39m src/agents/tools/discord-actions.test.ts [2m([22m[2m27 tests[22m[2m)[22m[32m 66[2mms[22m[39m
 [32m✓[39m src/tui/components/searchable-select-list.test.ts [2m([22m[2m13 tests[22m[2m)[22m[32m 41[2mms[22m[39m
[90mstderr[2m | src/agents/pi-tools.before-tool-call.test.ts[2m > [22m[2mbefore_tool_call hook integration[2m > 
[22m[2mcontinues execution when hook throws
[22m[39m[agents/tools] before_tool_call hook failed: tool=read toolCallId=call-4 error=Error: boom

 [32m✓[39m src/agents/pi-tools.before-tool-call.test.ts [2m([22m[2m6 tests[22m[2m)[22m[32m 68[2mms[22m[39m
(node:95276) [DEP0040] DeprecationWarning: The `punycode` module is deprecated. Please use a userland alternative 
instead.
(Use `node --trace-deprecation ...` to show where the warning was created)
 [32m✓[39m src/agents/tools/slack-actions.test.ts [2m([22m[2m22 tests[22m[2m)[22m[32m 35[2mms[22m[39m
 [32m✓[39m src/agents/auth-profiles.ensureauthprofilestore.test.ts [2m([22m[2m2 tests[22m[2m)[22m[32m 34[2mms[22m[39m
(node:95276) [DEP0040] DeprecationWarning: The `punycode` module is deprecated. Please use a userland alternative 
instead.
(Use `node --trace-deprecation ...` to show where the warning was created)
 [32m✓[39m src/hooks/internal-hooks.test.ts [2m([22m[2m18 tests[22m[2m)[22m[32m 106[2mms[22m[39m
[90mstdout[2m | src/infra/heartbeat-runner.scheduler.test.ts[2m > [22m[2mstartHeartbeatRunner[2m > [22m[2mupdates scheduling when config changes without restart
[22m[39m[heartbeat] started

 [32m✓[39m src/infra/heartbeat-runner.scheduler.test.ts [2m([22m[2m1 test[22m[2m)[22m[32m 49[2mms[22m[39m
 [32m✓[39m src/media/fetch.test.ts [2m([22m[2m3 tests[22m[2m)[22m[32m 56[2mms[22m[39m
 [32m✓[39m src/telegram/bot-message-context.sender-prefix.test.ts [2m([22m[2m3 tests[22m[2m)[22m[32m 31[2mms[22m[39m
(node:95276) [DEP0040] DeprecationWarning: The `punycode` module is deprecated. Please use a userland alternative 
instead.
(Use `node --trace-deprecation ...` to show where the warning was created)
 [32m✓[39m src/telegram/bot-message-context.dm-topic-threadid.test.ts [2m([22m[2m3 tests[22m[2m)[22m[32m 38[2mms[22m[39m
 [32m✓[39m src/agents/skills/refresh.test.ts [2m([22m[2m1 test[22m[2m)[22m[32m 56[2mms[22m[39m
 [32m✓[39m src/discord/audit.test.ts [2m([22m[2m1 test[22m[2m)[22m[32m 19[2mms[22m[39m
 [32m✓[39m src/auto-reply/reply/line-directives.test.ts [2m([22m[2m36 tests[22m[2m)[22m[32m 33[2mms[22m[39m
[90m|[39m
[32mo[39m  [0mAuth profiles[0m [90m---------------------------------------------------------+[39m
[90m|[39m                                                                         [90m|[39m
[90m|[39m  [2mDeprecated external CLI auth profiles detected (no longer supported):[22m  [90m|[39m
[90m|[39m  [2m- anthropic:claude-cli (Anthropic): use setup-token → gensparx models[22m  [90m|[39m
[90m|[39m  [2m  auth setup-token[22m                                                     [90m|[39m
[90m|[39m  [2m- openai-codex:codex-cli (OpenAI Codex): use OAuth → gensparx models[22m   [90m|[39m
[90m|[39m  [2m  auth login --provider openai-codex[22m                                   [90m|[39m
[90m|[39m                                                                         [90m|[39m
[90m+-------------------------------------------------------------------------+[39m
[90m|[39m
[32mo[39m  [0mDoctor changes[0m [90m-------------------------------+[39m
[90m|[39m                                                [90m|[39m
[90m|[39m  [2m- removed anthropic:claude-cli from config[22m    [90m|[39m
[90m|[39m  [2m- removed openai-codex:codex-cli from config[22m  [90m|[39m
[90m|[39m                                                [90m|[39m
[90m+------------------------------------------------+[39m
 [32m✓[39m src/commands/doctor-auth.deprecated-cli-profiles.test.ts [2m([22m[2m1 test[22m[2m)[22m[32m 67[2mms[22m[39m
(node:95276) [DEP0040] DeprecationWarning: The `punycode` module is deprecated. Please use a userland alternative 
instead.
(Use `node --trace-deprecation ...` to show where the warning was created)
 [32m✓[39m src/line/markdown-to-line.test.ts [2m([22m[2m38 tests[22m[2m)[22m[32m 50[2mms[22m[39m
 [32m✓[39m src/telegram/model-buttons.test.ts [2m([22m[2m28 tests[22m[2m)[22m[32m 46[2mms[22m[39m
 [32m✓[39m src/auto-reply/reply.directive.parse.test.ts [2m([22m[2m31 tests[22m[2m)[22m[32m 32[2mms[22m[39m
 [32m✓[39m src/auto-reply/reply.triggers.trigger-handling.stages-inbound-media-into-sandbox-workspace.test.ts [2m([22m[2m1 test[22m[2m)[22m[32m 65[2mms[22m[39m
 [32m✓[39m src/signal/monitor/event-handler.inbound-contract.test.ts [2m([22m[2m1 test[22m[2m)[22m[32m 30[2mms[22m[39m
 [32m✓[39m src/commands/doctor-legacy-config.test.ts [2m([22m[2m6 tests[22m[2m)[22m[32m 31[2mms[22m[39m
 [32m✓[39m src/security/external-content.test.ts [2m([22m[2m28 tests[22m[2m)[22m[32m 27[2mms[22m[39m
 [32m✓[39m src/browser/client.test.ts [2m([22m[2m6 tests[22m[2m)[22m[32m 29[2mms[22m[39m
[90mstdout[2m | src/agents/openclaw-gateway-tool.test.ts[2m > [22m[2mgateway tool[2m > [22m[2mschedules SIGUSR1 restart
[22m[39mgateway tool: restart requested (delayMs=0, reason=none)

 [32m✓[39m src/agents/openclaw-gateway-tool.test.ts [2m([22m[2m4 tests[22m[2m)[22m[32m 54[2mms[22m[39m
 [32m✓[39m src/auto-reply/reply/agent-runner.heartbeat-typing.runreplyagent-typing-heartbeat.signals-typing-normal-runs.test.ts [2m([22m[2m7 tests[22m[2m)[22m[32m 42[2mms[22m[39m
 [32m✓[39m src/agents/tools/discord-actions-presence.test.ts [2m([22m[2m18 tests[22m[2m)[22m[32m 43[2mms[22m[39m
 [32m✓[39m src/commands/onboarding/plugin-install.test.ts [2m([22m[2m5 tests[22m[2m)[22m[32m 55[2mms[22m[39m
 [32m✓[39m src/config/telegram-webhook-secret.test.ts [2m([22m[2m4 tests[22m[2m)[22m[32m 29[2mms[22m[39m
 [32m✓[39m src/web/accounts.whatsapp-auth.test.ts [2m([22m[2m4 tests[22m[2m)[22m[32m 27[2mms[22m[39m
 [32m✓[39m src/agents/tools/web-tools.enabled-defaults.test.ts [2m([22m[2m21 tests[22m[2m)[22m[32m 46[2mms[22m[39m
 [32m✓[39m src/line/flex-templates.test.ts [2m([22m[2m43 tests[22m[2m)[22m[32m 33[2mms[22m[39m
 [32m✓[39m src/commands/sandbox.test.ts [2m([22m[2m19 tests[22m[2m)[22m[32m 58[2mms[22m[39m
 [31m❯[39m src/infra/dotenv.test.ts [2m([22m[2m2 tests[22m[2m | [22m[31m2 failed[39m[2m)[22m[32m 196[2mms[22m[39m
[31m     [31m×[31m loads ~/.gensparx/.env as fallback without overriding CWD .env[39m[32m 109[2mms[22m[39m
[31m     [31m×[31m does not override an already-set env var from the shell[39m[32m 75[2mms[22m[39m
 [32m✓[39m src/agents/pi-embedded-subscribe.subscribe-embedded-pi-session.does-not-call-onblockreplyflush-callback-is-not.test.ts [2m([22m[2m1 test[22m[2m)[22m[32m 30[2mms[22m[39m
 [32m✓[39m src/agents/pi-embedded-subscribe.subscribe-embedded-pi-session.emits-reasoning-as-separate-message-enabled.test.ts [2m([22m[2m5 tests[22m[2m)[22m[32m 30[2mms[22m[39m
(node:95276) [DEP0040] DeprecationWarning: The `punycode` module is deprecated. Please use a userland alternative 
instead.
(Use `node --trace-deprecation ...` to show where the warning was created)
 [32m✓[39m src/media-understanding/providers/openai/audio.test.ts [2m([22m[2m2 tests[22m[2m)[22m[32m 30[2mms[22m[39m
 [32m✓[39m src/agents/pi-embedded-subscribe.subscribe-embedded-pi-session.filters-final-suppresses-output-without-start-tag.test.ts [2m([22m[2m4 tests[22m[2m)[22m[32m 29[2mms[22m[39m
 [32m✓[39m src/media/mime.test.ts [2m([22m[2m11 tests[22m[2m)[22m[32m 40[2mms[22m[39m
 [32m✓[39m src/web/qr-image.test.ts [2m([22m[2m2 tests[22m[2m)[22m[32m 31[2mms[22m[39m
 [32m✓[39m src/infra/unhandled-rejections.fatal-detection.test.ts [2m([22m[2m10 tests[22m[2m)[22m[32m 55[2mms[22m[39m
 [32m✓[39m src/config/plugin-auto-enable.test.ts [2m([22m[2m9 tests[22m[2m)[22m[32m 64[2mms[22m[39m
(node:95276) [DEP0040] DeprecationWarning: The `punycode` module is deprecated. Please use a userland alternative 
instead.
(Use `node --trace-deprecation ...` to show where the warning was created)
 [32m✓[39m src/slack/monitor/message-handler/prepare.sender-prefix.test.ts [2m([22m[2m1 test[22m[2m)[22m[32m 33[2mms[22m[39m
 [32m✓[39m src/media-understanding/runner.deepgram.test.ts [2m([22m[2m1 test[22m[2m)[22m[32m 142[2mms[22m[39m
 [32m✓[39m src/browser/pw-session.test.ts [2m([22m[2m6 tests[22m[2m)[22m[32m 28[2mms[22m[39m
 [32m✓[39m src/agents/pi-embedded-subscribe.subscribe-embedded-pi-session.does-not-emit-duplicate-block-replies-text.test.ts [2m([22m[2m5 tests[22m[2m)[22m[32m 39[2mms[22m[39m
 [32m✓[39m src/agents/openclaw-tools.subagents.sessions-spawn-applies-model-child-session.test.ts [2m([22m[2m4 tests[22m[2m)[22m[32m 37[2mms[22m[39m
 [32m✓[39m src/commands/agent-via-gateway.test.ts [2m([22m[2m3 tests[22m[2m)[22m[32m 22[2mms[22m[39m
 [32m✓[39m src/auto-reply/chunk.test.ts [2m([22m[2m44 tests[22m[2m)[22m[32m 42[2mms[22m[39m
(node:95276) [DEP0040] DeprecationWarning: The `punycode` module is deprecated. Please use a userland alternative 
instead.
(Use `node --trace-deprecation ...` to show where the warning was created)
 [32m✓[39m src/agents/pi-embedded-runner/run/payloads.test.ts [2m([22m[2m12 tests[22m[2m)[22m[32m 31[2mms[22m[39m
[90mstdout[2m | src/web/auto-reply/monitor/process-message.inbound-contract.test.ts[2m > [22m[2mweb processMessage inbound contract[2m > [22m[2mpasses a finalized MsgContext to the dispatcher
[22m[39m[whatsapp] Inbound message 123@g.us -> +15550001111 (group, 55 chars)

 [32m✓[39m src/web/auto-reply/monitor/process-message.inbound-contract.test.ts [2m([22m[2m1 test[22m[2m)[22m[32m 67[2mms[22m[39m
(node:95276) [DEP0040] DeprecationWarning: The `punycode` module is deprecated. Please use a userland alternative 
instead.
(Use `node --trace-deprecation ...` to show where the warning was created)
 [32m✓[39m src/agents/pi-tools.whatsapp-login-gating.test.ts [2m([22m[2m3 tests[22m[2m)[22m[32m 28[2mms[22m[39m
 [32m✓[39m src/agents/tools/browser-tool.test.ts [2m([22m[2m12 tests[22m[2m)[22m[32m 33[2mms[22m[39m
 [32m✓[39m src/auto-reply/reply/typing.test.ts [2m([22m[2m17 tests[22m[2m)[22m[32m 29[2mms[22m[39m
 [32m✓[39m src/commands/onboard-helpers.test.ts [2m([22m[2m9 tests[22m[2m)[22m[32m 16[2mms[22m[39m
 [32m✓[39m src/auto-reply/reply/formatting.test.ts [2m([22m[2m18 tests[22m[2m)[22m[32m 66[2mms[22m[39m
 [32m✓[39m src/tui/gateway-chat.test.ts [2m([22m[2m3 tests[22m[2m)[22m[32m 16[2mms[22m[39m
 [32m✓[39m src/agents/pi-embedded-runner-extraparams.test.ts [2m([22m[2m4 tests[22m[2m)[22m[32m 33[2mms[22m[39m
 [32m✓[39m src/agents/pi-embedded-subscribe.subscribe-embedded-pi-session.does-not-append-text-end-content-is.test.ts [2m([22m[2m3 tests[22m[2m)[22m[32m 61[2mms[22m[39m
 [32m✓[39m src/config/includes.test.ts [2m([22m[2m25 tests[22m[2m)[22m[32m 58[2mms[22m[39m
 [32m✓[39m src/commands/health.snapshot.test.ts [2m([22m[2m6 tests[22m[2m)[22m[32m 33[2mms[22m[39m
 [32m✓[39m src/browser/profiles.test.ts [2m([22m[2m28 tests[22m[2m)[22m[32m 35[2mms[22m[39m
 [32m✓[39m src/agents/openclaw-tools.camera.test.ts [2m([22m[2m3 tests[22m[2m)[22m[32m 35[2mms[22m[39m
 [32m✓[39m src/plugins/voice-call.plugin.test.ts [2m([22m[2m6 tests[22m[2m)[22m[32m 36[2mms[22m[39m
 [32m✓[39m src/infra/restart-sentinel.test.ts [2m([22m[2m3 tests[22m[2m)[22m[32m 34[2mms[22m[39m
 [32m✓[39m src/line/template-messages.test.ts [2m([22m[2m35 tests[22m[2m)[22m[32m 62[2mms[22m[39m
 [32m✓[39m src/agents/session-tool-result-guard.test.ts [2m([22m[2m8 tests[22m[2m)[22m[32m 25[2mms[22m[39m
 [32m✓[39m src/agents/workspace.test.ts [2m([22m[2m3 tests[22m[2m)[22m[32m 47[2mms[22m[39m
(node:95276) [DEP0040] DeprecationWarning: The `punycode` module is deprecated. Please use a userland alternative 
instead.
(Use `node --trace-deprecation ...` to show where the warning was created)
 [32m✓[39m src/slack/monitor/slash.command-arg-menus.test.ts [2m([22m[2m5 tests[22m[2m)[22m[32m 39[2mms[22m[39m
 [32m✓[39m src/media-understanding/providers/deepgram/audio.test.ts [2m([22m[2m2 tests[22m[2m)[22m[32m 28[2mms[22m[39m
 [32m✓[39m src/config/slack-token-validation.test.ts [2m([22m[2m2 tests[22m[2m)[22m[32m 24[2mms[22m[39m
 [32m✓[39m src/config/config.tools-alsoAllow.test.ts [2m([22m[2m3 tests[22m[2m)[22m[32m 22[2mms[22m[39m
 [32m✓[39m src/auto-reply/reply/agent-runner.block-streaming.test.ts [2m([22m[2m1 test[22m[2m)[22m[32m 28[2mms[22m[39m
 [32m✓[39m src/auto-reply/reply/agent-runner.response-usage-footer.test.ts [2m([22m[2m2 tests[22m[2m)[22m[32m 47[2mms[22m[39m
 [32m✓[39m src/agents/pi-embedded-runner/run/images.test.ts [2m([22m[2m24 tests[22m[2m)[22m[32m 27[2mms[22m[39m
(node:95276) [DEP0040] DeprecationWarning: The `punycode` module is deprecated. Please use a userland alternative 
instead.
(Use `node --trace-deprecation ...` to show where the warning was created)
(node:95276) [DEP0040] DeprecationWarning: The `punycode` module is deprecated. Please use a userland alternative 
instead.
(Use `node --trace-deprecation ...` to show where the warning was created)
 [32m✓[39m src/auto-reply/reply/commands-parsing.test.ts [2m([22m[2m8 tests[22m[2m)[22m[32m 53[2mms[22m[39m
 [32m✓[39m src/cli/program.force.test.ts [2m([22m[2m6 tests[22m[2m)[22m[32m 44[2mms[22m[39m
 [32m✓[39m src/agents/skills.summarize-skill-description.test.ts [2m([22m[2m1 test[22m[2m)[22m[32m 29[2mms[22m[39m
(node:95276) [DEP0040] DeprecationWarning: The `punycode` module is deprecated. Please use a userland alternative 
instead.
(Use `node --trace-deprecation ...` to show where the warning was created)
 [32m✓[39m src/agents/system-prompt.test.ts [2m([22m[2m30 tests[22m[2m)[22m[32m 34[2mms[22m[39m
 [32m✓[39m src/channels/plugins/actions/telegram.test.ts [2m([22m[2m6 tests[22m[2m)[22m[32m 43[2mms[22m[39m
[90mstderr[2m | src/logging/console-settings.test.ts[2m > [22m[2mgetConsoleSettings[2m > [22m[2mdoes not 
recurse when loadConfig logs during resolution
[22m[39m2026-02-08T13:20:01.779Z config load failed

 [32m✓[39m src/logging/console-settings.test.ts [2m([22m[2m2 tests[22m[2m)[22m[32m 24[2mms[22m[39m
 [32m✓[39m src/agents/pi-embedded-subscribe.subscribe-embedded-pi-session.keeps-indented-fenced-blocks-intact.test.ts [2m([22m[2m2 tests[22m[2m)[22m[32m 26[2mms[22m[39m
 [32m✓[39m src/agents/pi-embedded-subscribe.reply-tags.test.ts [2m([22m[2m3 tests[22m[2m)[22m[32m 61[2mms[22m[39m
 [32m✓[39m src/agents/pi-embedded-subscribe.subscribe-embedded-pi-session.streams-soft-chunks-paragraph-preference.test.ts [2m([22m[2m2 tests[22m[2m)[22m[32m 32[2mms[22m[39m
 [32m✓[39m src/config/slack-http-config.test.ts [2m([22m[2m4 tests[22m[2m)[22m[32m 27[2mms[22m[39m
 [32m✓[39m src/agents/bootstrap-files.test.ts [2m([22m[2m2 tests[22m[2m)[22m[32m 31[2mms[22m[39m
 [32m✓[39m src/plugins/cli.test.ts [2m([22m[2m1 test[22m[2m)[22m[32m 28[2mms[22m[39m
 [32m✓[39m src/infra/outbound/message-action-runner.threading.test.ts [2m([22m[2m2 tests[22m[2m)[22m[32m 26[2mms[22m[39m
 [32m✓[39m src/slack/actions.read.test.ts [2m([22m[2m2 tests[22m[2m)[22m[32m 136[2mms[22m[39m
 [32m✓[39m src/commands/health.test.ts [2m([22m[2m3 tests[22m[2m)[22m[32m 91[2mms[22m[39m
 [32m✓[39m src/infra/outbound/targets.test.ts [2m([22m[2m15 tests[22m[2m)[22m[32m 23[2mms[22m[39m
 [32m✓[39m src/commands/doctor-security.test.ts [2m([22m[2m4 tests[22m[2m)[22m[32m 28[2mms[22m[39m
 [32m✓[39m src/agents/pi-embedded-subscribe.subscribe-embedded-pi-session.emits-block-replies-text-end-does-not.test.ts [2m([22m[2m2 tests[22m[2m)[22m[32m 36[2mms[22m[39m
 [32m✓[39m src/agents/pi-embedded-subscribe.subscribe-embedded-pi-session.keeps-assistanttexts-final-answer-block-replies-are.test.ts [2m([22m[2m2 tests[22m[2m)[22m[32m 31[2mms[22m[39m
 [32m✓[39m src/agents/pi-embedded-utils.test.ts [2m([22m[2m35 tests[22m[2m)[22m[32m 63[2mms[22m[39m
 [32m✓[39m src/auto-reply/reply/agent-runner.reasoning-tags.test.ts [2m([22m[2m2 tests[22m[2m)[22m[32m 35[2mms[22m[39m
 [32m✓[39m src/slack/monitor/context.test.ts [2m([22m[2m7 tests[22m[2m)[22m[32m 26[2mms[22m[39m
 [32m✓[39m src/agents/openclaw-tools.subagents.sessions-spawn-allows-cross-agent-spawning-configured.test.ts [2m([22m[2m2 tests[22m[2m)[22m[32m 28[2mms[22m[39m
 [32m✓[39m src/agents/pi-embedded-subscribe.subscribe-embedded-pi-session.reopens-fenced-blocks-splitting-inside-them.test.ts [2m([22m[2m2 tests[22m[2m)[22m[32m 28[2mms[22m[39m
 [32m✓[39m src/channels/plugins/actions/signal.test.ts [2m([22m[2m9 tests[22m[2m)[22m[32m 39[2mms[22m[39m
 [32m✓[39m src/commands/models.set.test.ts [2m([22m[2m3 tests[22m[2m)[22m[32m 28[2mms[22m[39m
 [32m✓[39m src/agents/identity-avatar.test.ts [2m([22m[2m4 tests[22m[2m)[22m[32m 45[2mms[22m[39m
(node:95276) [DEP0040] DeprecationWarning: The `punycode` module is deprecated. Please use a userland alternative 
instead.
(Use `node --trace-deprecation ...` to show where the warning was created)
 [32m✓[39m src/config/env-substitution.test.ts [2m([22m[2m31 tests[22m[2m)[22m[32m 34[2mms[22m[39m
 [32m✓[39m src/providers/google-shared.preserves-parameters-type-is-missing.test.ts [2m([22m[2m9 tests[22m[2m)[22m[32m 47[2mms[22m[39m
 [32m✓[39m src/auto-reply/heartbeat.test.ts [2m([22m[2m20 tests[22m[2m)[22m[32m 49[2mms[22m[39m
 [32m✓[39m src/cli/browser-cli-inspect.test.ts [2m([22m[2m2 tests[22m[2m)[22m[32m 40[2mms[22m[39m
 [32m✓[39m src/web/auto-reply/session-snapshot.test.ts [2m([22m[2m1 test[22m[2m)[22m[32m 29[2mms[22m[39m
[90mstderr[2m | src/commands/sessions.test.ts[2m > [22m[2msessionsCommand[2m > [22m[2mrenders a tabular view 
with token percentages
[22m[39m[openclaw] Model "pi:opus" specified without provider. Falling back to "anthropic/pi:opus". Please use 
"anthropic/pi:opus" in your config.

[90mstderr[2m | src/commands/sessions.test.ts[2m > [22m[2msessionsCommand[2m > [22m[2mshows placeholder rows 
when tokens are missing
[22m[39m[openclaw] Model "pi:opus" specified without provider. Falling back to "anthropic/pi:opus". Please use 
"anthropic/pi:opus" in your config.

 [32m✓[39m src/commands/sessions.test.ts [2m([22m[2m2 tests[22m[2m)[22m[32m 26[2mms[22m[39m
 [32m✓[39m src/tui/tui-event-handlers.test.ts [2m([22m[2m10 tests[22m[2m)[22m[32m 45[2mms[22m[39m
 [32m✓[39m src/auto-reply/reply/directive-handling.model.test.ts [2m([22m[2m4 tests[22m[2m)[22m[32m 26[2mms[22m[39m
 [32m✓[39m src/line/webhook.test.ts [2m([22m[2m5 tests[22m[2m)[22m[32m 25[2mms[22m[39m
 [32m✓[39m src/infra/bonjour-discovery.test.ts [2m([22m[2m4 tests[22m[2m)[22m[32m 25[2mms[22m[39m
 [32m✓[39m src/commands/onboard-hooks.test.ts [2m([22m[2m6 tests[22m[2m)[22m[32m 74[2mms[22m[39m
 [32m✓[39m src/line/rich-menu.test.ts [2m([22m[2m20 tests[22m[2m)[22m[32m 22[2mms[22m[39m
 [32m✓[39m src/infra/system-events.test.ts [2m([22m[2m2 tests[22m[2m)[22m[32m 17[2mms[22m[39m
 [32m✓[39m src/cli/profile.test.ts [2m([22m[2m18 tests[22m[2m)[22m[32m 21[2mms[22m[39m
 [32m✓[39m src/agents/model-scan.test.ts [2m([22m[2m2 tests[22m[2m)[22m[32m 22[2mms[22m[39m
 [32m✓[39m src/agents/model-selection.test.ts [2m([22m[2m10 tests[22m[2m)[22m[32m 28[2mms[22m[39m
 [32m✓[39m src/agents/openclaw-tools.subagents.sessions-spawn-prefers-per-agent-subagent-model.test.ts [2m([22m[2m3 tests[22m[2m)[22m[32m 67[2mms[22m[39m
 [32m✓[39m src/media/host.test.ts [2m([22m[2m3 tests[22m[2m)[22m[32m 25[2mms[22m[39m
 [32m✓[39m src/slack/monitor/slash.policy.test.ts [2m([22m[2m6 tests[22m[2m)[22m[32m 50[2mms[22m[39m
 [32m✓[39m src/browser/config.test.ts [2m([22m[2m12 tests[22m[2m)[22m[32m 23[2mms[22m[39m
(node:95276) [DEP0040] DeprecationWarning: The `punycode` module is deprecated. Please use a userland alternative 
instead.
(Use `node --trace-deprecation ...` to show where the warning was created)
 [32m✓[39m src/telegram/audit.test.ts [2m([22m[2m3 tests[22m[2m)[22m[32m 75[2mms[22m[39m
 [32m✓[39m src/auto-reply/reply/agent-runner.claude-cli.test.ts [2m([22m[2m1 test[22m[2m)[22m[32m 22[2mms[22m[39m
 [32m✓[39m src/discord/targets.test.ts [2m([22m[2m11 tests[22m[2m)[22m[32m 45[2mms[22m[39m
 [32m✓[39m src/discord/resolve-channels.test.ts [2m([22m[2m2 tests[22m[2m)[22m[32m 18[2mms[22m[39m
 [32m✓[39m src/media/store.header-ext.test.ts [2m([22m[2m1 test[22m[2m)[22m[32m 30[2mms[22m[39m
 [32m✓[39m src/telegram/update-offset-store.test.ts [2m([22m[2m1 test[22m[2m)[22m[32m 113[2mms[22m[39m
 [32m✓[39m src/infra/runtime-guard.test.ts [2m([22m[2m5 tests[22m[2m)[22m[32m 21[2mms[22m[39m
 [32m✓[39m src/agents/opencode-zen-models.test.ts [2m([22m[2m11 tests[22m[2m)[22m[32m 20[2mms[22m[39m
 [32m✓[39m src/auto-reply/reply/agent-runner.authprofileid-fallback.test.ts [2m([22m[2m1 test[22m[2m)[22m[32m 23[2mms[22m[39m
 [32m✓[39m src/cli/nodes-camera.test.ts [2m([22m[2m5 tests[22m[2m)[22m[32m 39[2mms[22m[39m
 [32m✓[39m src/telegram/bot-native-commands.plugin-auth.test.ts [2m([22m[2m1 test[22m[2m)[22m[32m 23[2mms[22m[39m
 [32m✓[39m src/agents/pi-embedded-helpers.validate-turns.test.ts [2m([22m[2m17 tests[22m[2m)[22m[32m 56[2mms[22m[39m
 [32m✓[39m src/shared/text/reasoning-tags.test.ts [2m([22m[2m39 tests[22m[2m)[22m[32m 56[2mms[22m[39m
 [32m✓[39m src/telegram/token.test.ts [2m([22m[2m6 tests[22m[2m)[22m[32m 20[2mms[22m[39m
 [32m✓[39m src/browser/profiles-service.test.ts [2m([22m[2m4 tests[22m[2m)[22m[32m 32[2mms[22m[39m
 [32m✓[39m src/agents/openclaw-tools.agents.test.ts [2m([22m[2m4 tests[22m[2m)[22m[32m 22[2mms[22m[39m
 [32m✓[39m src/browser/pw-role-snapshot.test.ts [2m([22m[2m7 tests[22m[2m)[22m[32m 24[2mms[22m[39m
 [32m✓[39m src/agents/identity.per-channel-prefix.test.ts [2m([22m[2m23 tests[22m[2m)[22m[32m 25[2mms[22m[39m
 [32m✓[39m src/agents/tools/whatsapp-actions.test.ts [2m([22m[2m5 tests[22m[2m)[22m[32m 18[2mms[22m[39m
 [32m✓[39m src/agents/pi-embedded-subscribe.subscribe-embedded-pi-session.does-not-duplicate-text-end-repeats-full.test.ts [2m([22m[2m2 tests[22m[2m)[22m[32m 23[2mms[22m[39m
 [32m✓[39m src/providers/github-copilot-token.test.ts [2m([22m[2m3 tests[22m[2m)[22m[32m 20[2mms[22m[39m
 [32m✓[39m src/telegram/bot/helpers.test.ts [2m([22m[2m24 tests[22m[2m)[22m[32m 26[2mms[22m[39m
 [32m✓[39m src/agents/auth-profiles/session-override.test.ts [2m([22m[2m1 test[22m[2m)[22m[32m 30[2mms[22m[39m
 [32m✓[39m src/infra/outbound/outbound-session.test.ts [2m([22m[2m7 tests[22m[2m)[22m[32m 20[2mms[22m[39m
 [32m✓[39m src/config/config.telegram-custom-commands.test.ts [2m([22m[2m2 tests[22m[2m)[22m[32m 20[2mms[22m[39m
 [32m✓[39m src/agents/tools/message-tool.test.ts [2m([22m[2m6 tests[22m[2m)[22m[32m 26[2mms[22m[39m
 [32m✓[39m src/cli/argv.test.ts [2m([22m[2m11 tests[22m[2m)[22m[32m 23[2mms[22m[39m
 [32m✓[39m src/providers/qwen-portal-oauth.test.ts [2m([22m[2m3 tests[22m[2m)[22m[32m 50[2mms[22m[39m
 [32m✓[39m src/agents/memory-search.test.ts [2m([22m[2m11 tests[22m[2m)[22m[32m 25[2mms[22m[39m
 [32m✓[39m src/web/inbound.test.ts [2m([22m[2m14 tests[22m[2m)[22m[32m 24[2mms[22m[39m
 [32m✓[39m src/agents/tools/memory-tool.citations.test.ts [2m([22m[2m5 tests[22m[2m)[22m[32m 86[2mms[22m[39m
 [32m✓[39m src/agents/pi-embedded-subscribe.code-span-awareness.test.ts [2m([22m[2m3 tests[22m[2m)[22m[32m 22[2mms[22m[39m
 [32m✓[39m src/channels/plugins/directory-config.test.ts [2m([22m[2m4 tests[22m[2m)[22m[32m 21[2mms[22m[39m
 [32m✓[39m src/routing/resolve-route.test.ts [2m([22m[2m19 tests[22m[2m)[22m[32m 24[2mms[22m[39m
 [32m✓[39m src/auto-reply/model.test.ts [2m([22m[2m21 tests[22m[2m)[22m[32m 22[2mms[22m[39m
 [32m✓[39m src/line/reply-chunks.test.ts [2m([22m[2m3 tests[22m[2m)[22m[32m 20[2mms[22m[39m
 [32m✓[39m src/daemon/constants.test.ts [2m([22m[2m35 tests[22m[2m)[22m[32m 26[2mms[22m[39m
 [32m✓[39m src/agents/sandbox-explain.test.ts [2m([22m[2m4 tests[22m[2m)[22m[32m 18[2mms[22m[39m
[90mstdout[2m | src/web/login-qr.test.ts[2m > [22m[2mlogin-qr[2m > [22m[2mrestarts login once on status 515 and completes
[22m[39mWhatsApp QR received.

[90mstdout[2m | src/web/login-qr.test.ts[2m > [22m[2mlogin-qr[2m > [22m[2mrestarts login once on status 515 and completes
[22m[39mWhatsApp asked for a restart after pairing (code 515); retrying connection once…

[90mstdout[2m | src/web/login-qr.test.ts[2m > [22m[2mlogin-qr[2m > [22m[2mrestarts login once on status 515 and completes
[22m[39m✅ Linked! WhatsApp is ready.

 [32m✓[39m src/web/login-qr.test.ts [2m([22m[2m1 test[22m[2m)[22m[32m 165[2mms[22m[39m
 [32m✓[39m src/agents/pi-extensions/compaction-safeguard.test.ts [2m([22m[2m17 tests[22m[2m)[22m[32m 30[2mms[22m[39m
 [32m✓[39m src/agents/compaction.test.ts [2m([22m[2m7 tests[22m[2m)[22m[32m 34[2mms[22m[39m
 [32m✓[39m src/tui/tui-input-history.test.ts [2m([22m[2m8 tests[22m[2m)[22m[32m 21[2mms[22m[39m
(node:95276) [DEP0040] DeprecationWarning: The `punycode` module is deprecated. Please use a userland alternative 
instead.
(Use `node --trace-deprecation ...` to show where the warning was created)
 [32m✓[39m src/telegram/bot-message-dispatch.test.ts [2m([22m[2m1 test[22m[2m)[22m[32m 23[2mms[22m[39m
 [32m✓[39m src/agents/auth-profiles.resolve-auth-profile-order.uses-stored-profiles-no-config-exists.test.ts [2m([22m[2m7 tests[22m[2m)[22m[32m 17[2mms[22m[39m
(node:95276) [DEP0040] DeprecationWarning: The `punycode` module is deprecated. Please use a userland alternative 
instead.
(Use `node --trace-deprecation ...` to show where the warning was created)
 [32m✓[39m src/line/auto-reply-delivery.test.ts [2m([22m[2m3 tests[22m[2m)[22m[32m 34[2mms[22m[39m
(node:95276) [DEP0040] DeprecationWarning: The `punycode` module is deprecated. Please use a userland alternative 
instead.
(Use `node --trace-deprecation ...` to show where the warning was created)
 [32m✓[39m src/commands/agents.test.ts [2m([22m[2m4 tests[22m[2m)[22m[32m 20[2mms[22m[39m
 [32m✓[39m src/terminal/table.test.ts [2m([22m[2m5 tests[22m[2m)[22m[32m 18[2mms[22m[39m
 [32m✓[39m src/agents/pi-extensions/context-pruning.test.ts [2m([22m[2m11 tests[22m[2m)[22m[32m 47[2mms[22m[39m
(node:95276) [DEP0040] DeprecationWarning: The `punycode` module is deprecated. Please use a userland alternative 
instead.
(Use `node --trace-deprecation ...` to show where the warning was created)
 [32m✓[39m src/commands/auth-choice-options.test.ts [2m([22m[2m11 tests[22m[2m)[22m[32m 15[2mms[22m[39m
 [32m✓[39m src/channels/channel-config.test.ts [2m([22m[2m13 tests[22m[2m)[22m[32m 19[2mms[22m[39m
 [32m✓[39m src/tui/tui-command-handlers.test.ts [2m([22m[2m1 test[22m[2m)[22m[32m 51[2mms[22m[39m
 [32m✓[39m src/line/probe.test.ts [2m([22m[2m2 tests[22m[2m)[22m[32m 75[2mms[22m[39m
(node:95276) [DEP0040] DeprecationWarning: The `punycode` module is deprecated. Please use a userland alternative 
instead.
(Use `node --trace-deprecation ...` to show where the warning was created)
 [32m✓[39m src/telegram/bot-native-commands.test.ts [2m([22m[2m2 tests[22m[2m)[22m[32m 19[2mms[22m[39m
 [32m✓[39m src/globals.test.ts [2m([22m[2m2 tests[22m[2m)[22m[32m 37[2mms[22m[39m
 [32m✓[39m src/agents/tools/common.test.ts [2m([22m[2m11 tests[22m[2m)[22m[32m 16[2mms[22m[39m
 [32m✓[39m src/agents/openclaw-tools.subagents.sessions-spawn-applies-thinking-default.test.ts [2m([22m[2m2 tests[22m[2m)[22m[32m 19[2mms[22m[39m
 [32m✓[39m src/slack/monitor.test.ts [2m([22m[2m15 tests[22m[2m)[22m[32m 18[2mms[22m[39m
 [32m✓[39m src/hooks/gmail-watcher.test.ts [2m([22m[2m1 test[22m[2m)[22m[32m 9[2mms[22m[39m
 [32m✓[39m src/commands/health.command.coverage.test.ts [2m([22m[2m1 test[22m[2m)[22m[32m 36[2mms[22m[39m
 [32m✓[39m src/tui/tui.submit-handler.test.ts [2m([22m[2m4 tests[22m[2m)[22m[32m 16[2mms[22m[39m
 [32m✓[39m src/agents/bedrock-discovery.test.ts [2m([22m[2m5 tests[22m[2m)[22m[32m 21[2mms[22m[39m
 [32m✓[39m src/agents/pi-embedded-runner/model.test.ts [2m([22m[2m6 tests[22m[2m)[22m[32m 31[2mms[22m[39m
 [32m✓[39m src/auto-reply/reply/response-prefix-template.test.ts [2m([22m[2m27 tests[22m[2m)[22m[32m 22[2mms[22m[39m
 [32m✓[39m src/discord/monitor.gateway.test.ts [2m([22m[2m4 tests[22m[2m)[22m[32m 20[2mms[22m[39m
 [32m✓[39m src/infra/heartbeat-visibility.test.ts [2m([22m[2m13 tests[22m[2m)[22m[32m 24[2mms[22m[39m
 [32m✓[39m src/browser/server-context.ensure-tab-available.prefers-last-target.test.ts [2m([22m[2m3 tests[22m[2m)[22m[32m 28[2mms[22m[39m
(node:95276) [DEP0040] DeprecationWarning: The `punycode` module is deprecated. Please use a userland alternative 
instead.
(Use `node --trace-deprecation ...` to show where the warning was created)
 [32m✓[39m src/agents/workspace-templates.test.ts [2m([22m[2m1 test[22m[2m)[22m[32m 18[2mms[22m[39m
 [32m✓[39m src/infra/net/ssrf.pinning.test.ts [2m([22m[2m3 tests[22m[2m)[22m[32m 22[2mms[22m[39m
 [32m✓[39m src/media/parse.test.ts [2m([22m[2m9 tests[22m[2m)[22m[32m 20[2mms[22m[39m
 [32m✓[39m src/commands/model-picker.test.ts [2m([22m[2m7 tests[22m[2m)[22m[32m 20[2mms[22m[39m
 [32m✓[39m src/agents/tool-call-id.test.ts [2m([22m[2m7 tests[22m[2m)[22m[32m 20[2mms[22m[39m
 [32m✓[39m src/auto-reply/tool-meta.test.ts [2m([22m[2m6 tests[22m[2m)[22m[32m 19[2mms[22m[39m
 [32m✓[39m src/agents/pi-embedded-runner.get-dm-history-limit-from-session-key.returns-undefined-sessionkey-is-undefined.test.ts [2m([22m[2m13 tests[22m[2m)[22m[32m 20[2mms[22m[39m
 [32m✓[39m src/commands/daemon-install-helpers.test.ts [2m([22m[2m8 tests[22m[2m)[22m[32m 20[2mms[22m[39m
(node:95276) [DEP0040] DeprecationWarning: The `punycode` module is deprecated. Please use a userland alternative 
instead.
(Use `node --trace-deprecation ...` to show where the warning was created)
 [32m✓[39m src/agents/auth-profiles.resolve-auth-profile-order.does-not-prioritize-lastgood-round-robin-ordering.test.ts [2m([22m[2m10 tests[22m[2m)[22m[32m 21[2mms[22m[39m
 [32m✓[39m src/commands/configure.wizard.test.ts [2m([22m[2m1 test[22m[2m)[22m[32m 24[2mms[22m[39m
 [32m✓[39m src/agents/chutes-oauth.test.ts [2m([22m[2m2 tests[22m[2m)[22m[32m 23[2mms[22m[39m
 [32m✓[39m src/config/ui-seam-color.test.ts [2m([22m[2m3 tests[22m[2m)[22m[32m 18[2mms[22m[39m
 [32m✓[39m src/cron/normalize.test.ts [2m([22m[2m11 tests[22m[2m)[22m[32m 17[2mms[22m[39m
(node:95276) [DEP0040] DeprecationWarning: The `punycode` module is deprecated. Please use a userland alternative 
instead.
(Use `node --trace-deprecation ...` to show where the warning was created)
 [32m✓[39m src/infra/exec-approval-forwarder.test.ts [2m([22m[2m2 tests[22m[2m)[22m[32m 22[2mms[22m[39m
 [32m✓[39m src/macos/relay-smoke.test.ts [2m([22m[2m5 tests[22m[2m)[22m[32m 18[2mms[22m[39m
 [32m✓[39m src/commands/sandbox-formatters.test.ts [2m([22m[2m20 tests[22m[2m)[22m[32m 19[2mms[22m[39m
(node:95276) [DEP0040] DeprecationWarning: The `punycode` module is deprecated. Please use a userland alternative 
instead.
(Use `node --trace-deprecation ...` to show where the warning was created)
 [32m✓[39m src/agents/pi-embedded-helpers.sanitize-session-messages-images.removes-empty-assistant-text-blocks-but-preserves.test.ts [2m([22m[2m6 tests[22m[2m)[22m[32m 17[2mms[22m[39m
 [32m✓[39m src/agents/pi-embedded-runner.limithistoryturns.test.ts [2m([22m[2m9 tests[22m[2m)[22m[32m 17[2mms[22m[39m
(node:95276) [DEP0040] DeprecationWarning: The `punycode` module is deprecated. Please use a userland alternative 
instead.
(Use `node --trace-deprecation ...` to show where the warning was created)
 [32m✓[39m src/auto-reply/thinking.test.ts [2m([22m[2m11 tests[22m[2m)[22m[32m 36[2mms[22m[39m
 [32m✓[39m src/channels/plugins/outbound/telegram.test.ts [2m([22m[2m2 tests[22m[2m)[22m[32m 18[2mms[22m[39m
 [32m✓[39m src/web/auto-reply/monitor/group-gating.test.ts [2m([22m[2m1 test[22m[2m)[22m[32m 17[2mms[22m[39m
 [32m✓[39m src/commands/agents.add.test.ts [2m([22m[2m2 tests[22m[2m)[22m[32m 18[2mms[22m[39m
 [32m✓[39m src/config/config.web-search-provider.test.ts [2m([22m[2m1 test[22m[2m)[22m[32m 18[2mms[22m[39m
 [32m✓[39m src/agents/pi-embedded-block-chunker.test.ts [2m([22m[2m6 tests[22m[2m)[22m[32m 17[2mms[22m[39m
 [32m✓[39m src/auto-reply/reply/history.test.ts [2m([22m[2m7 tests[22m[2m)[22m[32m 20[2mms[22m[39m
 [32m✓[39m src/infra/unhandled-rejections.test.ts [2m([22m[2m19 tests[22m[2m)[22m[32m 18[2mms[22m[39m
 [32m✓[39m src/agents/pi-embedded-helpers.sanitizeuserfacingtext.test.ts [2m([22m[2m7 tests[22m[2m)[22m[32m 22[2mms[22m[39m
 [32m✓[39m src/config/channel-capabilities.test.ts [2m([22m[2m6 tests[22m[2m)[22m[32m 13[2mms[22m[39m
 [32m✓[39m src/agents/skills/bundled-dir.test.ts [2m([22m[2m1 test[22m[2m)[22m[32m 17[2mms[22m[39m
 [32m✓[39m src/channels/typing.test.ts [2m([22m[2m3 tests[22m[2m)[22m[32m 16[2mms[22m[39m
 [32m✓[39m src/infra/outbound/payloads.test.ts [2m([22m[2m5 tests[22m[2m)[22m[32m 21[2mms[22m[39m
 [32m✓[39m src/discord/monitor/exec-approvals.test.ts [2m([22m[2m17 tests[22m[2m)[22m[32m 20[2mms[22m[39m
 [32m✓[39m src/slack/monitor/channel-config.test.ts [2m([22m[2m5 tests[22m[2m)[22m[32m 14[2mms[22m[39m
 [32m✓[39m src/logging/redact.test.ts [2m([22m[2m9 tests[22m[2m)[22m[32m 17[2mms[22m[39m
 [32m✓[39m src/line/accounts.test.ts [2m([22m[2m14 tests[22m[2m)[22m[32m 21[2mms[22m[39m
 [32m✓[39m src/tui/commands.test.ts [2m([22m[2m3 tests[22m[2m)[22m[32m 19[2mms[22m[39m
 [32m✓[39m src/slack/resolve-channels.test.ts [2m([22m[2m2 tests[22m[2m)[22m[32m 11[2mms[22m[39m
(node:95276) [DEP0040] DeprecationWarning: The `punycode` module is deprecated. Please use a userland alternative 
instead.
(Use `node --trace-deprecation ...` to show where the warning was created)
 [32m✓[39m src/config/config.skills-entries-config.test.ts [2m([22m[2m2 tests[22m[2m)[22m[32m 16[2mms[22m[39m
 [32m✓[39m src/cron/cron-protocol-conformance.test.ts [2m([22m[2m2 tests[22m[2m)[22m[32m 83[2mms[22m[39m
 [32m✓[39m src/commands/dashboard.test.ts [2m([22m[2m3 tests[22m[2m)[22m[32m 15[2mms[22m[39m
 [32m✓[39m src/infra/restart.test.ts [2m([22m[2m2 tests[22m[2m)[22m[32m 21[2mms[22m[39m
 [32m✓[39m src/agents/tool-display.test.ts [2m([22m[2m3 tests[22m[2m)[22m[32m 16[2mms[22m[39m
 [32m✓[39m src/daemon/systemd.test.ts [2m([22m[2m10 tests[22m[2m)[22m[32m 17[2mms[22m[39m
 [32m✓[39m src/cli/hooks-cli.test.ts [2m([22m[2m3 tests[22m[2m)[22m[32m 18[2mms[22m[39m
 [32m✓[39m src/discord/monitor/threading.test.ts [2m([22m[2m7 tests[22m[2m)[22m[32m 33[2mms[22m[39m
 [32m✓[39m src/media-understanding/resolve.test.ts [2m([22m[2m6 tests[22m[2m)[22m[32m 18[2mms[22m[39m
 [32m✓[39m src/agents/agent-paths.test.ts [2m([22m[2m2 tests[22m[2m)[22m[32m 40[2mms[22m[39m
 [32m✓[39m src/agents/pi-settings.test.ts [2m([22m[2m4 tests[22m[2m)[22m[32m 17[2mms[22m[39m
 [32m✓[39m src/slack/http/registry.test.ts [2m([22m[2m5 tests[22m[2m)[22m[32m 19[2mms[22m[39m
 [32m✓[39m src/agents/session-transcript-repair.test.ts [2m([22m[2m6 tests[22m[2m)[22m[32m 19[2mms[22m[39m
 [32m✓[39m src/agents/pi-embedded-runner.guard.test.ts [2m([22m[2m1 test[22m[2m)[22m[32m 13[2mms[22m[39m
 [32m✓[39m src/agents/pi-embedded-helpers.messaging-duplicate.test.ts [2m([22m[2m13 tests[22m[2m)[22m[32m 18[2mms[22m[39m
 [32m✓[39m src/agents/agent-scope.test.ts [2m([22m[2m8 tests[22m[2m)[22m[32m 17[2mms[22m[39m
 [32m✓[39m src/web/inbound/access-control.pairing-history.test.ts [2m([22m[2m2 tests[22m[2m)[22m[32m 23[2mms[22m[39m
 [32m✓[39m src/process/spawn-utils.test.ts [2m([22m[2m2 tests[22m[2m)[22m[32m 17[2mms[22m[39m
 [32m✓[39m src/daemon/runtime-paths.test.ts [2m([22m[2m5 tests[22m[2m)[22m[32m 18[2mms[22m[39m
 [32m✓[39m src/browser/chrome.default-browser.test.ts [2m([22m[2m2 tests[22m[2m)[22m[32m 44[2mms[22m[39m
 [32m✓[39m src/agents/tools/sessions-send-tool.gating.test.ts [2m([22m[2m1 test[22m[2m)[22m[32m 17[2mms[22m[39m
 [32m✓[39m src/agents/pi-embedded-helpers.formatassistanterrortext.test.ts [2m([22m[2m7 tests[22m[2m)[22m[32m 16[2mms[22m[39m
 [32m✓[39m src/agents/channel-tools.test.ts [2m([22m[2m1 test[22m[2m)[22m[32m 52[2mms[22m[39m
 [32m✓[39m src/agents/tools/gateway.test.ts [2m([22m[2m2 tests[22m[2m)[22m[32m 16[2mms[22m[39m
 [32m✓[39m src/commands/channels/capabilities.test.ts [2m([22m[2m2 tests[22m[2m)[22m[32m 42[2mms[22m[39m
 [32m✓[39m src/imessage/targets.test.ts [2m([22m[2m10 tests[22m[2m)[22m[32m 25[2mms[22m[39m
 [32m✓[39m src/agents/bash-process-registry.test.ts [2m([22m[2m5 tests[22m[2m)[22m[32m 15[2mms[22m[39m
 [32m✓[39m src/daemon/service-audit.test.ts [2m([22m[2m3 tests[22m[2m)[22m[32m 24[2mms[22m[39m
 [32m✓[39m src/infra/outbound/outbound-policy.test.ts [2m([22m[2m4 tests[22m[2m)[22m[32m 16[2mms[22m[39m
 [32m✓[39m src/whatsapp/normalize.test.ts [2m([22m[2m8 tests[22m[2m)[22m[32m 19[2mms[22m[39m
 [32m✓[39m src/agents/pi-embedded-helpers.buildbootstrapcontextfiles.test.ts [2m([22m[2m4 tests[22m[2m)[22m[32m 16[2mms[22m[39m
 [32m✓[39m src/infra/shell-env.test.ts [2m([22m[2m4 tests[22m[2m)[22m[32m 16[2mms[22m[39m
 [32m✓[39m src/line/send.test.ts [2m([22m[2m9 tests[22m[2m)[22m[32m 16[2mms[22m[39m
 [32m✓[39m src/infra/binaries.test.ts [2m([22m[2m2 tests[22m[2m)[22m[32m 15[2mms[22m[39m
 [32m✓[39m src/agents/cache-trace.test.ts [2m([22m[2m4 tests[22m[2m)[22m[32m 15[2mms[22m[39m
 [32m✓[39m src/cli/browser-cli.test.ts [2m([22m[2m3 tests[22m[2m)[22m[32m 19[2mms[22m[39m
 [32m✓[39m src/agents/tools/sessions-helpers.test.ts [2m([22m[2m3 tests[22m[2m)[22m[32m 18[2mms[22m[39m
 [32m✓[39m src/agents/failover-error.test.ts [2m([22m[2m6 tests[22m[2m)[22m[32m 17[2mms[22m[39m
 [32m✓[39m src/telegram/network-errors.test.ts [2m([22m[2m11 tests[22m[2m)[22m[32m 17[2mms[22m[39m
 [32m✓[39m src/telegram/draft-stream.test.ts [2m([22m[2m3 tests[22m[2m)[22m[32m 15[2mms[22m[39m
 [32m✓[39m src/infra/outbound/target-resolver.test.ts [2m([22m[2m2 tests[22m[2m)[22m[32m 14[2mms[22m[39m
 [32m✓[39m src/agents/sandbox-create-args.test.ts [2m([22m[2m3 tests[22m[2m)[22m[32m 14[2mms[22m[39m
 [32m✓[39m src/slack/client.test.ts [2m([22m[2m3 tests[22m[2m)[22m[32m 24[2mms[22m[39m
 [32m✓[39m src/config/model-alias-defaults.test.ts [2m([22m[2m4 tests[22m[2m)[22m[32m 15[2mms[22m[39m
 [32m✓[39m src/infra/ssh-config.test.ts [2m([22m[2m3 tests[22m[2m)[22m[32m 32[2mms[22m[39m
 [32m✓[39m src/agents/pi-embedded-helpers.stripthoughtsignatures.test.ts [2m([22m[2m6 tests[22m[2m)[22m[32m 17[2mms[22m[39m
 [32m✓[39m src/infra/retry-policy.test.ts [2m([22m[2m1 test[22m[2m)[22m[32m 16[2mms[22m[39m
 [32m✓[39m src/auto-reply/reply/model-selection.inherit-parent.test.ts [2m([22m[2m4 tests[22m[2m)[22m[32m 13[2mms[22m[39m
 [32m✓[39m src/wizard/session.test.ts [2m([22m[2m3 tests[22m[2m)[22m[32m 20[2mms[22m[39m
 [32m✓[39m src/cli/wait.test.ts [2m([22m[2m1 test[22m[2m)[22m[32m 13[2mms[22m[39m
 [32m✓[39m src/acp/session-mapper.test.ts [2m([22m[2m2 tests[22m[2m)[22m[32m 16[2mms[22m[39m
 [32m✓[39m src/telegram/voice.test.ts [2m([22m[2m3 tests[22m[2m)[22m[32m 14[2mms[22m[39m
 [32m✓[39m src/agents/auth-profiles.resolve-auth-profile-order.normalizes-z-ai-aliases-auth-order.test.ts [2m([22m[2m4 tests[22m[2m)[22m[32m 13[2mms[22m[39m
 [32m✓[39m src/hooks/gmail.test.ts [2m([22m[2m8 tests[22m[2m)[22m[32m 19[2mms[22m[39m
 [32m✓[39m src/cron/service.jobs.test.ts [2m([22m[2m3 tests[22m[2m)[22m[32m 15[2mms[22m[39m
 [32m✓[39m src/tui/tui-overlays.test.ts [2m([22m[2m2 tests[22m[2m)[22m[32m 20[2mms[22m[39m
 [32m✓[39m src/web/reconnect.test.ts [2m([22m[2m4 tests[22m[2m)[22m[32m 18[2mms[22m[39m
 [32m✓[39m src/telegram/targets.test.ts [2m([22m[2m11 tests[22m[2m)[22m[32m 20[2mms[22m[39m
 [32m✓[39m src/commands/doctor-platform-notes.launchctl-env-overrides.test.ts [2m([22m[2m3 tests[22m[2m)[22m[32m 19[2mms[22m[39m
 [32m✓[39m src/media-understanding/runner.vision-skip.test.ts [2m([22m[2m1 test[22m[2m)[22m[32m 34[2mms[22m[39m
 [32m✓[39m src/plugins/config-state.test.ts [2m([22m[2m7 tests[22m[2m)[22m[32m 13[2mms[22m[39m
 [32m✓[39m src/agents/model-catalog.test.ts [2m([22m[2m2 tests[22m[2m)[22m[32m 13[2mms[22m[39m
 [32m✓[39m src/slack/targets.test.ts [2m([22m[2m6 tests[22m[2m)[22m[32m 17[2mms[22m[39m
 [32m✓[39m src/pairing/pairing-messages.test.ts [2m([22m[2m5 tests[22m[2m)[22m[32m 19[2mms[22m[39m
 [32m✓[39m src/agents/pi-embedded-helpers.sanitize-session-messages-images.keeps-tool-call-tool-result-ids-unchanged.test.ts [2m([22m[2m3 tests[22m[2m)[22m[32m 24[2mms[22m[39m
 [32m✓[39m src/infra/system-presence.test.ts [2m([22m[2m2 tests[22m[2m)[22m[32m 15[2mms[22m[39m
 [32m✓[39m src/tui/tui-formatters.test.ts [2m([22m[2m8 tests[22m[2m)[22m[32m 14[2mms[22m[39m
 [32m✓[39m src/config/runtime-overrides.test.ts [2m([22m[2m4 tests[22m[2m)[22m[32m 15[2mms[22m[39m
 [32m✓[39m src/polls.test.ts [2m([22m[2m3 tests[22m[2m)[22m[32m 14[2mms[22m[39m
 [32m✓[39m src/utils/delivery-context.test.ts [2m([22m[2m5 tests[22m[2m)[22m[32m 15[2mms[22m[39m
 [32m✓[39m src/telegram/reaction-level.test.ts [2m([22m[2m7 tests[22m[2m)[22m[32m 19[2mms[22m[39m
 [32m✓[39m src/channels/mention-gating.test.ts [2m([22m[2m5 tests[22m[2m)[22m[32m 11[2mms[22m[39m
 [32m✓[39m src/auto-reply/reply/subagents-utils.test.ts [2m([22m[2m5 tests[22m[2m)[22m[32m 16[2mms[22m[39m
 [32m✓[39m src/slack/threading-tool-context.test.ts [2m([22m[2m7 tests[22m[2m)[22m[32m 13[2mms[22m[39m
 [32m✓[39m src/terminal/stream-writer.test.ts [2m([22m[2m2 tests[22m[2m)[22m[32m 62[2mms[22m[39m
 [32m✓[39m src/channels/targets.test.ts [2m([22m[2m4 tests[22m[2m)[22m[32m 15[2mms[22m[39m
 [32m✓[39m src/media-understanding/attachments.ssrf.test.ts [2m([22m[2m1 test[22m[2m)[22m[32m 16[2mms[22m[39m
 [32m✓[39m src/plugins/slots.test.ts [2m([22m[2m4 tests[22m[2m)[22m[32m 42[2mms[22m[39m
 [32m✓[39m src/daemon/program-args.test.ts [2m([22m[2m3 tests[22m[2m)[22m[32m 18[2mms[22m[39m
 [32m✓[39m src/infra/channel-activity.test.ts [2m([22m[2m2 tests[22m[2m)[22m[32m 17[2mms[22m[39m
 [32m✓[39m src/auto-reply/reply/memory-flush.test.ts [2m([22m[2m10 tests[22m[2m)[22m[32m 19[2mms[22m[39m
 [32m✓[39m src/telegram/inline-buttons.test.ts [2m([22m[2m6 tests[22m[2m)[22m[32m 15[2mms[22m[39m
 [32m✓[39m src/telegram/accounts.test.ts [2m([22m[2m4 tests[22m[2m)[22m[32m 14[2mms[22m[39m
 [32m✓[39m src/agents/pi-embedded-runner.resolvesessionagentids.test.ts [2m([22m[2m5 tests[22m[2m)[22m[32m 13[2mms[22m[39m
 [32m✓[39m src/agents/tools/memory-tool.does-not-crash-on-errors.test.ts [2m([22m[2m2 tests[22m[2m)[22m[32m 15[2mms[22m[39m
 [32m✓[39m src/infra/fetch.test.ts [2m([22m[2m2 tests[22m[2m)[22m[32m 13[2mms[22m[39m
 [32m✓[39m src/slack/monitor/thread-resolution.test.ts [2m([22m[2m1 test[22m[2m)[22m[32m 11[2mms[22m[39m
 [32m✓[39m src/auto-reply/reply/mentions.test.ts [2m([22m[2m4 tests[22m[2m)[22m[32m 14[2mms[22m[39m
(node:95276) [DEP0040] DeprecationWarning: The `punycode` module is deprecated. Please use a userland alternative 
instead.
(Use `node --trace-deprecation ...` to show where the warning was created)
 [32m✓[39m src/agents/pi-embedded-helpers.sanitizetoolcallid.test.ts [2m([22m[2m8 tests[22m[2m)[22m[32m 14[2mms[22m[39m
 [32m✓[39m src/docs/slash-commands-doc.test.ts [2m([22m[2m1 test[22m[2m)[22m[32m 17[2mms[22m[39m
 [32m✓[39m src/infra/outbound/agent-delivery.test.ts [2m([22m[2m3 tests[22m[2m)[22m[32m 47[2mms[22m[39m
(node:95276) [DEP0040] DeprecationWarning: The `punycode` module is deprecated. Please use a userland alternative 
instead.
(Use `node --trace-deprecation ...` to show where the warning was created)
 [32m✓[39m src/agents/pi-tools.policy.test.ts [2m([22m[2m4 tests[22m[2m)[22m[32m 12[2mms[22m[39m
 [32m✓[39m src/providers/google-shared.ensures-function-call-comes-after-user-turn.test.ts [2m([22m[2m2 tests[22m[2m)[22m[32m 28[2mms[22m[39m
 [32m✓[39m src/telegram/group-migration.test.ts [2m([22m[2m4 tests[22m[2m)[22m[32m 17[2mms[22m[39m
 [32m✓[39m src/agents/models-config.providers.ollama.test.ts [2m([22m[2m1 test[22m[2m)[22m[32m 13[2mms[22m[39m
 [32m✓[39m src/agents/tool-policy.plugin-only-allowlist.test.ts [2m([22m[2m6 tests[22m[2m)[22m[32m 13[2mms[22m[39m
 [32m✓[39m src/infra/outbound/format.test.ts [2m([22m[2m7 tests[22m[2m)[22m[32m 14[2mms[22m[39m
 [32m✓[39m src/channels/command-gating.test.ts [2m([22m[2m8 tests[22m[2m)[22m[32m 15[2mms[22m[39m
 [32m✓[39m src/agents/pi-embedded-runner/run/attempt.test.ts [2m([22m[2m3 tests[22m[2m)[22m[32m 15[2mms[22m[39m
 [32m✓[39m src/slack/channel-migration.test.ts [2m([22m[2m4 tests[22m[2m)[22m[32m 29[2mms[22m[39m
 [32m✓[39m src/agents/pi-embedded-helpers.ismessagingtoolduplicate.test.ts [2m([22m[2m8 tests[22m[2m)[22m[32m 15[2mms[22m[39m
 [32m✓[39m src/agents/tools/web-search.test.ts [2m([22m[2m12 tests[22m[2m)[22m[32m 17[2mms[22m[39m
 [32m✓[39m src/cli/parse-duration.test.ts [2m([22m[2m6 tests[22m[2m)[22m[32m 12[2mms[22m[39m
 [32m✓[39m src/agents/context-window-guard.test.ts [2m([22m[2m9 tests[22m[2m)[22m[32m 20[2mms[22m[39m
 [32m✓[39m src/channels/registry.test.ts [2m([22m[2m4 tests[22m[2m)[22m[32m 12[2mms[22m[39m
 [32m✓[39m src/telegram/proxy.test.ts [2m([22m[2m1 test[22m[2m)[22m[32m 16[2mms[22m[39m
 [32m✓[39m src/discord/gateway-logging.test.ts [2m([22m[2m3 tests[22m[2m)[22m[32m 17[2mms[22m[39m
 [32m✓[39m src/infra/agent-events.test.ts [2m([22m[2m3 tests[22m[2m)[22m[32m 11[2mms[22m[39m
 [32m✓[39m src/utils/usage-format.test.ts [2m([22m[2m3 tests[22m[2m)[22m[32m 12[2mms[22m[39m
 [32m✓[39m src/daemon/paths.test.ts [2m([22m[2m6 tests[22m[2m)[22m[32m 13[2mms[22m[39m
 [32m✓[39m src/infra/update-check.test.ts [2m([22m[2m2 tests[22m[2m)[22m[32m 13[2mms[22m[39m
 [32m✓[39m src/agents/sandbox/tool-policy.test.ts [2m([22m[2m3 tests[22m[2m)[22m[32m 14[2mms[22m[39m
 [32m✓[39m src/infra/state-migrations.fs.test.ts [2m([22m[2m1 test[22m[2m)[22m[32m 18[2mms[22m[39m
 [32m✓[39m src/channels/plugins/normalize/imessage.test.ts [2m([22m[2m2 tests[22m[2m)[22m[32m 9[2mms[22m[39m
 [32m✓[39m src/agents/session-slug.test.ts [2m([22m[2m3 tests[22m[2m)[22m[32m 27[2mms[22m[39m
(node:95276) [DEP0040] DeprecationWarning: The `punycode` module is deprecated. Please use a userland alternative 
instead.
(Use `node --trace-deprecation ...` to show where the warning was created)
(node:95276) [DEP0040] DeprecationWarning: The `punycode` module is deprecated. Please use a userland alternative 
instead.
(Use `node --trace-deprecation ...` to show where the warning was created)
 [32m✓[39m src/discord/monitor/allow-list.test.ts [2m([22m[2m4 tests[22m[2m)[22m[32m 13[2mms[22m[39m
 [32m✓[39m src/auto-reply/reply/agent-runner-utils.test.ts [2m([22m[2m6 tests[22m[2m)[22m[32m 15[2mms[22m[39m
 [32m✓[39m src/tui/tui-local-shell.test.ts [2m([22m[2m1 test[22m[2m)[22m[32m 12[2mms[22m[39m
 [32m✓[39m src/link-understanding/detect.test.ts [2m([22m[2m4 tests[22m[2m)[22m[32m 13[2mms[22m[39m
 [32m✓[39m src/telegram/sent-message-cache.test.ts [2m([22m[2m3 tests[22m[2m)[22m[32m 11[2mms[22m[39m
 [32m✓[39m src/web/accounts.test.ts [2m([22m[2m4 tests[22m[2m)[22m[32m 18[2mms[22m[39m
 [32m✓[39m src/telegram/draft-chunking.test.ts [2m([22m[2m3 tests[22m[2m)[22m[32m 13[2mms[22m[39m
 [32m✓[39m src/agents/pi-embedded-runner.applygoogleturnorderingfix.test.ts [2m([22m[2m2 tests[22m[2m)[22m[32m 16[2mms[22m[39m
 [32m✓[39m src/agents/pi-embedded-runner.get-dm-history-limit-from-session-key.falls-back-provider-default-per-dm-not.test.ts [2m([22m[2m5 tests[22m[2m)[22m[32m 16[2mms[22m[39m
(node:95276) [DEP0040] DeprecationWarning: The `punycode` module is deprecated. Please use a userland alternative 
instead.
(Use `node --trace-deprecation ...` to show where the warning was created)
 [32m✓[39m src/signal/monitor.test.ts [2m([22m[2m6 tests[22m[2m)[22m[32m 11[2mms[22m[39m
 [32m✓[39m src/channels/sender-identity.test.ts [2m([22m[2m3 tests[22m[2m)[22m[32m 12[2mms[22m[39m
 [32m✓[39m src/media-understanding/format.test.ts [2m([22m[2m5 tests[22m[2m)[22m[32m 13[2mms[22m[39m
 [32m✓[39m src/auto-reply/media-note.test.ts [2m([22m[2m5 tests[22m[2m)[22m[32m 13[2mms[22m[39m
 [32m✓[39m src/agents/pi-embedded-helpers.isautherrormessage.test.ts [2m([22m[2m3 tests[22m[2m)[22m[32m 13[2mms[22m[39m
(node:95276) [DEP0040] DeprecationWarning: The `punycode` module is deprecated. Please use a userland alternative 
instead.
(Use `node --trace-deprecation ...` to show where the warning was created)
 [32m✓[39m src/index.test.ts [2m([22m[2m6 tests[22m[2m)[22m[32m 33[2mms[22m[39m
 [32m✓[39m src/discord/pluralkit.test.ts [2m([22m[2m3 tests[22m[2m)[22m[32m 20[2mms[22m[39m
 [32m✓[39m src/agents/tools/sessions-list-tool.gating.test.ts [2m([22m[2m1 test[22m[2m)[22m[32m 12[2mms[22m[39m
 [32m✓[39m src/infra/diagnostic-flags.test.ts [2m([22m[2m3 tests[22m[2m)[22m[32m 12[2mms[22m[39m
 [32m✓[39m src/agents/pi-embedded-helpers.isfailovererrormessage.test.ts [2m([22m[2m1 test[22m[2m)[22m[32m 14[2mms[22m[39m
 [32m✓[39m src/agents/usage.test.ts [2m([22m[2m4 tests[22m[2m)[22m[32m 12[2mms[22m[39m
 [32m✓[39m src/agents/tool-policy.test.ts [2m([22m[2m3 tests[22m[2m)[22m[32m 16[2mms[22m[39m
 [32m✓[39m src/commands/opencode-zen-model-default.test.ts [2m([22m[2m5 tests[22m[2m)[22m[32m 14[2mms[22m[39m
 [32m✓[39m src/node-host/runner.test.ts [2m([22m[2m3 tests[22m[2m)[22m[32m 13[2mms[22m[39m
 [32m✓[39m src/plugin-sdk/index.test.ts [2m([22m[2m1 test[22m[2m)[22m[32m 13[2mms[22m[39m
 [32m✓[39m src/daemon/systemd-availability.test.ts [2m([22m[2m2 tests[22m[2m)[22m[32m 13[2mms[22m[39m
 [32m✓[39m src/utils/boolean.test.ts [2m([22m[2m4 tests[22m[2m)[22m[32m 11[2mms[22m[39m
 [32m✓[39m src/agents/pi-embedded-helpers.normalizetextforcomparison.test.ts [2m([22m[2m5 tests[22m[2m)[22m[32m 11[2mms[22m[39m
 [32m✓[39m src/agents/pi-embedded-helpers.downgradeopenai-reasoning.test.ts [2m([22m[2m4 tests[22m[2m)[22m[32m 11[2mms[22m[39m
 [32m✓[39m src/discord/monitor/gateway-registry.test.ts [2m([22m[2m5 tests[22m[2m)[22m[32m 13[2mms[22m[39m
 [32m✓[39m src/cli/nodes-screen.test.ts [2m([22m[2m3 tests[22m[2m)[22m[32m 14[2mms[22m[39m
 [32m✓[39m src/commands/channels.surfaces-signal-runtime-errors-channels-status-output.test.ts [2m([22m[2m2 tests[22m[2m)[22m[32m 18[2mms[22m[39m
 [32m✓[39m src/web/auto-reply/mentions.test.ts [2m([22m[2m3 tests[22m[2m)[22m[32m 13[2mms[22m[39m
 [32m✓[39m src/agents/pty-keys.test.ts [2m([22m[2m3 tests[22m[2m)[22m[32m 16[2mms[22m[39m
 [32m✓[39m src/telegram/network-config.test.ts [2m([22m[2m5 tests[22m[2m)[22m[32m 12[2mms[22m[39m
 [32m✓[39m src/channels/location.test.ts [2m([22m[2m4 tests[22m[2m)[22m[32m 15[2mms[22m[39m
 [32m✓[39m src/channels/plugins/normalize/signal.test.ts [2m([22m[2m5 tests[22m[2m)[22m[32m 13[2mms[22m[39m
 [32m✓[39m src/infra/env.test.ts [2m([22m[2m4 tests[22m[2m)[22m[32m 14[2mms[22m[39m
 [32m✓[39m src/imessage/probe.test.ts [2m([22m[2m1 test[22m[2m)[22m[32m 16[2mms[22m[39m
 [32m✓[39m src/infra/is-main.test.ts [2m([22m[2m3 tests[22m[2m)[22m[32m 12[2mms[22m[39m
 [32m✓[39m src/discord/probe.intents.test.ts [2m([22m[2m4 tests[22m[2m)[22m[32m 14[2mms[22m[39m
 [32m✓[39m src/signal/daemon.test.ts [2m([22m[2m4 tests[22m[2m)[22m[32m 30[2mms[22m[39m
 [32m✓[39m src/infra/node-shell.test.ts [2m([22m[2m4 tests[22m[2m)[22m[32m 35[2mms[22m[39m
 [32m✓[39m src/agents/pi-embedded-helpers.iscontextoverflowerror.test.ts [2m([22m[2m4 tests[22m[2m)[22m[32m 17[2mms[22m[39m
 [32m✓[39m src/infra/outbound/envelope.test.ts [2m([22m[2m4 tests[22m[2m)[22m[32m 13[2mms[22m[39m
 [32m✓[39m src/commands/google-gemini-model-default.test.ts [2m([22m[2m3 tests[22m[2m)[22m[32m 41[2mms[22m[39m
 [32m✓[39m src/config/config-paths.test.ts [2m([22m[2m2 tests[22m[2m)[22m[32m 23[2mms[22m[39m
 [32m✓[39m src/agents/pi-embedded-helpers.formatrawassistanterrorforui.test.ts [2m([22m[2m3 tests[22m[2m)[22m[32m 12[2mms[22m[39m
 [32m✓[39m src/slack/threading.test.ts [2m([22m[2m5 tests[22m[2m)[22m[32m 11[2mms[22m[39m
 [32m✓[39m src/tui/tui-stream-assembler.test.ts [2m([22m[2m4 tests[22m[2m)[22m[32m 13[2mms[22m[39m
 [32m✓[39m src/tui/tui-session-actions.test.ts [2m([22m[2m1 test[22m[2m)[22m[32m 13[2mms[22m[39m
 [32m✓[39m src/auto-reply/reply/normalize-reply.test.ts [2m([22m[2m3 tests[22m[2m)[22m[32m 12[2mms[22m[39m
 [32m✓[39m src/cli/nodes-canvas.test.ts [2m([22m[2m2 tests[22m[2m)[22m[32m 11[2mms[22m[39m
 [32m✓[39m src/channels/conversation-label.test.ts [2m([22m[2m5 tests[22m[2m)[22m[32m 13[2mms[22m[39m
 [32m✓[39m src/config/commands.test.ts [2m([22m[2m2 tests[22m[2m)[22m[32m 10[2mms[22m[39m
 [32m✓[39m src/cli/progress.test.ts [2m([22m[2m2 tests[22m[2m)[22m[32m 15[2mms[22m[39m
 [32m✓[39m src/infra/ssh-tunnel.test.ts [2m([22m[2m3 tests[22m[2m)[22m[32m 12[2mms[22m[39m
 [32m✓[39m src/telegram/bot-message.test.ts [2m([22m[2m2 tests[22m[2m)[22m[32m 12[2mms[22m[39m
 [32m✓[39m src/line/signature.test.ts [2m([22m[2m3 tests[22m[2m)[22m[32m 13[2mms[22m[39m
 [32m✓[39m src/acp/session.test.ts [2m([22m[2m1 test[22m[2m)[22m[32m 19[2mms[22m[39m
 [32m✓[39m src/discord/token.test.ts [2m([22m[2m3 tests[22m[2m)[22m[32m 18[2mms[22m[39m
 [32m✓[39m src/agents/identity-file.test.ts [2m([22m[2m2 tests[22m[2m)[22m[32m 13[2mms[22m[39m
 [32m✓[39m src/infra/dedupe.test.ts [2m([22m[2m4 tests[22m[2m)[22m[32m 13[2mms[22m[39m
 [32m✓[39m src/browser/target-id.test.ts [2m([22m[2m4 tests[22m[2m)[22m[32m 16[2mms[22m[39m
 [32m✓[39m src/infra/tailnet.test.ts [2m([22m[2m1 test[22m[2m)[22m[32m 12[2mms[22m[39m
 [32m✓[39m src/hooks/bundled/soul-evil/handler.test.ts [2m([22m[2m1 test[22m[2m)[22m[32m 88[2mms[22m[39m
 [32m✓[39m src/channels/plugins/slack.actions.test.ts [2m([22m[2m1 test[22m[2m)[22m[32m 13[2mms[22m[39m
(node:95276) [DEP0040] DeprecationWarning: The `punycode` module is deprecated. Please use a userland alternative 
instead.
(Use `node --trace-deprecation ...` to show where the warning was created)
 [32m✓[39m src/logging/console-prefix.test.ts [2m([22m[2m5 tests[22m[2m)[22m[32m 12[2mms[22m[39m
 [32m✓[39m src/wizard/onboarding.gateway-config.test.ts [2m([22m[2m1 test[22m[2m)[22m[32m 11[2mms[22m[39m
 [32m✓[39m src/agents/pty-dsr.test.ts [2m([22m[2m2 tests[22m[2m)[22m[32m 25[2mms[22m[39m
 [32m✓[39m src/agents/tool-policy.conformance.test.ts [2m([22m[2m2 tests[22m[2m)[22m[32m 11[2mms[22m[39m
 [32m✓[39m src/infra/widearea-dns.test.ts [2m([22m[2m2 tests[22m[2m)[22m[32m 10[2mms[22m[39m
 [32m✓[39m src/agents/auth-profiles.resolve-auth-profile-order.orders-by-lastused-no-explicit-order-exists.test.ts [2m([22m[2m2 tests[22m[2m)[22m[32m 12[2mms[22m[39m
 [32m✓[39m src/agents/pi-embedded-helpers.sanitizesessionmessagesimages-thought-signature-stripping.test.ts [2m([22m[2m1 test[22m[2m)[22m[32m 12[2mms[22m[39m
 [32m✓[39m src/agents/pi-embedded-helpers.classifyfailoverreason.test.ts [2m([22m[2m2 tests[22m[2m)[22m[32m 11[2mms[22m[39m
 [32m✓[39m src/channels/plugins/index.test.ts [2m([22m[2m1 test[22m[2m)[22m[32m 10[2mms[22m[39m
 [32m✓[39m src/utils/message-channel.test.ts [2m([22m[2m2 tests[22m[2m)[22m[32m 26[2mms[22m[39m
 [32m✓[39m src/daemon/systemd-unit.test.ts [2m([22m[2m3 tests[22m[2m)[22m[32m 11[2mms[22m[39m
 [32m✓[39m src/tui/tui-waiting.test.ts [2m([22m[2m2 tests[22m[2m)[22m[32m 25[2mms[22m[39m
 [32m✓[39m src/acp/event-mapper.test.ts [2m([22m[2m2 tests[22m[2m)[22m[32m 11[2mms[22m[39m
 [32m✓[39m src/infra/diagnostic-events.test.ts [2m([22m[2m2 tests[22m[2m)[22m[32m 10[2mms[22m[39m
 [32m✓[39m src/sessions/send-policy.test.ts [2m([22m[2m4 tests[22m[2m)[22m[32m 15[2mms[22m[39m
 [32m✓[39m src/logging/parse-log-line.test.ts [2m([22m[2m3 tests[22m[2m)[22m[32m 13[2mms[22m[39m
 [32m✓[39m src/commands/openai-codex-model-default.test.ts [2m([22m[2m4 tests[22m[2m)[22m[32m 14[2mms[22m[39m
 [32m✓[39m src/browser/routes/utils.test.ts [2m([22m[2m3 tests[22m[2m)[22m[32m 10[2mms[22m[39m
 [32m✓[39m src/browser/cdp.helpers.test.ts [2m([22m[2m4 tests[22m[2m)[22m[32m 13[2mms[22m[39m
 [32m✓[39m src/agents/pi-embedded-helpers.isbillingerrormessage.test.ts [2m([22m[2m2 tests[22m[2m)[22m[32m 21[2mms[22m[39m
 [32m✓[39m src/agents/pi-embedded-helpers.islikelycontextoverflowerror.test.ts [2m([22m[2m2 tests[22m[2m)[22m[32m 22[2mms[22m[39m
(node:95276) [DEP0040] DeprecationWarning: The `punycode` module is deprecated. Please use a userland alternative 
instead.
(Use `node --trace-deprecation ...` to show where the warning was created)
 [32m✓[39m src/commands/health-format.test.ts [2m([22m[2m2 tests[22m[2m)[22m[32m 9[2mms[22m[39m
(node:95276) [DEP0040] DeprecationWarning: The `punycode` module is deprecated. Please use a userland alternative 
instead.
(Use `node --trace-deprecation ...` to show where the warning was created)
 [32m✓[39m src/agents/bootstrap-hooks.test.ts [2m([22m[2m1 test[22m[2m)[22m[32m 11[2mms[22m[39m
 [32m✓[39m src/cli/run-main.test.ts [2m([22m[2m4 tests[22m[2m)[22m[32m 12[2mms[22m[39m
 [32m✓[39m src/media-understanding/scope.test.ts [2m([22m[2m2 tests[22m[2m)[22m[32m 37[2mms[22m[39m
 [32m✓[39m src/signal/probe.test.ts [2m([22m[2m2 tests[22m[2m)[22m[32m 11[2mms[22m[39m
 [32m✓[39m src/config/sessions/metadata.test.ts [2m([22m[2m1 test[22m[2m)[22m[32m 38[2mms[22m[39m
 [32m✓[39m src/agents/pi-embedded-helpers.iscloudcodeassistformaterror.test.ts [2m([22m[2m2 tests[22m[2m)[22m[32m 12[2mms[22m[39m
 [32m✓[39m src/commands/configure.gateway.test.ts [2m([22m[2m1 test[22m[2m)[22m[32m 10[2mms[22m[39m
 [32m✓[39m src/channels/plugins/config-writes.test.ts [2m([22m[2m4 tests[22m[2m)[22m[32m 12[2mms[22m[39m
 [32m✓[39m src/channels/web/index.test.ts [2m([22m[2m1 test[22m[2m)[22m[32m 13[2mms[22m[39m
 [32m✓[39m src/agents/shell-utils.test.ts [2m([22m[2m1 test[22m[2m)[22m[32m 10[2mms[22m[39m
(node:95276) [DEP0040] DeprecationWarning: The `punycode` module is deprecated. Please use a userland alternative 
instead.
(Use `node --trace-deprecation ...` to show where the warning was created)
 [32m✓[39m src/cli/prompt.test.ts [2m([22m[2m2 tests[22m[2m)[22m[32m 29[2mms[22m[39m
 [32m✓[39m src/commands/doctor-workspace.test.ts [2m([22m[2m1 test[22m[2m)[22m[32m 9[2mms[22m[39m
 [32m✓[39m src/channels/plugins/load.test.ts [2m([22m[2m2 tests[22m[2m)[22m[32m 12[2mms[22m[39m
 [32m✓[39m src/agents/skills.resolveskillspromptforrun.test.ts [2m([22m[2m2 tests[22m[2m)[22m[32m 22[2mms[22m[39m
 [32m✓[39m src/agents/pi-embedded-runner.buildembeddedsandboxinfo.test.ts [2m([22m[2m3 tests[22m[2m)[22m[32m 17[2mms[22m[39m
 [32m✓[39m src/channels/chat-type.test.ts [2m([22m[2m2 tests[22m[2m)[22m[32m 44[2mms[22m[39m
 [32m✓[39m src/infra/tls/fingerprint.test.ts [2m([22m[2m1 test[22m[2m)[22m[32m 15[2mms[22m[39m
 [32m✓[39m src/discord/monitor/presence-cache.test.ts [2m([22m[2m2 tests[22m[2m)[22m[32m 12[2mms[22m[39m
 [32m✓[39m src/agents/identity.test.ts [2m([22m[2m2 tests[22m[2m)[22m[32m 20[2mms[22m[39m
 [32m✓[39m src/agents/skills/frontmatter.test.ts [2m([22m[2m2 tests[22m[2m)[22m[32m 11[2mms[22m[39m
 [32m✓[39m src/commands/configure.gateway-auth.test.ts [2m([22m[2m3 tests[22m[2m)[22m[32m 11[2mms[22m[39m
 [32m✓[39m src/agents/pi-embedded-helpers.resolvebootstrapmaxchars.test.ts [2m([22m[2m3 tests[22m[2m)[22m[32m 11[2mms[22m[39m
 [32m✓[39m src/agents/auth-profiles.auth-profile-cooldowns.test.ts [2m([22m[2m1 test[22m[2m)[22m[32m 9[2mms[22m[39m
 [32m✓[39m src/agents/model-compat.test.ts [2m([22m[2m3 tests[22m[2m)[22m[32m 11[2mms[22m[39m
(node:95276) [DEP0040] DeprecationWarning: The `punycode` module is deprecated. Please use a userland alternative 
instead.
(Use `node --trace-deprecation ...` to show where the warning was created)
 [32m✓[39m src/infra/shell-env.path.test.ts [2m([22m[2m3 tests[22m[2m)[22m[32m 9[2mms[22m[39m
 [32m✓[39m src/agents/pi-embedded-helpers.sanitizegoogleturnordering.test.ts [2m([22m[2m2 tests[22m[2m)[22m[32m 12[2mms[22m[39m
 [32m✓[39m src/agents/pi-embedded-helpers.image-size-error.test.ts [2m([22m[2m2 tests[22m[2m)[22m[32m 13[2mms[22m[39m
 [32m✓[39m src/agents/pi-embedded-helpers.iscompactionfailureerror.test.ts [2m([22m[2m2 tests[22m[2m)[22m[32m 12[2mms[22m[39m
 [32m✓[39m src/tui/tui.test.ts [2m([22m[2m2 tests[22m[2m)[22m[32m 9[2mms[22m[39m
